<html>
<body>
<pre>
<h1>礦ision Build Log</h1>
<h2>Tool Versions:</h2>
IDE-Version: μVision V5.28.0.0
Copyright (C) 2019 ARM Ltd and ARM Germany GmbH. All rights reserved.
License Information: S S, S, LIC=76FRA-1WCF3-G7GR6-DR11Z-0HQE9-QB8G1
 
Tool Versions:
Toolchain:       MDK-ARM Plus  Version: 5.28.0.0
Toolchain Path:  D:\Software\keil\Keil_v5\ARM\ARMCC\Bin
C Compiler:      Armcc.exe V5.06 update 6 (build 750)
Assembler:       Armasm.exe V5.06 update 6 (build 750)
Linker/Locator:  ArmLink.exe V5.06 update 6 (build 750)
Library Manager: ArmAr.exe V5.06 update 6 (build 750)
Hex Converter:   FromElf.exe V5.06 update 6 (build 750)
CPU DLL:         SARMCM3.DLL V5.28.0.0
Dialog DLL:      DCM.DLL V1.17.3.0
Target DLL:      Segger\JL2CM3.dll V2.99.36.0
Dialog DLL:      TCM.DLL V1.36.2.0
 
<h2>Project:</h2>
D:\document\STM32projects\G4\SmartLock\Project\RVMDK（uv4）\Fire_RT-Thread.uvprojx
Project File Date:  04/12/2020

<h2>Output:</h2>
*** Using Compiler 'V5.06 update 6 (build 750)', folder: 'D:\Software\keil\Keil_v5\ARM\ARMCC\Bin'
Rebuild target 'Fire_RT-Thread'
assembling startup_stm32f10x_hd.s...
compiling core_cm3.c...
compiling misc.c...
compiling system_stm32f10x.c...
compiling stm32f10x_bkp.c...
compiling stm32f10x_cec.c...
compiling stm32f10x_adc.c...
compiling stm32f10x_can.c...
compiling stm32f10x_crc.c...
compiling stm32f10x_dbgmcu.c...
compiling stm32f10x_dac.c...
compiling stm32f10x_exti.c...
compiling stm32f10x_dma.c...
compiling stm32f10x_gpio.c...
compiling stm32f10x_fsmc.c...
compiling stm32f10x_flash.c...
compiling stm32f10x_iwdg.c...
compiling stm32f10x_i2c.c...
compiling stm32f10x_pwr.c...
compiling stm32f10x_rtc.c...
compiling stm32f10x_spi.c...
compiling stm32f10x_rcc.c...
compiling stm32f10x_sdio.c...
compiling stm32f10x_wwdg.c...
compiling stm32f10x_it.c...
compiling bsp_led.c...
compiling stm32f10x_usart.c...
compiling stm32f10x_tim.c...
compiling board.c...
compiling main.c...
compiling bsp_key.c...
compiling beep.c...
compiling bsp_usart.c...
compiling timer.c...
compiling usart2.c...
compiling as608.c...
compiling sys.c...
compiling clock.c...
compiling components.c...
compiling delay.c...
compiling device.c...
compiling bsp_spi_flash.c...
compiling idle.c...
compiling Key.c...
compiling Handle_AS608.c...
compiling Handle_code.c...
compiling irq.c...
compiling Handle_flash.c...
compiling ipc.c...
compiling mem.c...
compiling kservice.c...
compiling memheap.c...
compiling mempool.c...
compiling object.c...
compiling scheduler.c...
compiling signal.c...
assembling context_rvds.S...
compiling thread.c...
compiling timer.c...
compiling cpuport.c...
compiling cc936.c...
compiling ff.c...
compiling diskio.c...
compiling cJSON.c...
..\..\User\Bsp\cJSON\cJSON.c(69): warning:  #42-D: operand types are incompatible ("void *(*)(size_t)" and "void *(*)(rt_size_t)")
  	cJSON_malloc = (hooks->malloc_fn)?hooks->malloc_fn:rt_malloc;
..\..\User\Bsp\cJSON\cJSON.c(69): warning:  #513-D: a value of type "void *(*)(size_t)" cannot be assigned to an entity of type "void *(*)(rt_size_t)"
  	cJSON_malloc = (hooks->malloc_fn)?hooks->malloc_fn:rt_malloc;
..\..\User\Bsp\cJSON\cJSON.c(279): warning:  #1293-D: assignment in condition
  	ptr=str;while ((token=*ptr) && ++len) {if (strchr("\"\\\b\f\n\r\t",token)) len++; else if (token<32) len+=5;ptr++;}
..\..\User\Bsp\cJSON\cJSON.c: 3 warnings, 0 errors
compiling handle.c...
..\..\User\Bsp\handle\handle.c(35): warning:  #177-D: variable "sendTemp"  was declared but never referenced
  	char sendTemp[128];
..\..\User\Bsp\handle\handle.c(90): warning:  #177-D: variable "sendTemp"  was declared but never referenced
  	char sendTemp[128];
..\..\User\Bsp\handle\handle.c: 2 warnings, 0 errors
compiling SM4.c...
..\..\User\Bsp\SM4\SM4.c(67): warning:  #940-D: missing return statement at end of non-void function "SM4_t" 
  }
..\..\User\Bsp\SM4\SM4.c: 1 warning, 0 errors
compiling G4.c...
compiling web.c...
..\..\User\Bsp\web\web.c(255): warning:  #111-D: statement is unreachable
  		signal=0x02;//成功连接服务器
..\..\User\Bsp\web\web.c(117): warning:  #177-D: variable "res"  was declared but never referenced
  	int32_t res;
..\..\User\Bsp\web\web.c(120): warning:  #177-D: variable "timeOut"  was declared but never referenced
  	uint16_t timeOut=0;//连接超时标志
..\..\User\Bsp\web\web.c(121): warning:  #177-D: variable "i"  was declared but never referenced
  	uint16_t i,j;
..\..\User\Bsp\web\web.c(121): warning:  #177-D: variable "j"  was declared but never referenced
  	uint16_t i,j;
..\..\User\Bsp\web\web.c(174): warning:  #177-D: label "connect"  was declared but never referenced
  		connect:
..\..\User\Bsp\web\web.c: 6 warnings, 0 errors
compiling MD5.c...
compiling as60test.c...
compiling lock.c...
compiling as60.c...
compiling play.c...
compiling myaes.c...
compiling AES.c...
compiling base64.c...
compiling CRC.c...
..\..\User\Bsp\CRC\CRC.c(107): warning:  #1-D: last line of file ends without a newline
  }
..\..\User\Bsp\CRC\CRC.c: 1 warning, 0 errors
compiling newweb.c...
linking...
Program Size: Code=61244 RO-data=178428 RW-data=4936 ZI-data=23920  
FromELF: creating hex file...
"..\..\Output\Fire_RT-Thread.axf" - 0 Error(s), 13 Warning(s).

<h2>Software Packages used:</h2>

Package Vendor: Keil
                http://www.keil.com/pack/Keil.STM32F1xx_DFP.2.1.0.pack
                Keil.STM32F1xx_DFP.2.1.0
                STMicroelectronics STM32F1 Series Device Support, Drivers and Examples

<h2>Collection of Component include folders:</h2>
  .\RTE\_Fire_RT-Thread
  D:\Software\keil\Arm\Packs\Keil\STM32F1xx_DFP\2.1.0\Device\Include

<h2>Collection of Component Files used:</h2>
Build Time Elapsed:  00:00:11
</pre>
</body>
</html>
