<html>
<body>
<pre>
<h1>µVision Build Log</h1>
<h2>Tool Versions:</h2>
IDE-Version: ¦ÌVision V5.28.0.0
Copyright (C) 2019 ARM Ltd and ARM Germany GmbH. All rights reserved.
License Information: S S, S, LIC=76FRA-1WCF3-G7GR6-DR11Z-0HQE9-QB8G1
 
Tool Versions:
Toolchain:       MDK-ARM Plus  Version: 5.28.0.0
Toolchain Path:  D:\Software\keil\Keil_v5\ARM\ARMCC\Bin
C Compiler:      Armcc.exe V5.06 update 6 (build 750)
Assembler:       Armasm.exe V5.06 update 6 (build 750)
Linker/Locator:  ArmLink.exe V5.06 update 6 (build 750)
Library Manager: ArmAr.exe V5.06 update 6 (build 750)
Hex Converter:   FromElf.exe V5.06 update 6 (build 750)
CPU DLL:         SARMCM3.DLL V5.28.0.0
Dialog DLL:      DCM.DLL V1.17.3.0
Target DLL:      Segger\JL2CM3.dll V2.99.36.0
Dialog DLL:      TCM.DLL V1.36.2.0
 
<h2>Project:</h2>
D:\document\STM32projects\G4\SmartLock\Project\RVMDK£¨uv4£©\Fire_RT-Thread.uvprojx
Project File Date:  05/04/2020

<h2>Output:</h2>
*** Using Compiler 'V5.06 update 6 (build 750)', folder: 'D:\Software\keil\Keil_v5\ARM\ARMCC\Bin'
Rebuild target 'Fire_RT-Thread'
assembling startup_stm32f10x_hd.s...
compiling core_cm3.c...
compiling misc.c...
compiling system_stm32f10x.c...
compiling stm32f10x_bkp.c...
compiling stm32f10x_cec.c...
compiling stm32f10x_adc.c...
compiling stm32f10x_can.c...
compiling stm32f10x_crc.c...
compiling stm32f10x_dbgmcu.c...
compiling stm32f10x_dac.c...
compiling stm32f10x_exti.c...
compiling stm32f10x_dma.c...
compiling stm32f10x_flash.c...
compiling stm32f10x_fsmc.c...
compiling stm32f10x_gpio.c...
compiling stm32f10x_iwdg.c...
compiling stm32f10x_i2c.c...
compiling stm32f10x_rtc.c...
compiling stm32f10x_pwr.c...
compiling stm32f10x_sdio.c...
compiling stm32f10x_rcc.c...
compiling stm32f10x_spi.c...
compiling stm32f10x_wwdg.c...
compiling bsp_led.c...
compiling stm32f10x_usart.c...
compiling board.c...
compiling stm32f10x_tim.c...
compiling stm32f10x_it.c...
compiling main.c...
..\..\User\main.c(36): warning:  #177-D: function "key_thread_entry"  was declared but never referenced
  static void key_thread_entry(void* parameter);
..\..\User\main.c: 1 warning, 0 errors
compiling bsp_key.c...
compiling bsp_usart.c...
compiling timer.c...
compiling beep.c...
compiling usart2.c...
compiling as608.c...
compiling sys.c...
compiling clock.c...
compiling components.c...
compiling Key.c...
compiling bsp_spi_flash.c...
compiling Handle_flash.c...
compiling Handle_AS608.c...
..\..\User\Bsp\Handle_AS608\Handle_AS608.c(207): warning:  #177-D: variable "FR"  was declared but never referenced
  	cJSON *FR;
..\..\User\Bsp\Handle_AS608\Handle_AS608.c(208): warning:  #177-D: variable "fr_out"  was declared but never referenced
  	char *fr_out;
..\..\User\Bsp\Handle_AS608\Handle_AS608.c(209): warning:  #177-D: variable "fr_len"  was declared but never referenced
  	uint8_t fr_len;
..\..\User\Bsp\Handle_AS608\Handle_AS608.c: 3 warnings, 0 errors
compiling open.c...
compiling Handle_code.c...
..\..\User\Bsp\Handle_code\Handle_code.c(145): warning:  #177-D: variable "KB"  was declared but never referenced
  	cJSON *KB;
..\..\User\Bsp\Handle_code\Handle_code.c(146): warning:  #177-D: variable "kb_out"  was declared but never referenced
  	char *kb_out;
..\..\User\Bsp\Handle_code\Handle_code.c(147): warning:  #177-D: variable "kb_len"  was declared but never referenced
  	uint8_t kb_len;
..\..\User\Bsp\Handle_code\Handle_code.c: 3 warnings, 0 errors
compiling device.c...
compiling idle.c...
compiling irq.c...
compiling ipc.c...
compiling memheap.c...
compiling mem.c...
compiling kservice.c...
compiling object.c...
compiling mempool.c...
assembling context_rvds.S...
compiling scheduler.c...
compiling signal.c...
compiling thread.c...
compiling timer.c...
compiling cpuport.c...
compiling cc936.c...
compiling diskio.c...
compiling cJSON.c...
..\..\User\Bsp\cJSON\cJSON.c(69): warning:  #42-D: operand types are incompatible ("void *(*)(size_t)" and "void *(*)(rt_size_t)")
  	cJSON_malloc = (hooks->malloc_fn)?hooks->malloc_fn:rt_malloc;
..\..\User\Bsp\cJSON\cJSON.c(69): warning:  #513-D: a value of type "void *(*)(size_t)" cannot be assigned to an entity of type "void *(*)(rt_size_t)"
  	cJSON_malloc = (hooks->malloc_fn)?hooks->malloc_fn:rt_malloc;
..\..\User\Bsp\cJSON\cJSON.c(279): warning:  #1293-D: assignment in condition
  	ptr=str;while ((token=*ptr) && ++len) {if (strchr("\"\\\b\f\n\r\t",token)) len++; else if (token<32) len+=5;ptr++;}
..\..\User\Bsp\cJSON\cJSON.c: 3 warnings, 0 errors
compiling ff.c...
compiling G4.c...
compiling myaes.c...
compiling AES.c...
compiling base64.c...
compiling CRC.c...
compiling newweb.c...
..\..\User\Bsp\web\newweb.c(361): warning:  #550-D: variable "user_number"  was set but never used
  						  char *user_number;
..\..\User\Bsp\web\newweb.c(362): warning:  #550-D: variable "user_name"  was set but never used
  							char *user_name;
..\..\User\Bsp\web\newweb.c(164): warning:  #177-D: variable "cache2"  was declared but never referenced
  	char cache2[1024];
..\..\User\Bsp\web\newweb.c: 3 warnings, 0 errors
linking...
Program Size: Code=57788 RO-data=178396 RW-data=5076 ZI-data=57892  
FromELF: creating hex file...
"..\..\Output\Fire_RT-Thread.axf" - 0 Error(s), 13 Warning(s).

<h2>Software Packages used:</h2>

Package Vendor: Keil
                http://www.keil.com/pack/Keil.STM32F1xx_DFP.2.1.0.pack
                Keil.STM32F1xx_DFP.2.1.0
                STMicroelectronics STM32F1 Series Device Support, Drivers and Examples

<h2>Collection of Component include folders:</h2>
  .\RTE\_Fire_RT-Thread
  D:\Software\keil\Arm\Packs\Keil\STM32F1xx_DFP\2.1.0\Device\Include

<h2>Collection of Component Files used:</h2>
Build Time Elapsed:  00:00:15
</pre>
</body>
</html>
