Component: ARM Compiler 5.06 update 6 (build 750) Tool: armlink [4d35ed]

==============================================================================

Section Cross References

    startup_stm32f10x_hd.o(RESET) refers to startup_stm32f10x_hd.o(STACK) for __initial_sp
    startup_stm32f10x_hd.o(RESET) refers to startup_stm32f10x_hd.o(.text) for Reset_Handler
    startup_stm32f10x_hd.o(RESET) refers to context_rvds.o(.text) for HardFault_Handler
    startup_stm32f10x_hd.o(RESET) refers to board.o(.text) for SysTick_Handler
    startup_stm32f10x_hd.o(RESET) refers to bsp_usart.o(.text) for USART1_IRQHandler
    startup_stm32f10x_hd.o(RESET) refers to usart2.o(.text) for USART2_IRQHandler
    startup_stm32f10x_hd.o(RESET) refers to g4.o(.text) for USART3_IRQHandler
    startup_stm32f10x_hd.o(RESET) refers to timer.o(.text) for TIM7_IRQHandler
    startup_stm32f10x_hd.o(.text) refers to system_stm32f10x.o(.text) for SystemInit
    startup_stm32f10x_hd.o(.text) refers to entry.o(.ARM.Collect$$$$00000000) for __main
    system_stm32f10x.o(.text) refers to system_stm32f10x.o(.data) for .data
    stm32f10x_adc.o(.text) refers to stm32f10x_rcc.o(.text) for RCC_APB2PeriphResetCmd
    stm32f10x_bkp.o(.text) refers to stm32f10x_rcc.o(.text) for RCC_BackupResetCmd
    stm32f10x_can.o(.text) refers to stm32f10x_rcc.o(.text) for RCC_APB1PeriphResetCmd
    stm32f10x_cec.o(.text) refers to stm32f10x_rcc.o(.text) for RCC_APB1PeriphResetCmd
    stm32f10x_dac.o(.text) refers to stm32f10x_rcc.o(.text) for RCC_APB1PeriphResetCmd
    stm32f10x_gpio.o(.text) refers to stm32f10x_rcc.o(.text) for RCC_APB2PeriphResetCmd
    stm32f10x_i2c.o(.text) refers to stm32f10x_rcc.o(.text) for RCC_APB1PeriphResetCmd
    stm32f10x_pwr.o(.text) refers to stm32f10x_rcc.o(.text) for RCC_APB1PeriphResetCmd
    stm32f10x_rcc.o(.text) refers to stm32f10x_rcc.o(.data) for .data
    stm32f10x_spi.o(.text) refers to stm32f10x_rcc.o(.text) for RCC_APB2PeriphResetCmd
    stm32f10x_tim.o(.text) refers to stm32f10x_rcc.o(.text) for RCC_APB2PeriphResetCmd
    stm32f10x_usart.o(.text) refers to stm32f10x_rcc.o(.text) for RCC_APB2PeriphResetCmd
    stm32f10x_wwdg.o(.text) refers to stm32f10x_rcc.o(.text) for RCC_APB1PeriphResetCmd
    board.o(.text) refers to bsp_led.o(.text) for LED_GPIO_Config
    board.o(.text) refers to bsp_usart.o(.text) for USART_Config
    board.o(.text) refers to bsp_key.o(.text) for Key_GPIO_Config
    board.o(.text) refers to key.o(.text) for Key_Config
    board.o(.text) refers to beep.o(.text) for BEEP_Init
    board.o(.text) refers to g4.o(.text) for G4_USART_Config
    board.o(.text) refers to misc.o(.text) for NVIC_PriorityGroupConfig
    board.o(.text) refers to usart2.o(.text) for usart2_init
    board.o(.text) refers to as608.o(.text) for PS_StaGPIO_Init
    board.o(.text) refers to components.o(.text) for rt_components_board_init
    board.o(.text) refers to mem.o(.text) for rt_system_heap_init
    board.o(.text) refers to irq.o(.text) for rt_interrupt_enter
    board.o(.text) refers to clock.o(.text) for rt_tick_increase
    board.o(.text) refers to scheduler.o(.text) for rt_enter_critical
    board.o(.text) refers to stm32f10x_usart.o(.text) for USART_SendData
    board.o(.text) refers to board.o(.bss) for .bss
    board.o(.text) refers to system_stm32f10x.o(.data) for SystemCoreClock
    main.o(.text) refers to ipc.o(.text) for rt_mq_create
    main.o(.text) refers to kservice.o(.text) for rt_kprintf
    main.o(.text) refers to thread.o(.text) for rt_thread_create
    main.o(.text) refers to newweb.o(.data) for webmsg_sendmq
    main.o(.text) refers to newweb.o(.text) for newwebconnect_entry
    main.o(.text) refers to newweb.o(.data) for webmsgsend_th
    main.o(.text) refers to newweb.o(.data) for webmsgrece_th
    main.o(.text) refers to open.o(.text) for FRopen_entry
    main.o(.text) refers to open.o(.data) for FRopen_thread
    main.o(.text) refers to open.o(.data) for codeOpen_thread
    bsp_led.o(.text) refers to stm32f10x_rcc.o(.text) for RCC_APB2PeriphClockCmd
    bsp_led.o(.text) refers to stm32f10x_gpio.o(.text) for GPIO_Init
    bsp_usart.o(.text) refers to misc.o(.text) for NVIC_PriorityGroupConfig
    bsp_usart.o(.text) refers to stm32f10x_rcc.o(.text) for RCC_APB2PeriphClockCmd
    bsp_usart.o(.text) refers to stm32f10x_gpio.o(.text) for GPIO_Init
    bsp_usart.o(.text) refers to stm32f10x_usart.o(.text) for USART_Init
    bsp_usart.o(.text) refers to bsp_usart.o(.data) for .data
    bsp_usart.o(.text) refers to bsp_usart.o(.bss) for .bss
    bsp_key.o(.text) refers to stm32f10x_gpio.o(.text) for GPIO_ReadInputDataBit
    as608.o(.text) refers to stm32f10x_rcc.o(.text) for RCC_APB2PeriphClockCmd
    as608.o(.text) refers to stm32f10x_gpio.o(.text) for GPIO_Init
    as608.o(.text) refers to thread.o(.text) for rt_thread_delay
    as608.o(.text) refers to strstr.o(.text) for strstr
    as608.o(.text) refers to as608.o(.data) for .data
    as608.o(.text) refers to usart2.o(.data) for USART2_RX_STA
[...]
    TIM8_TRG_COM_IRQHandler                  0x0800015f   Thumb Code     0  startup_stm32f10x_hd.o(.text)
    TIM8_UP_IRQHandler                       0x0800015f   Thumb Code     0  startup_stm32f10x_hd.o(.text)
    UART4_IRQHandler                         0x0800015f   Thumb Code     0  startup_stm32f10x_hd.o(.text)
    UART5_IRQHandler                         0x0800015f   Thumb Code     0  startup_stm32f10x_hd.o(.text)
    USBWakeUp_IRQHandler                     0x0800015f   Thumb Code     0  startup_stm32f10x_hd.o(.text)
    USB_HP_CAN1_TX_IRQHandler                0x0800015f   Thumb Code     0  startup_stm32f10x_hd.o(.text)
    USB_LP_CAN1_RX0_IRQHandler               0x0800015f   Thumb Code     0  startup_stm32f10x_hd.o(.text)
    WWDG_IRQHandler                          0x0800015f   Thumb Code     0  startup_stm32f10x_hd.o(.text)
    SystemInit                               0x08000211   Thumb Code    64  system_stm32f10x.o(.text)
    SystemCoreClockUpdate                    0x08000251   Thumb Code   106  system_stm32f10x.o(.text)
    NVIC_PriorityGroupConfig                 0x080002dd   Thumb Code    10  misc.o(.text)
    NVIC_Init                                0x080002e7   Thumb Code    96  misc.o(.text)
    NVIC_SetVectorTable                      0x08000347   Thumb Code    14  misc.o(.text)
    NVIC_SystemLPConfig                      0x08000355   Thumb Code    24  misc.o(.text)
    SysTick_CLKSourceConfig                  0x0800036d   Thumb Code    28  misc.o(.text)
    EXTI_DeInit                              0x08000395   Thumb Code    28  stm32f10x_exti.o(.text)
    EXTI_Init                                0x080003b1   Thumb Code   110  stm32f10x_exti.o(.text)
    EXTI_StructInit                          0x0800041f   Thumb Code    14  stm32f10x_exti.o(.text)
    EXTI_GenerateSWInterrupt                 0x0800042d   Thumb Code    12  stm32f10x_exti.o(.text)
    EXTI_GetFlagStatus                       0x08000439   Thumb Code    18  stm32f10x_exti.o(.text)
    EXTI_ClearFlag                           0x0800044b   Thumb Code     8  stm32f10x_exti.o(.text)
    EXTI_GetITStatus                         0x08000453   Thumb Code    28  stm32f10x_exti.o(.text)
    EXTI_ClearITPendingBit                   0x0800046f   Thumb Code     8  stm32f10x_exti.o(.text)
    GPIO_DeInit                              0x08000481   Thumb Code   188  stm32f10x_gpio.o(.text)
    GPIO_AFIODeInit                          0x0800053d   Thumb Code    22  stm32f10x_gpio.o(.text)
    GPIO_Init                                0x08000553   Thumb Code   166  stm32f10x_gpio.o(.text)
    GPIO_StructInit                          0x080005f9   Thumb Code    16  stm32f10x_gpio.o(.text)
    GPIO_ReadInputDataBit                    0x08000609   Thumb Code    14  stm32f10x_gpio.o(.text)
    GPIO_ReadInputData                       0x08000617   Thumb Code     6  stm32f10x_gpio.o(.text)
    GPIO_ReadOutputDataBit                   0x0800061d   Thumb Code    14  stm32f10x_gpio.o(.text)
    GPIO_ReadOutputData                      0x0800062b   Thumb Code     6  stm32f10x_gpio.o(.text)
    GPIO_SetBits                             0x08000631   Thumb Code     4  stm32f10x_gpio.o(.text)
    GPIO_ResetBits                           0x08000635   Thumb Code     4  stm32f10x_gpio.o(.text)
    GPIO_WriteBit                            0x08000639   Thumb Code    12  stm32f10x_gpio.o(.text)
    GPIO_Write                               0x08000645   Thumb Code     4  stm32f10x_gpio.o(.text)
    GPIO_PinLockConfig                       0x08000649   Thumb Code    16  stm32f10x_gpio.o(.text)
    GPIO_EventOutputConfig                   0x08000659   Thumb Code    22  stm32f10x_gpio.o(.text)
    GPIO_EventOutputCmd                      0x0800066f   Thumb Code     6  stm32f10x_gpio.o(.text)
    GPIO_PinRemapConfig                      0x08000675   Thumb Code    86  stm32f10x_gpio.o(.text)
    GPIO_EXTILineConfig                      0x080006cb   Thumb Code    34  stm32f10x_gpio.o(.text)
    GPIO_ETH_MediaInterfaceConfig            0x080006ed   Thumb Code     8  stm32f10x_gpio.o(.text)
    RCC_DeInit                               0x08000719   Thumb Code    50  stm32f10x_rcc.o(.text)
    RCC_HSEConfig                            0x0800074b   Thumb Code    50  stm32f10x_rcc.o(.text)
    RCC_GetFlagStatus                        0x0800077d   Thumb Code    42  stm32f10x_rcc.o(.text)
    RCC_WaitForHSEStartUp                    0x080007a7   Thumb Code    48  stm32f10x_rcc.o(.text)
    RCC_AdjustHSICalibrationValue            0x080007d7   Thumb Code    16  stm32f10x_rcc.o(.text)
    RCC_HSICmd                               0x080007e7   Thumb Code     6  stm32f10x_rcc.o(.text)
    RCC_PLLConfig                            0x080007ed   Thumb Code    16  stm32f10x_rcc.o(.text)
    RCC_PLLCmd                               0x080007fd   Thumb Code     6  stm32f10x_rcc.o(.text)
    RCC_SYSCLKConfig                         0x08000803   Thumb Code    14  stm32f10x_rcc.o(.text)
    RCC_GetSYSCLKSource                      0x08000811   Thumb Code    10  stm32f10x_rcc.o(.text)
    RCC_HCLKConfig                           0x0800081b   Thumb Code    14  stm32f10x_rcc.o(.text)
    RCC_PCLK1Config                          0x08000829   Thumb Code    14  stm32f10x_rcc.o(.text)
    RCC_PCLK2Config                          0x08000837   Thumb Code    16  stm32f10x_rcc.o(.text)
    RCC_ITConfig                             0x08000847   Thumb Code    22  stm32f10x_rcc.o(.text)
    RCC_USBCLKConfig                         0x0800085d   Thumb Code     8  stm32f10x_rcc.o(.text)
    RCC_ADCCLKConfig                         0x08000865   Thumb Code    14  stm32f10x_rcc.o(.text)
    RCC_LSEConfig                            0x08000873   Thumb Code    36  stm32f10x_rcc.o(.text)
    RCC_LSICmd                               0x08000897   Thumb Code     6  stm32f10x_rcc.o(.text)
    RCC_RTCCLKConfig                         0x0800089d   Thumb Code    10  stm32f10x_rcc.o(.text)
    RCC_RTCCLKCmd                            0x080008a7   Thumb Code     8  stm32f10x_rcc.o(.text)
    RCC_GetClocksFreq                        0x080008af   Thumb Code   154  stm32f10x_rcc.o(.text)
    RCC_AHBPeriphClockCmd                    0x08000949   Thumb Code    22  stm32f10x_rcc.o(.text)
    RCC_APB2PeriphClockCmd                   0x0800095f   Thumb Code    22  stm32f10x_rcc.o(.text)
    RCC_APB1PeriphClockCmd                   0x08000975   Thumb Code    22  stm32f10x_rcc.o(.text)
    RCC_APB2PeriphResetCmd                   0x0800098b   Thumb Code    22  stm32f10x_rcc.o(.text)
    RCC_APB1PeriphResetCmd                   0x080009a1   Thumb Code    22  stm32f10x_rcc.o(.text)
    RCC_BackupResetCmd                       0x080009b7   Thumb Code     8  stm32f10x_rcc.o(.text)
    RCC_ClockSecuritySystemCmd               0x080009bf   Thumb Code     6  stm32f10x_rcc.o(.text)
    RCC_MCOConfig                            0x080009c5   Thumb Code     6  stm32f10x_rcc.o(.text)
    RCC_ClearFlag                            0x080009cb   Thumb Code    12  stm32f10x_rcc.o(.text)
    RCC_GetITStatus                          0x080009d7   Thumb Code    16  stm32f10x_rcc.o(.text)
    RCC_ClearITPendingBit                    0x080009e7   Thumb Code     6  stm32f10x_rcc.o(.text)
    SPI_I2S_DeInit                           0x08000a0d   Thumb Code    88  stm32f10x_spi.o(.text)
    SPI_Init                                 0x08000a65   Thumb Code    56  stm32f10x_spi.o(.text)
    I2S_Init                                 0x08000a9d   Thumb Code   168  stm32f10x_spi.o(.text)
    SPI_StructInit                           0x08000b45   Thumb Code    24  stm32f10x_spi.o(.text)
    I2S_StructInit                           0x08000b5d   Thumb Code    18  stm32f10x_spi.o(.text)
    SPI_Cmd                                  0x08000b6f   Thumb Code    24  stm32f10x_spi.o(.text)
    I2S_Cmd                                  0x08000b87   Thumb Code    24  stm32f10x_spi.o(.text)
    SPI_I2S_ITConfig                         0x08000b9f   Thumb Code    28  stm32f10x_spi.o(.text)
    SPI_I2S_DMACmd                           0x08000bbb   Thumb Code    20  stm32f10x_spi.o(.text)
    SPI_I2S_SendData                         0x08000bcf   Thumb Code     4  stm32f10x_spi.o(.text)
    SPI_I2S_ReceiveData                      0x08000bd3   Thumb Code     4  stm32f10x_spi.o(.text)
    SPI_NSSInternalSoftwareConfig            0x08000bd7   Thumb Code    28  stm32f10x_spi.o(.text)
    SPI_SSOutputCmd                          0x08000bf3   Thumb Code    24  stm32f10x_spi.o(.text)
    SPI_DataSizeConfig                       0x08000c0b   Thumb Code    16  stm32f10x_spi.o(.text)
    SPI_TransmitCRC                          0x08000c1b   Thumb Code    10  stm32f10x_spi.o(.text)
    SPI_CalculateCRC                         0x08000c25   Thumb Code    24  stm32f10x_spi.o(.text)
    SPI_GetCRC                               0x08000c3d   Thumb Code    12  stm32f10x_spi.o(.text)
    SPI_GetCRCPolynomial                     0x08000c49   Thumb Code     4  stm32f10x_spi.o(.text)
    SPI_BiDirectionalLineConfig              0x08000c4d   Thumb Code    26  stm32f10x_spi.o(.text)
    SPI_I2S_GetFlagStatus                    0x08000c67   Thumb Code    14  stm32f10x_spi.o(.text)
    SPI_I2S_ClearFlag                        0x08000c75   Thumb Code     6  stm32f10x_spi.o(.text)
    SPI_I2S_GetITStatus                      0x08000c7b   Thumb Code    44  stm32f10x_spi.o(.text)
    SPI_I2S_ClearITPendingBit                0x08000ca7   Thumb Code    14  stm32f10x_spi.o(.text)
    TIM_DeInit                               0x08000cc1   Thumb Code   464  stm32f10x_tim.o(.text)
    TIM_TimeBaseInit                         0x08000e91   Thumb Code   114  stm32f10x_tim.o(.text)
    TIM_OC1Init                              0x08000f03   Thumb Code   114  stm32f10x_tim.o(.text)
    TIM_OC2Init                              0x08000f75   Thumb Code   128  stm32f10x_tim.o(.text)
    TIM_OC3Init                              0x08000ff5   Thumb Code   124  stm32f10x_tim.o(.text)
    TIM_OC4Init                              0x08001071   Thumb Code   160  stm32f10x_tim.o(.text)
    TIM_SetIC4Prescaler                      0x08001111   Thumb Code    24  stm32f10x_tim.o(.text)
    TIM_SetIC3Prescaler                      0x0800118f   Thumb Code    16  stm32f10x_tim.o(.text)
    TIM_SetIC2Prescaler                      0x08001201   Thumb Code    24  stm32f10x_tim.o(.text)
    TIM_SetIC1Prescaler                      0x0800127f   Thumb Code    16  stm32f10x_tim.o(.text)
    TIM_ICInit                               0x080012ed   Thumb Code   114  stm32f10x_tim.o(.text)
    TIM_PWMIConfig                           0x0800135f   Thumb Code   106  stm32f10x_tim.o(.text)
    TIM_BDTRConfig                           0x080013c9   Thumb Code    34  stm32f10x_tim.o(.text)
    TIM_TimeBaseStructInit                   0x080013eb   Thumb Code    18  stm32f10x_tim.o(.text)
    TIM_OCStructInit                         0x080013fd   Thumb Code    20  stm32f10x_tim.o(.text)
    TIM_ICStructInit                         0x08001411   Thumb Code    16  stm32f10x_tim.o(.text)
    TIM_BDTRStructInit                       0x08001421   Thumb Code    18  stm32f10x_tim.o(.text)
    TIM_Cmd                                  0x08001433   Thumb Code    24  stm32f10x_tim.o(.text)
    TIM_CtrlPWMOutputs                       0x0800144b   Thumb Code    28  stm32f10x_tim.o(.text)
    TIM_ITConfig                             0x08001467   Thumb Code    20  stm32f10x_tim.o(.text)
    TIM_GenerateEvent                        0x0800147b   Thumb Code     4  stm32f10x_tim.o(.text)
    TIM_DMAConfig                            0x0800147f   Thumb Code     8  stm32f10x_tim.o(.text)
    TIM_DMACmd                               0x08001487   Thumb Code    20  stm32f10x_tim.o(.text)
    TIM_InternalClockConfig                  0x0800149b   Thumb Code    10  stm32f10x_tim.o(.text)
    TIM_SelectInputTrigger                   0x080014a5   Thumb Code    12  stm32f10x_tim.o(.text)
    TIM_ITRxExternalClockConfig              0x080014b1   Thumb Code    20  stm32f10x_tim.o(.text)
    TIM_TIxExternalClockConfig               0x080014c5   Thumb Code    48  stm32f10x_tim.o(.text)
    TIM_ETRConfig                            0x080014f5   Thumb Code    24  stm32f10x_tim.o(.text)
    TIM_ETRClockMode1Config                  0x0800150d   Thumb Code    52  stm32f10x_tim.o(.text)
    TIM_ETRClockMode2Config                  0x08001541   Thumb Code    20  stm32f10x_tim.o(.text)
    TIM_PrescalerConfig                      0x08001555   Thumb Code     6  stm32f10x_tim.o(.text)
    TIM_CounterModeConfig                    0x0800155b   Thumb Code    12  stm32f10x_tim.o(.text)
    TIM_EncoderInterfaceConfig               0x08001567   Thumb Code    50  stm32f10x_tim.o(.text)
    TIM_ForcedOC1Config                      0x08001599   Thumb Code    12  stm32f10x_tim.o(.text)
    TIM_ForcedOC2Config                      0x080015a5   Thumb Code    20  stm32f10x_tim.o(.text)
    TIM_ForcedOC3Config                      0x080015b9   Thumb Code    12  stm32f10x_tim.o(.text)
    TIM_ForcedOC4Config                      0x080015c5   Thumb Code    20  stm32f10x_tim.o(.text)
    TIM_ARRPreloadConfig                     0x080015d9   Thumb Code    24  stm32f10x_tim.o(.text)
    TIM_SelectCOM                            0x080015f1   Thumb Code    24  stm32f10x_tim.o(.text)
    TIM_SelectCCDMA                          0x08001609   Thumb Code    24  stm32f10x_tim.o(.text)
    TIM_CCPreloadControl                     0x08001621   Thumb Code    24  stm32f10x_tim.o(.text)
    TIM_OC1PreloadConfig                     0x08001639   Thumb Code    12  stm32f10x_tim.o(.text)
    TIM_OC2PreloadConfig                     0x08001645   Thumb Code    20  stm32f10x_tim.o(.text)
    TIM_OC3PreloadConfig                     0x08001659   Thumb Code    12  stm32f10x_tim.o(.text)
    TIM_OC4PreloadConfig                     0x08001665   Thumb Code    20  stm32f10x_tim.o(.text)
    TIM_OC1FastConfig                        0x08001679   Thumb Code    12  stm32f10x_tim.o(.text)
    TIM_OC2FastConfig                        0x08001685   Thumb Code    20  stm32f10x_tim.o(.text)
    TIM_OC3FastConfig                        0x08001699   Thumb Code    12  stm32f10x_tim.o(.text)
    TIM_OC4FastConfig                        0x080016a5   Thumb Code    20  stm32f10x_tim.o(.text)
    TIM_ClearOC1Ref                          0x080016b9   Thumb Code    12  stm32f10x_tim.o(.text)
    TIM_ClearOC2Ref                          0x080016c5   Thumb Code    20  stm32f10x_tim.o(.text)
    TIM_ClearOC3Ref                          0x080016d9   Thumb Code    12  stm32f10x_tim.o(.text)
    TIM_ClearOC4Ref                          0x080016e5   Thumb Code    20  stm32f10x_tim.o(.text)
    TIM_OC1PolarityConfig                    0x080016f9   Thumb Code    12  stm32f10x_tim.o(.text)
    TIM_OC1NPolarityConfig                   0x08001705   Thumb Code    12  stm32f10x_tim.o(.text)
    TIM_OC2PolarityConfig                    0x08001711   Thumb Code    20  stm32f10x_tim.o(.text)
    TIM_OC2NPolarityConfig                   0x08001725   Thumb Code    20  stm32f10x_tim.o(.text)
    TIM_OC3PolarityConfig                    0x08001739   Thumb Code    20  stm32f10x_tim.o(.text)
    TIM_OC3NPolarityConfig                   0x0800174d   Thumb Code    20  stm32f10x_tim.o(.text)
    TIM_OC4PolarityConfig                    0x08001761   Thumb Code    20  stm32f10x_tim.o(.text)
    TIM_CCxCmd                               0x08001775   Thumb Code    22  stm32f10x_tim.o(.text)
    TIM_CCxNCmd                              0x0800178b   Thumb Code    22  stm32f10x_tim.o(.text)
    TIM_SelectOCxM                           0x080017a1   Thumb Code    76  stm32f10x_tim.o(.text)
    TIM_UpdateDisableConfig                  0x080017ed   Thumb Code    24  stm32f10x_tim.o(.text)
    TIM_UpdateRequestConfig                  0x08001805   Thumb Code    24  stm32f10x_tim.o(.text)
    TIM_SelectHallSensor                     0x0800181d   Thumb Code    24  stm32f10x_tim.o(.text)
    TIM_SelectOnePulseMode                   0x08001835   Thumb Code    16  stm32f10x_tim.o(.text)
    TIM_SelectOutputTrigger                  0x08001845   Thumb Code    16  stm32f10x_tim.o(.text)
    TIM_SelectSlaveMode                      0x08001855   Thumb Code    16  stm32f10x_tim.o(.text)
    TIM_SelectMasterSlaveMode                0x08001865   Thumb Code    16  stm32f10x_tim.o(.text)
    TIM_SetCounter                           0x08001875   Thumb Code     4  stm32f10x_tim.o(.text)
    TIM_SetAutoreload                        0x08001879   Thumb Code     4  stm32f10x_tim.o(.text)
    TIM_SetCompare1                          0x0800187d   Thumb Code     4  stm32f10x_tim.o(.text)
    TIM_SetCompare2                          0x08001881   Thumb Code     4  stm32f10x_tim.o(.text)
    TIM_SetCompare3                          0x08001885   Thumb Code     4  stm32f10x_tim.o(.text)
    TIM_SetCompare4                          0x08001889   Thumb Code     6  stm32f10x_tim.o(.text)
    TIM_SetClockDivision                     0x0800188f   Thumb Code    16  stm32f10x_tim.o(.text)
    TIM_GetCapture1                          0x0800189f   Thumb Code     4  stm32f10x_tim.o(.text)
    TIM_GetCapture2                          0x080018a3   Thumb Code     4  stm32f10x_tim.o(.text)
    TIM_GetCapture3                          0x080018a7   Thumb Code     4  stm32f10x_tim.o(.text)
    TIM_GetCapture4                          0x080018ab   Thumb Code     6  stm32f10x_tim.o(.text)
    TIM_GetCounter                           0x080018b1   Thumb Code     4  stm32f10x_tim.o(.text)
    TIM_GetPrescaler                         0x080018b5   Thumb Code     4  stm32f10x_tim.o(.text)
    TIM_GetFlagStatus                        0x080018b9   Thumb Code    14  stm32f10x_tim.o(.text)
    TIM_ClearFlag                            0x080018c7   Thumb Code     6  stm32f10x_tim.o(.text)
    TIM_GetITStatus                          0x080018cd   Thumb Code    24  stm32f10x_tim.o(.text)
    TIM_ClearITPendingBit                    0x080018e5   Thumb Code     6  stm32f10x_tim.o(.text)
    USART_DeInit                             0x080018ed   Thumb Code   144  stm32f10x_usart.o(.text)
    USART_Init                               0x0800197d   Thumb Code   182  stm32f10x_usart.o(.text)
    USART_StructInit                         0x08001a33   Thumb Code    22  stm32f10x_usart.o(.text)
    USART_ClockInit                          0x08001a49   Thumb Code    30  stm32f10x_usart.o(.text)
    USART_ClockStructInit                    0x08001a67   Thumb Code    12  stm32f10x_usart.o(.text)
    USART_Cmd                                0x08001a73   Thumb Code    24  stm32f10x_usart.o(.text)
    USART_ITConfig                           0x08001a8b   Thumb Code    54  stm32f10x_usart.o(.text)
    USART_DMACmd                             0x08001ac1   Thumb Code    20  stm32f10x_usart.o(.text)
    USART_SetAddress                         0x08001ad5   Thumb Code    16  stm32f10x_usart.o(.text)
    USART_WakeUpConfig                       0x08001ae5   Thumb Code    16  stm32f10x_usart.o(.text)
    USART_ReceiverWakeUpCmd                  0x08001af5   Thumb Code    24  stm32f10x_usart.o(.text)
    USART_LINBreakDetectLengthConfig         0x08001b0d   Thumb Code    16  stm32f10x_usart.o(.text)
    USART_LINCmd                             0x08001b1d   Thumb Code    24  stm32f10x_usart.o(.text)
    USART_SendData                           0x08001b35   Thumb Code     8  stm32f10x_usart.o(.text)
    USART_ReceiveData                        0x08001b3d   Thumb Code     8  stm32f10x_usart.o(.text)
    USART_SendBreak                          0x08001b45   Thumb Code    10  stm32f10x_usart.o(.text)
    USART_SetGuardTime                       0x08001b4f   Thumb Code    16  stm32f10x_usart.o(.text)
    USART_SetPrescaler                       0x08001b5f   Thumb Code    16  stm32f10x_usart.o(.text)
    USART_SmartCardCmd                       0x08001b6f   Thumb Code    24  stm32f10x_usart.o(.text)
    USART_SmartCardNACKCmd                   0x08001b87   Thumb Code    24  stm32f10x_usart.o(.text)
    USART_HalfDuplexCmd                      0x08001b9f   Thumb Code    24  stm32f10x_usart.o(.text)
    USART_OverSampling8Cmd                   0x08001bb7   Thumb Code    24  stm32f10x_usart.o(.text)
    USART_OneBitMethodCmd                    0x08001bcf   Thumb Code    24  stm32f10x_usart.o(.text)
    USART_IrDAConfig                         0x08001be7   Thumb Code    16  stm32f10x_usart.o(.text)
    USART_IrDACmd                            0x08001bf7   Thumb Code    24  stm32f10x_usart.o(.text)
    USART_GetFlagStatus                      0x08001c0f   Thumb Code    14  stm32f10x_usart.o(.text)
    USART_ClearFlag                          0x08001c1d   Thumb Code     8  stm32f10x_usart.o(.text)
    USART_GetITStatus                        0x08001c25   Thumb Code    64  stm32f10x_usart.o(.text)
    USART_ClearITPendingBit                  0x08001c65   Thumb Code    16  stm32f10x_usart.o(.text)
    rt_heap_begin_get                        0x08001c89   Thumb Code     4  board.o(.text)
    rt_heap_end_get                          0x08001c8d   Thumb Code     4  board.o(.text)
    rt_hw_board_init                         0x08001c91   Thumb Code   118  board.o(.text)
    SysTick_Handler                          0x08001d07   Thumb Code    18  board.o(.text)
    rt_hw_console_output                     0x08001d19   Thumb Code    76  board.o(.text)
    $Super$$main                             0x08001d79   Thumb Code   248  main.o(.text)
    LED_GPIO_Config                          0x0800204d   Thumb Code    92  bsp_led.o(.text)
    USART_Config                             0x080020d3   Thumb Code   138  bsp_usart.o(.text)
    Usart_SendByte                           0x0800215d   Thumb Code    24  bsp_usart.o(.text)
    Usart_SendArray                          0x08002175   Thumb Code    46  bsp_usart.o(.text)
    Usart_SendString                         0x080021a3   Thumb Code    38  bsp_usart.o(.text)
    Usart_SendHalfWord                       0x080021c9   Thumb Code    50  bsp_usart.o(.text)
    fputc                                    0x080021fb   Thumb Code    30  bsp_usart.o(.text)
    fgetc                                    0x08002219   Thumb Code    26  bsp_usart.o(.text)
    USART1_IRQHandler                        0x08002233   Thumb Code    92  bsp_usart.o(.text)
    Key_GPIO_Config                          0x080022a1   Thumb Code     2  bsp_key.o(.text)
    Key_Scan                                 0x080022a3   Thumb Code    38  bsp_key.o(.text)
    PS_StaGPIO_Init                          0x080022c9   Thumb Code    38  as608.o(.text)
    PS_GetImage                              0x080023c3   Thumb Code    52  as608.o(.text)
    PS_GenChar                               0x080023f7   Thumb Code    60  as608.o(.text)
    PS_Match                                 0x08002433   Thumb Code    52  as608.o(.text)
    PS_Search                                0x08002467   Thumb Code   132  as608.o(.text)
    PS_RegModel                              0x080024eb   Thumb Code    52  as608.o(.text)
    PS_StoreChar                             0x0800251f   Thumb Code    82  as608.o(.text)
    PS_DeletChar                             0x08002571   Thumb Code    94  as608.o(.text)
    PS_Empty                                 0x080025cf   Thumb Code    52  as608.o(.text)
    EnsureMessage                            0x08002603   Thumb Code   130  as608.o(.text)
    PS_WriteReg                              0x08002685   Thumb Code   566  as608.o(.text)
    PS_ReadSysPara                           0x080028bb   Thumb Code   156  as608.o(.text)
    PS_SetAddr                               0x08002957   Thumb Code   128  as608.o(.text)
    PS_WriteNotepad                          0x080029d7   Thumb Code    90  as608.o(.text)
    PS_ReadNotepad                           0x08002a31   Thumb Code    82  as608.o(.text)
    PS_HighSpeedSearch                       0x08002a83   Thumb Code   130  as608.o(.text)
    PS_ValidTempleteNum                      0x08002b05   Thumb Code    98  as608.o(.text)
    PS_HandShake                             0x08002b67   Thumb Code   100  as608.o(.text)
    BEEP_Init                                0x08002c65   Thumb Code    50  beep.o(.text)
    TIM7_IRQHandler                          0x08002c9d   Thumb Code    48  timer.o(.text)
    TIM7_Int_Init                            0x08002ccd   Thumb Code    90  timer.o(.text)
    USART2_IRQHandler                        0x08002d31   Thumb Code    86  usart2.o(.text)
    usart2_init                              0x08002d87   Thumb Code   182  usart2.o(.text)
    u2_printf                                0x08002e3d   Thumb Code    68  usart2.o(.text)
    Key_Config                               0x08002e9d   Thumb Code    66  key.o(.text)
    KeyScan                                  0x08002edf   Thumb Code   302  key.o(.text)
    GetKeyVal                                0x0800300d   Thumb Code    98  key.o(.text)
    GET_NUM                                  0x08003075   Thumb Code   104  handle_as608.o(.text)
    GET_str                                  0x080030dd   Thumb Code    88  handle_as608.o(.text)
    del_str                                  0x08003135   Thumb Code    30  handle_as608.o(.text)
    Add_FR                                   0x08003153   Thumb Code   332  handle_as608.o(.text)
    press_FR                                 0x0800329f   Thumb Code   178  handle_as608.o(.text)
    verify_FR                                0x08003351   Thumb Code   228  handle_as608.o(.text)
    Del_FR                                   0x08003435   Thumb Code   892  handle_as608.o(.text)
    Handle_AS608                             0x080037b1   Thumb Code   164  handle_as608.o(.text)
    handle_FR                                0x080038f5   Thumb Code   328  handle_code.o(.text)
    handle_sys                               0x08003a3d   Thumb Code  1260  handle_code.o(.text)
    SPI_FLASH_Init                           0x08003f29   Thumb Code   178  bsp_spi_flash.o(.text)
    SPI_FLASH_SendByte                       0x08003fe9   Thumb Code   102  bsp_spi_flash.o(.text)
    SPI_FLASH_WaitForWriteEnd                0x0800404f   Thumb Code    40  bsp_spi_flash.o(.text)
    SPI_FLASH_WriteEnable                    0x08004077   Thumb Code    30  bsp_spi_flash.o(.text)
    SPI_FLASH_SectorErase                    0x08004095   Thumb Code    64  bsp_spi_flash.o(.text)
    SPI_FLASH_BulkErase                      0x080040d5   Thumb Code    36  bsp_spi_flash.o(.text)
    SPI_FLASH_PageWrite                      0x080040f9   Thumb Code    96  bsp_spi_flash.o(.text)
    SPI_FLASH_BufferWrite                    0x08004159   Thumb Code   202  bsp_spi_flash.o(.text)
    SPI_FLASH_BufferRead                     0x08004223   Thumb Code    78  bsp_spi_flash.o(.text)
    SPI_FLASH_ReadID                         0x08004271   Thumb Code    62  bsp_spi_flash.o(.text)
    SPI_FLASH_ReadDeviceID                   0x080042af   Thumb Code    56  bsp_spi_flash.o(.text)
    SPI_FLASH_StartReadSequence              0x080042e7   Thumb Code    42  bsp_spi_flash.o(.text)
    SPI_FLASH_ReadByte                       0x08004311   Thumb Code     4  bsp_spi_flash.o(.text)
    SPI_FLASH_SendHalfWord                   0x08004315   Thumb Code   214  bsp_spi_flash.o(.text)
    SPI_Flash_PowerDown                      0x080043eb   Thumb Code    30  bsp_spi_flash.o(.text)
    SPI_Flash_WAKEUP                         0x08004409   Thumb Code    30  bsp_spi_flash.o(.text)
    Handle_flash                             0x0800442d   Thumb Code   416  handle_flash.o(.text)
    codeOpen_entry                           0x08004749   Thumb Code    26  open.o(.text)
    FRopen_entry                             0x08004763   Thumb Code   166  open.o(.text)
    rt_system_tick_init                      0x08004881   Thumb Code     2  clock.o(.text)
    rt_tick_get                              0x08004883   Thumb Code     6  clock.o(.text)
    rt_tick_set                              0x08004889   Thumb Code    20  clock.o(.text)
    rt_tick_increase                         0x0800489d   Thumb Code    38  clock.o(.text)
    rt_tick_from_millisecond                 0x080048c3   Thumb Code    34  clock.o(.text)
    rt_components_board_init                 0x080048f9   Thumb Code    20  components.o(.text)
    rt_components_init                       0x0800490d   Thumb Code    20  components.o(.text)
    main_thread_entry                        0x08004921   Thumb Code    14  components.o(.text)
    rt_application_init                      0x0800492f   Thumb Code    34  components.o(.text)
    rtthread_startup                         0x08004951   Thumb Code    42  components.o(.text)
    main                                     0x0800497b   Thumb Code    14  components.o(.text)
    rt_thread_idle_excute                    0x0800499d   Thumb Code   118  idle.o(.text)
    rt_thread_idle_init                      0x08004a19   Thumb Code    46  idle.o(.text)
    rt_thread_idle_gethandler                0x08004a47   Thumb Code     6  idle.o(.text)
    rt_sem_init                              0x08004afb   Thumb Code    36  ipc.o(.text)
    rt_sem_detach                            0x08004b1f   Thumb Code    22  ipc.o(.text)
    rt_sem_create                            0x08004b35   Thumb Code    32  ipc.o(.text)
    rt_sem_delete                            0x08004b55   Thumb Code    22  ipc.o(.text)
    rt_sem_take                              0x08004b6b   Thumb Code   110  ipc.o(.text)
    rt_sem_trytake                           0x08004bd9   Thumb Code     4  ipc.o(.text)
    rt_sem_release                           0x08004bdd   Thumb Code    62  ipc.o(.text)
    rt_sem_control                           0x08004c1b   Thumb Code    46  ipc.o(.text)
    rt_mutex_init                            0x08004c49   Thumb Code    42  ipc.o(.text)
    rt_mutex_detach                          0x08004c73   Thumb Code    22  ipc.o(.text)
    rt_mutex_create                          0x08004c89   Thumb Code    42  ipc.o(.text)
    rt_mutex_delete                          0x08004cb3   Thumb Code    22  ipc.o(.text)
    rt_mutex_take                            0x08004cc9   Thumb Code   184  ipc.o(.text)
    rt_mutex_release                         0x08004d81   Thumb Code   144  ipc.o(.text)
    rt_mutex_control                         0x08004e11   Thumb Code     6  ipc.o(.text)
    rt_event_init                            0x08004e17   Thumb Code    32  ipc.o(.text)
    rt_event_detach                          0x08004e37   Thumb Code    22  ipc.o(.text)
    rt_event_create                          0x08004e4d   Thumb Code    32  ipc.o(.text)
    rt_event_delete                          0x08004e6d   Thumb Code    22  ipc.o(.text)
    rt_event_send                            0x08004e83   Thumb Code   144  ipc.o(.text)
    rt_event_recv                            0x08004f13   Thumb Code   208  ipc.o(.text)
    rt_event_control                         0x08004fe3   Thumb Code    46  ipc.o(.text)
    rt_mb_init                               0x08005011   Thumb Code    52  ipc.o(.text)
    rt_mb_detach                             0x08005045   Thumb Code    30  ipc.o(.text)
    rt_mb_create                             0x08005063   Thumb Code    76  ipc.o(.text)
    rt_mb_delete                             0x080050af   Thumb Code    36  ipc.o(.text)
    rt_mb_send_wait                          0x080050d3   Thumb Code   242  ipc.o(.text)
    rt_mb_send                               0x080051c5   Thumb Code     4  ipc.o(.text)
    rt_mb_recv                               0x080051c9   Thumb Code   242  ipc.o(.text)
    rt_mb_control                            0x080052bb   Thumb Code    58  ipc.o(.text)
    rt_mq_init                               0x080052f5   Thumb Code    98  ipc.o(.text)
    rt_mq_detach                             0x08005357   Thumb Code    22  ipc.o(.text)
    rt_mq_delete                             0x0800536d   Thumb Code    28  ipc.o(.text)
    rt_mq_create                             0x08005389   Thumb Code   114  ipc.o(.text)
    rt_mq_send                               0x080053fb   Thumb Code   132  ipc.o(.text)
    rt_mq_urgent                             0x0800547f   Thumb Code   126  ipc.o(.text)
    rt_mq_recv                               0x080054fd   Thumb Code   240  ipc.o(.text)
    rt_mq_control                            0x080055ed   Thumb Code    72  ipc.o(.text)
    rt_interrupt_enter                       0x08005661   Thumb Code    22  irq.o(.text)
    rt_interrupt_leave                       0x08005677   Thumb Code    22  irq.o(.text)
    rt_interrupt_get_nest                    0x0800568d   Thumb Code     6  irq.o(.text)
    rt_get_errno                             0x08005699   Thumb Code    28  kservice.o(.text)
    rt_set_errno                             0x080056b5   Thumb Code    30  kservice.o(.text)
    _rt_errno                                0x080056d3   Thumb Code    26  kservice.o(.text)
    rt_memset                                0x080056ed   Thumb Code    20  kservice.o(.text)
    rt_memcpy                                0x08005701   Thumb Code    58  kservice.o(.text)
    rt_memmove                               0x0800573b   Thumb Code    52  kservice.o(.text)
    rt_memcmp                                0x0800576f   Thumb Code    28  kservice.o(.text)
    rt_strlen                                0x0800578b   Thumb Code    16  kservice.o(.text)
    rt_strstr                                0x0800579b   Thumb Code    60  kservice.o(.text)
    rt_strcasecmp                            0x080057d7   Thumb Code    42  kservice.o(.text)
    rt_strncpy                               0x08005801   Thumb Code    38  kservice.o(.text)
    rt_strncmp                               0x08005827   Thumb Code    34  kservice.o(.text)
    rt_strcmp                                0x08005849   Thumb Code    32  kservice.o(.text)
    rt_strnlen                               0x08005869   Thumb Code    20  kservice.o(.text)
    rt_strdup                                0x0800587d   Thumb Code    40  kservice.o(.text)
    rt_vsnprintf                             0x080059cb   Thumb Code   668  kservice.o(.text)
    rt_kprintf                               0x08005c67   Thumb Code    30  kservice.o(.text)
    rt_show_version                          0x08005c85   Thumb Code    38  kservice.o(.text)
    rt_snprintf                              0x08005cab   Thumb Code    18  kservice.o(.text)
    rt_vsprintf                              0x08005cbd   Thumb Code    16  kservice.o(.text)
    rt_sprintf                               0x08005ccd   Thumb Code    14  kservice.o(.text)
    rt_kputs                                 0x08005cdb   Thumb Code    12  kservice.o(.text)
    rt_malloc_align                          0x08005ce7   Thumb Code    50  kservice.o(.text)
    rt_free_align                            0x08005d19   Thumb Code     8  kservice.o(.text)
    __rt_ffs                                 0x08005d21   Thumb Code    66  kservice.o(.text)
    rt_system_heap_init                      0x08005e6d   Thumb Code   100  mem.o(.text)
    rt_malloc                                0x08005ed1   Thumb Code   252  mem.o(.text)
    rt_free                                  0x08005fcd   Thumb Code   112  mem.o(.text)
    rt_realloc                               0x0800603d   Thumb Code   224  mem.o(.text)
    rt_calloc                                0x0800611d   Thumb Code    28  mem.o(.text)
    rt_memory_info                           0x08006139   Thumb Code    28  mem.o(.text)
    rt_system_object_init                    0x080061ed   Thumb Code     2  object.o(.text)
    rt_object_get_information                0x080061ef   Thumb Code    30  object.o(.text)
    rt_object_init                           0x0800620d   Thumb Code    60  object.o(.text)
    rt_object_detach                         0x08006249   Thumb Code    28  object.o(.text)
    rt_object_allocate                       0x08006265   Thumb Code    74  object.o(.text)
    rt_object_delete                         0x080062af   Thumb Code    34  object.o(.text)
    rt_object_is_systemobject                0x080062d1   Thumb Code    14  object.o(.text)
    rt_object_find                           0x080062df   Thumb Code    74  object.o(.text)
    rt_system_scheduler_init                 0x0800634d   Thumb Code    44  scheduler.o(.text)
    rt_system_scheduler_start                0x08006379   Thumb Code    32  scheduler.o(.text)
    rt_schedule                              0x08006399   Thumb Code   102  scheduler.o(.text)
    rt_schedule_insert_thread                0x080063ff   Thumb Code    68  scheduler.o(.text)
    rt_schedule_remove_thread                0x08006443   Thumb Code    74  scheduler.o(.text)
    rt_enter_critical                        0x0800648d   Thumb Code    22  scheduler.o(.text)
    rt_exit_critical                         0x080064a3   Thumb Code    42  scheduler.o(.text)
    rt_critical_level                        0x080064cd   Thumb Code     8  scheduler.o(.text)
    rt_thread_exit                           0x080064e1   Thumb Code    78  thread.o(.text)
    rt_thread_timeout                        0x0800652f   Thumb Code    32  thread.o(.text)
    rt_thread_init                           0x080065c1   Thumb Code    56  thread.o(.text)
    rt_thread_self                           0x080065f9   Thumb Code     6  thread.o(.text)
    rt_thread_resume                         0x080065ff   Thumb Code    60  thread.o(.text)
    rt_thread_startup                        0x0800663b   Thumb Code    38  thread.o(.text)
    rt_thread_detach                         0x08006661   Thumb Code    68  thread.o(.text)
    rt_thread_create                         0x080066a5   Thumb Code    76  thread.o(.text)
    rt_thread_delete                         0x080066f1   Thumb Code    58  thread.o(.text)
    rt_thread_yield                          0x0800672b   Thumb Code    88  thread.o(.text)
    rt_thread_suspend                        0x08006783   Thumb Code    66  thread.o(.text)
    rt_thread_sleep                          0x080067c5   Thumb Code    60  thread.o(.text)
    rt_thread_delay                          0x08006801   Thumb Code     2  thread.o(.text)
    rt_thread_control                        0x08006803   Thumb Code   102  thread.o(.text)
    rt_thread_find                           0x08006869   Thumb Code    78  thread.o(.text)
    rt_timer_init                            0x08006923   Thumb Code    42  timer_1.o(.text)
    rt_timer_detach                          0x0800694d   Thumb Code    32  timer_1.o(.text)
    rt_timer_create                          0x0800696d   Thumb Code    46  timer_1.o(.text)
    rt_timer_delete                          0x0800699b   Thumb Code    32  timer_1.o(.text)
    rt_timer_start                           0x080069bb   Thumb Code   206  timer_1.o(.text)
    rt_timer_stop                            0x08006a89   Thumb Code    46  timer_1.o(.text)
    rt_timer_control                         0x08006ab7   Thumb Code    52  timer_1.o(.text)
    rt_timer_check                           0x08006aeb   Thumb Code   102  timer_1.o(.text)
    rt_timer_next_timeout_tick               0x08006b51   Thumb Code     4  timer_1.o(.text)
    rt_system_timer_init                     0x08006b55   Thumb Code    20  timer_1.o(.text)
    rt_system_timer_thread_init              0x08006b69   Thumb Code     2  timer_1.o(.text)
    rt_hw_interrupt_disable                  0x08006bad   Thumb Code     8  context_rvds.o(.text)
    rt_hw_interrupt_enable                   0x08006bb5   Thumb Code     6  context_rvds.o(.text)
    rt_hw_context_switch                     0x08006bbb   Thumb Code    32  context_rvds.o(.text)
    rt_hw_context_switch_interrupt           0x08006bbb   Thumb Code     0  context_rvds.o(.text)
    PendSV_Handler                           0x08006bdb   Thumb Code    60  context_rvds.o(.text)
    rt_hw_context_switch_to                  0x08006c17   Thumb Code    58  context_rvds.o(.text)
    rt_hw_interrupt_thread_switch            0x08006c51   Thumb Code     2  context_rvds.o(.text)
    HardFault_Handler                        0x08006c53   Thumb Code    48  context_rvds.o(.text)
    rt_hw_stack_init                         0x08006c9d   Thumb Code    56  cpuport.o(.text)
    rt_hw_exception_install                  0x08006cd5   Thumb Code     6  cpuport.o(.text)
    rt_hw_hard_fault_exception               0x08006cdb   Thumb Code   180  cpuport.o(.text)
    rt_hw_cpu_shutdown                       0x08006d8f   Thumb Code     6  cpuport.o(.text)
    disk_status                              0x08006ee9   Thumb Code    36  diskio.o(.text)
    disk_initialize                          0x08006f0d   Thumb Code    30  diskio.o(.text)
    disk_read                                0x08006f2b   Thumb Code    46  diskio.o(.text)
    disk_write                               0x08006f59   Thumb Code    54  diskio.o(.text)
    disk_ioctl                               0x08006f8f   Thumb Code    54  diskio.o(.text)
    get_fattime                              0x08006fc5   Thumb Code     4  diskio.o(.text)
    clust2sect                               0x08007159   Thumb Code    24  ff.o(.text)
    get_fat                                  0x08007171   Thumb Code   254  ff.o(.text)
    put_fat                                  0x0800726f   Thumb Code   300  ff.o(.text)
    f_mount                                  0x08008369   Thumb Code    74  ff.o(.text)
    f_open                                   0x080083b3   Thumb Code   348  ff.o(.text)
    f_read                                   0x0800850f   Thumb Code   380  ff.o(.text)
    f_write                                  0x0800868b   Thumb Code   458  ff.o(.text)
    f_sync                                   0x08008855   Thumb Code   154  ff.o(.text)
    f_close                                  0x080088ef   Thumb Code    30  ff.o(.text)
    f_lseek                                  0x0800890d   Thumb Code   370  ff.o(.text)
    f_opendir                                0x08008a7f   Thumb Code   112  ff.o(.text)
    f_closedir                               0x08008aef   Thumb Code    20  ff.o(.text)
    f_readdir                                0x08008b03   Thumb Code    86  ff.o(.text)
    f_stat                                   0x08008b59   Thumb Code    64  ff.o(.text)
    f_getfree                                0x08008b99   Thumb Code   220  ff.o(.text)
    f_truncate                               0x08008c75   Thumb Code   178  ff.o(.text)
    f_unlink                                 0x08008d27   Thumb Code   166  ff.o(.text)
    f_mkdir                                  0x08008dcd   Thumb Code   358  ff.o(.text)
    f_chmod                                  0x08008f33   Thumb Code    78  ff.o(.text)
    f_rename                                 0x08008f81   Thumb Code   246  ff.o(.text)
    f_utime                                  0x08009077   Thumb Code    84  ff.o(.text)
    f_mkfs                                   0x080090cb   Thumb Code  1332  ff.o(.text)
    ff_convert                               0x08009639   Thumb Code    78  cc936.o(.text)
    ff_wtoupper                              0x08009687   Thumb Code    68  cc936.o(.text)
    StringToInt                              0x080096dd   Thumb Code    36  g4.o(.text)
    IntToString                              0x08009701   Thumb Code    76  g4.o(.text)
    G4_StatePinConfig                        0x0800974d   Thumb Code   138  g4.o(.text)
    G4_CheckSTAT                             0x080097d7   Thumb Code    22  g4.o(.text)
    G4_CheckLIKA                             0x080097ed   Thumb Code    20  g4.o(.text)
    G4_RST                                   0x08009801   Thumb Code    42  g4.o(.text)
    G4_USART_Config                          0x08009851   Thumb Code   154  g4.o(.text)
    G4_SendByte                              0x080098eb   Thumb Code    26  g4.o(.text)
    G4_SendArray                             0x08009905   Thumb Code    26  g4.o(.text)
    G4_SendString                            0x0800991f   Thumb Code    24  g4.o(.text)
    G4_Cmd                                   0x08009937   Thumb Code   158  g4.o(.text)
    G4_EnterATMode                           0x080099d5   Thumb Code    68  g4.o(.text)
    G4_ExitATMode                            0x08009a19   Thumb Code    12  g4.o(.text)
    G4_AT_RESTORE                            0x08009a25   Thumb Code    12  g4.o(.text)
    G4_AT_REBT                               0x08009a31   Thumb Code    12  g4.o(.text)
    G4_AT_UART_Query                         0x08009a3d   Thumb Code   108  g4.o(.text)
    G4_AT_UART_Set                           0x08009aa9   Thumb Code    90  g4.o(.text)
    G4_AT_LINKSTA                            0x08009b03   Thumb Code    52  g4.o(.text)
    G4_AT_SOCK                               0x08009b37   Thumb Code   286  g4.o(.text)
    G4_AT_HEARTMOD                           0x08009c55   Thumb Code    50  g4.o(.text)
    G4_AT_HEARTINFO                          0x08009c87   Thumb Code    48  g4.o(.text)
    G4_AT_HEARTM                             0x08009cb7   Thumb Code    62  g4.o(.text)
    G4_AT_UARTCLR                            0x08009cf5   Thumb Code    52  g4.o(.text)
    USART3_IRQHandler                        0x08009d29   Thumb Code   134  g4.o(.text)
    cJSON_GetErrorPtr                        0x08009e09   Thumb Code     6  cjson.o(.text)
    cJSON_InitHooks                          0x08009e89   Thumb Code    36  cjson.o(.text)
    cJSON_Delete                             0x08009ec7   Thumb Code    66  cjson.o(.text)
    cJSON_ParseWithOpts                      0x0800a8cf   Thumb Code    94  cjson.o(.text)
    cJSON_Parse                              0x0800a92d   Thumb Code     6  cjson.o(.text)
    cJSON_Print                              0x0800afe5   Thumb Code     8  cjson.o(.text)
    cJSON_PrintUnformatted                   0x0800afed   Thumb Code     8  cjson.o(.text)
    cJSON_PrintBuffered                      0x0800aff5   Thumb Code    38  cjson.o(.text)
    cJSON_GetArraySize                       0x0800b01b   Thumb Code    16  cjson.o(.text)
    cJSON_GetArrayItem                       0x0800b02b   Thumb Code    18  cjson.o(.text)
    cJSON_GetObjectItem                      0x0800b03d   Thumb Code    28  cjson.o(.text)
    cJSON_AddItemToArray                     0x0800b08d   Thumb Code    26  cjson.o(.text)
    cJSON_AddItemToObject                    0x0800b0a7   Thumb Code    42  cjson.o(.text)
    cJSON_AddItemToObjectCS                  0x0800b0d1   Thumb Code    50  cjson.o(.text)
    cJSON_AddItemReferenceToArray            0x0800b103   Thumb Code    20  cjson.o(.text)
    cJSON_AddItemReferenceToObject           0x0800b117   Thumb Code    24  cjson.o(.text)
    cJSON_DetachItemFromArray                0x0800b12f   Thumb Code    56  cjson.o(.text)
    cJSON_DeleteItemFromArray                0x0800b167   Thumb Code    14  cjson.o(.text)
    cJSON_DetachItemFromObject               0x0800b175   Thumb Code    50  cjson.o(.text)
    cJSON_DeleteItemFromObject               0x0800b1a7   Thumb Code    14  cjson.o(.text)
    cJSON_InsertItemInArray                  0x0800b1b5   Thumb Code    52  cjson.o(.text)
    cJSON_ReplaceItemInArray                 0x0800b1e9   Thumb Code    62  cjson.o(.text)
    cJSON_ReplaceItemInObject                0x0800b227   Thumb Code    60  cjson.o(.text)
    cJSON_CreateNull                         0x0800b263   Thumb Code    16  cjson.o(.text)
    cJSON_CreateTrue                         0x0800b273   Thumb Code    16  cjson.o(.text)
    cJSON_CreateFalse                        0x0800b283   Thumb Code    16  cjson.o(.text)
    cJSON_CreateBool                         0x0800b293   Thumb Code    24  cjson.o(.text)
    cJSON_CreateNumber                       0x0800b2ab   Thumb Code    36  cjson.o(.text)
    cJSON_CreateString                       0x0800b2cf   Thumb Code    28  cjson.o(.text)
    cJSON_CreateArray                        0x0800b2eb   Thumb Code    16  cjson.o(.text)
    cJSON_CreateObject                       0x0800b2fb   Thumb Code    16  cjson.o(.text)
    cJSON_CreateIntArray                     0x0800b30b   Thumb Code    64  cjson.o(.text)
    cJSON_CreateFloatArray                   0x0800b34b   Thumb Code    62  cjson.o(.text)
    cJSON_CreateDoubleArray                  0x0800b389   Thumb Code    60  cjson.o(.text)
    cJSON_CreateStringArray                  0x0800b3c5   Thumb Code    66  cjson.o(.text)
    cJSON_Duplicate                          0x0800b407   Thumb Code   150  cjson.o(.text)
    cJSON_Minify                             0x0800b49d   Thumb Code   166  cjson.o(.text)
    RotationWord                             0x0800b545   Thumb Code    18  aes.o(.text)
    XorBytes                                 0x0800b557   Thumb Code    24  aes.o(.text)
    AddRoundKey                              0x0800b56f   Thumb Code     4  aes.o(.text)
    SubBytes                                 0x0800b573   Thumb Code    32  aes.o(.text)
    ShiftRows                                0x0800b593   Thumb Code    70  aes.o(.text)
    GfMultBy02                               0x0800b5d9   Thumb Code    20  aes.o(.text)
    MixColumns                               0x0800b5ed   Thumb Code   208  aes.o(.text)
    BlockEncrypt                             0x0800b6bd   Thumb Code    66  aes.o(.text)
    BlockDecrypt                             0x0800b6ff   Thumb Code    74  aes.o(.text)
    AES_Init                                 0x0800b749   Thumb Code   116  aes.o(.text)
    AES_Encrypt                              0x0800b7bd   Thumb Code    66  aes.o(.text)
    AES_Encrypt_Oneself                      0x0800b7ff   Thumb Code     4  aes.o(.text)
    AES_Decrypt                              0x0800b803   Thumb Code    60  aes.o(.text)
    AES_Decrypt_Oneself                      0x0800b83f   Thumb Code     4  aes.o(.text)
    dataFiling_pkcs5padding                  0x0800b855   Thumb Code    34  myaes.o(.text)
    dataRemove_pkcs5padding                  0x0800b877   Thumb Code    12  myaes.o(.text)
    myaes_encrypt                            0x0800b883   Thumb Code   112  myaes.o(.text)
    myaes_decrypt                            0x0800b8f3   Thumb Code    44  myaes.o(.text)
    Base64_EncodeStr                         0x0800b921   Thumb Code   142  base64.o(.text)
    Base64_EncodeUChArr                      0x0800b9af   Thumb Code   140  base64.o(.text)
    Base64_DecodeToStr                       0x0800ba3b   Thumb Code   234  base64.o(.text)
    Base64_DecodeToUChArr                    0x0800bb25   Thumb Code   228  base64.o(.text)
    crc16bitbybit                            0x0800bc0d   Thumb Code    56  crc.o(.text)
    crc16table                               0x0800bc45   Thumb Code    38  crc.o(.text)
    crc16tablefast                           0x0800bc6b   Thumb Code    60  crc.o(.text)
    assembleWebMsg                           0x0800bcb1   Thumb Code    84  newweb.o(.text)
    newwebconnect_entry                      0x0800bd05   Thumb Code   248  newweb.o(.text)
    newwebhandle_entry                       0x0800bdfd   Thumb Code  1718  newweb.o(.text)
    tolower                                  0x0800c529   Thumb Code    12  tolower.o(.text)
    __aeabi_memcpy                           0x0800c535   Thumb Code    36  memcpya.o(.text)
    __aeabi_memcpy4                          0x0800c535   Thumb Code     0  memcpya.o(.text)
    __aeabi_memcpy8                          0x0800c535   Thumb Code     0  memcpya.o(.text)
    __aeabi_memset                           0x0800c559   Thumb Code    14  memseta.o(.text)
    __aeabi_memset4                          0x0800c559   Thumb Code     0  memseta.o(.text)
    __aeabi_memset8                          0x0800c559   Thumb Code     0  memseta.o(.text)
    __aeabi_memclr                           0x0800c567   Thumb Code     4  memseta.o(.text)
    __aeabi_memclr4                          0x0800c567   Thumb Code     0  memseta.o(.text)
    __aeabi_memclr8                          0x0800c567   Thumb Code     0  memseta.o(.text)
    _memset$wrapper                          0x0800c56b   Thumb Code    18  memseta.o(.text)
    strcat                                   0x0800c57d   Thumb Code    24  strcat.o(.text)
    strstr                                   0x0800c595   Thumb Code    36  strstr.o(.text)
    strchr                                   0x0800c5b9   Thumb Code    20  strchr.o(.text)
    strlen                                   0x0800c5cd   Thumb Code    14  strlen.o(.text)
    strcmp                                   0x0800c5db   Thumb Code    28  strcmp.o(.text)
    strcpy                                   0x0800c5f7   Thumb Code    18  strcpy.o(.text)
    strncmp                                  0x0800c609   Thumb Code    30  strncmp.o(.text)
    __aeabi_dadd                             0x0800c627   Thumb Code   322  dadd.o(.text)
    __aeabi_dsub                             0x0800c769   Thumb Code     6  dadd.o(.text)
    __aeabi_drsub                            0x0800c76f   Thumb Code     6  dadd.o(.text)
    __aeabi_dmul                             0x0800c775   Thumb Code   228  dmul.o(.text)
    __aeabi_i2d                              0x0800c859   Thumb Code    34  dflti.o(.text)
    __aeabi_d2iz                             0x0800c87b   Thumb Code    62  dfixi.o(.text)
    __aeabi_f2d                              0x0800c8b9   Thumb Code    38  f2d.o(.text)
    __aeabi_cdcmpeq                          0x0800c8e1   Thumb Code     0  cdcmple.o(.text)
    __aeabi_cdcmple                          0x0800c8e1   Thumb Code    48  cdcmple.o(.text)
    __aeabi_cdrcmple                         0x0800c911   Thumb Code    48  cdrcmple.o(.text)
    __aeabi_uidiv                            0x0800c941   Thumb Code     0  uidiv.o(.text)
    __aeabi_uidivmod                         0x0800c941   Thumb Code    44  uidiv.o(.text)
    __aeabi_uldivmod                         0x0800c96d   Thumb Code    98  uldiv.o(.text)
    __aeabi_llsl                             0x0800c9cf   Thumb Code    30  llshl.o(.text)
    _ll_shift_l                              0x0800c9cf   Thumb Code     0  llshl.o(.text)
    __aeabi_llsr                             0x0800c9ed   Thumb Code    32  llushr.o(.text)
    _ll_ushift_r                             0x0800c9ed   Thumb Code     0  llushr.o(.text)
    __aeabi_lasr                             0x0800ca0d   Thumb Code    36  llsshr.o(.text)
    _ll_sshift_r                             0x0800ca0d   Thumb Code     0  llsshr.o(.text)
    __I$use$fp                               0x0800ca31   Thumb Code     0  iusefp.o(.text)
    _double_round                            0x0800ca31   Thumb Code    30  depilogue.o(.text)
    _double_epilogue                         0x0800ca4f   Thumb Code   156  depilogue.o(.text)
    __aeabi_ddiv                             0x0800caeb   Thumb Code   222  ddiv.o(.text)
    __ARM_scalbn                             0x0800cbc9   Thumb Code    46  dscalb.o(.text)
    scalbn                                   0x0800cbc9   Thumb Code     0  dscalb.o(.text)
    __aeabi_d2ulz                            0x0800cbf7   Thumb Code    48  dfixul.o(.text)
    __scatterload                            0x0800cc29   Thumb Code    28  init.o(.text)
    __scatterload_rt2                        0x0800cc29   Thumb Code     0  init.o(.text)
    _dsqrt                                   0x0800cc4d   Thumb Code   162  dsqrt.o(.text)
    __decompress                             0x0800ccef   Thumb Code     0  __dczerorl2.o(.text)
    __decompress1                            0x0800ccef   Thumb Code    86  __dczerorl2.o(.text)
    __0printf                                0x0800cd45   Thumb Code    22  printfa.o(i.__0printf)
    __1printf                                0x0800cd45   Thumb Code     0  printfa.o(i.__0printf)
    __2printf                                0x0800cd45   Thumb Code     0  printfa.o(i.__0printf)
    __c89printf                              0x0800cd45   Thumb Code     0  printfa.o(i.__0printf)
    printf                                   0x0800cd45   Thumb Code     0  printfa.o(i.__0printf)
    __0sprintf                               0x0800cd65   Thumb Code    34  printfa.o(i.__0sprintf)
    __1sprintf                               0x0800cd65   Thumb Code     0  printfa.o(i.__0sprintf)
    __2sprintf                               0x0800cd65   Thumb Code     0  printfa.o(i.__0sprintf)
    __c89sprintf                             0x0800cd65   Thumb Code     0  printfa.o(i.__0sprintf)
    sprintf                                  0x0800cd65   Thumb Code     0  printfa.o(i.__0sprintf)
    __0vsprintf                              0x0800cd8d   Thumb Code    30  printfa.o(i.__0vsprintf)
    __1vsprintf                              0x0800cd8d   Thumb Code     0  printfa.o(i.__0vsprintf)
    __2vsprintf                              0x0800cd8d   Thumb Code     0  printfa.o(i.__0vsprintf)
    __c89vsprintf                            0x0800cd8d   Thumb Code     0  printfa.o(i.__0vsprintf)
    vsprintf                                 0x0800cd8d   Thumb Code     0  printfa.o(i.__0vsprintf)
    __ARM_fpclassify                         0x0800cdb1   Thumb Code    40  fpclassify.o(i.__ARM_fpclassify)
    __kernel_poly                            0x0800cdd9   Thumb Code   170  poly.o(i.__kernel_poly)
    __mathlib_dbl_divzero                    0x0800ce85   Thumb Code    12  dunder.o(i.__mathlib_dbl_divzero)
    __mathlib_dbl_infnan2                    0x0800ce95   Thumb Code     4  dunder.o(i.__mathlib_dbl_infnan2)
    __mathlib_dbl_invalid                    0x0800ce99   Thumb Code    12  dunder.o(i.__mathlib_dbl_invalid)
    __mathlib_dbl_overflow                   0x0800cea5   Thumb Code    14  dunder.o(i.__mathlib_dbl_overflow)
    __mathlib_dbl_underflow                  0x0800ceb5   Thumb Code    10  dunder.o(i.__mathlib_dbl_underflow)
    __scatterload_copy                       0x0800cec5   Thumb Code    14  handlers.o(i.__scatterload_copy)
    __scatterload_null                       0x0800ced3   Thumb Code     2  handlers.o(i.__scatterload_null)
    __scatterload_zeroinit                   0x0800ced5   Thumb Code    14  handlers.o(i.__scatterload_zeroinit)
    __set_errno                              0x0800cee5   Thumb Code     6  errno.o(i.__set_errno)
    floor                                    0x0800d7ad   Thumb Code   204  floor.o(i.floor)
    pow                                      0x0800d889   Thumb Code  2512  pow.o(i.pow)
    sqrt                                     0x0800e261   Thumb Code    76  sqrt.o(i.sqrt)
    __lowest_bit_bitmap                      0x0800e2ac   Data         256  kservice.o(.constdata)
    SBox                                     0x080394cf   Data         256  aes.o(.constdata)
    InvSBox                                  0x080395cf   Data         256  aes.o(.constdata)
    Base64_Table                             0x080396cf   Data          66  base64.o(.constdata)
    crctablehi                               0x08039712   Data         256  crc.o(.constdata)
    crctablelo                               0x08039812   Data         256  crc.o(.constdata)
    crctalbeabs                              0x08039912   Data          32  crc.o(.constdata)
    __mathlib_zero                           0x08039a20   Data           8  qnan.o(.constdata)
    __rt_init_rti_start                      0x08039a28   Data           4  components.o(.rti_fn.0)
    __rt_init_rti_board_start                0x08039a2c   Data           4  components.o(.rti_fn.0.end)
    __rt_init_rti_board_end                  0x08039a30   Data           4  components.o(.rti_fn.1.end)
    __rt_init_rti_end                        0x08039a34   Data           4  components.o(.rti_fn.6.end)
    Region$$Table$$Base                      0x08039a38   Number         0  anon$$obj.o(Region$$Table)
    Region$$Table$$Limit                     0x08039a58   Number         0  anon$$obj.o(Region$$Table)
    SystemCoreClock                          0x20000000   Data           4  system_stm32f10x.o(.data)
    AHBPrescTable                            0x20000004   Data          16  system_stm32f10x.o(.data)
    USART_RX_STA                             0x20000028   Data           2  bsp_usart.o(.data)
    AS608Addr                                0x2000002c   Data           4  as608.o(.data)
    USART2_RX_STA                            0x20000030   Data           2  usart2.o(.data)
    num                                      0x20000034   Data           4  handle_as608.o(.data)
    ValidN                                   0x20000038   Data           2  handle_as608.o(.data)
    verify_sign                              0x2000003c   Data           4  handle_as608.o(.data)
    sign                                     0x20000040   Data           4  handle_code.o(.data)
    i                                        0x20000044   Data           4  handle_code.o(.data)
    j                                        0x20000048   Data           4  handle_code.o(.data)
    flash_password                           0x2000004c   Data         100  handle_code.o(.data)
    sys_password                             0x200000b0   Data         100  handle_code.o(.data)
    tpc_code_t                               0x20000118   Data           1  handle_flash.o(.data)
    res                                      0x20000119   Data           1  handle_flash.o(.data)
    br                                       0x2000011c   Data           4  handle_flash.o(.data)
    wData1                                   0x20000120   Data         150  handle_flash.o(.data)
    wData2                                   0x200001b6   Data         150  handle_flash.o(.data)
    wData3                                   0x2000024c   Data          20  handle_flash.o(.data)
    rData                                    0x20000260   Data        4096  handle_flash.o(.data)
    bw                                       0x20001260   Data           4  handle_flash.o(.data)
    FRopen_thread                            0x20001264   Data           4  open.o(.data)
    codeOpen_thread                          0x20001268   Data           4  open.o(.data)
    rt_interrupt_nest                        0x20001270   Data           1  irq.o(.data)
    rt_current_priority                      0x20001310   Data           1  scheduler.o(.data)
    rt_current_thread                        0x20001314   Data           4  scheduler.o(.data)
    rt_thread_ready_priority_group           0x20001318   Data           4  scheduler.o(.data)
    rt_thread_defunct                        0x2000131c   Data           8  scheduler.o(.data)
    rt_interrupt_from_thread                 0x20001334   Data           4  cpuport.o(.data)
    rt_interrupt_to_thread                   0x20001338   Data           4  cpuport.o(.data)
    rt_thread_switch_interrupt_flag          0x2000133c   Data           4  cpuport.o(.data)
    G4_GET_POINT                             0x2000134c   Data           1  g4.o(.data)
    conn_flag                                0x2000135c   Data           1  newweb.o(.data)
    webmsg_sendmq                            0x20001360   Data           4  newweb.o(.data)
    webmsg_recemb                            0x20001364   Data           4  newweb.o(.data)
    frequency                                0x20001368   Data           4  newweb.o(.data)
    TPC_code                                 0x2000136c   Data           4  newweb.o(.data)
    token                                    0x20001370   Data          71  newweb.o(.data)
    auth_key                                 0x200013b7   Data          16  newweb.o(.data)
    webmsgsend_th                            0x200013c8   Data           4  newweb.o(.data)
    webmsgrece_th                            0x200013cc   Data           4  newweb.o(.data)
    __stdout                                 0x200013d0   Data           4  stdout.o(.data)
    USART_RX_BUF                             0x2000b3d8   Data         200  bsp_usart.o(.bss)
    USART2_RX_BUF                            0x2000b4a0   Data         400  usart2.o(.bss)
    USART2_TX_BUF                            0x2000b630   Data         400  usart2.o(.bss)
    AS608Para                                0x2000b7c0   Data          12  handle_as608.o(.bss)
    password                                 0x2000b7cc   Data         100  handle_code.o(.bss)
    openinig_password                        0x2000b830   Data         100  handle_code.o(.bss)
    rData1                                   0x2000b894   Data         128  handle_code.o(.bss)
    fsObject                                 0x2000b914   Data        4144  handle_flash.o(.bss)
    fp                                       0x2000c944   Data        4132  handle_flash.o(.bss)
    rt_thread_priority_table                 0x2000db88   Data         256  scheduler.o(.bss)
    G4_Fram_Record                           0x2000de88   Data         260  g4.o(.bss)
    G4_GET                                   0x2000df8c   Data        4506  g4.o(.bss)
    g_KeyTable                               0x2000f126   Data         176  aes.o(.bss)
    g_AES_IV                                 0x2000f1d6   Data          16  aes.o(.bss)
    comm_key                                 0x2000f1e6   Data          16  newweb.o(.bss)
    __initial_sp                             0x2000f5f8   Data           0  startup_stm32f10x_hd.o(STACK)



==============================================================================

Memory Map of the image

  Image Entry point : 0x08000131

  Load Region LR_IROM1 (Base: 0x08000000, Size: 0x0003ae30, Max: 0x00080000, ABSOLUTE, COMPRESSED[0x00039b5c])

    Execution Region ER_IROM1 (Exec base: 0x08000000, Load base: 0x08000000, Size: 0x00039a58, Max: 0x00080000, ABSOLUTE)

    Exec Addr    Load Addr    Size         Type   Attr      Idx    E Section Name        Object

    0x08000000   0x08000000   0x00000130   Data   RO            3    RESET               startup_stm32f10x_hd.o
    0x08000130   0x08000130   0x00000000   Code   RO         1293  * .ARM.Collect$$$$00000000  mc_w.l(entry.o)
    0x08000130   0x08000130   0x00000004   Code   RO         1620    .ARM.Collect$$$$00000001  mc_w.l(entry2.o)
    0x08000134   0x08000134   0x00000004   Code   RO         1623    .ARM.Collect$$$$00000004  mc_w.l(entry5.o)
    0x08000138   0x08000138   0x00000000   Code   RO         1625    .ARM.Collect$$$$00000008  mc_w.l(entry7b.o)
    0x08000138   0x08000138   0x00000000   Code   RO         1627    .ARM.Collect$$$$0000000A  mc_w.l(entry8b.o)
    0x08000138   0x08000138   0x00000008   Code   RO         1628    .ARM.Collect$$$$0000000B  mc_w.l(entry9a.o)
    0x08000140   0x08000140   0x00000000   Code   RO         1630    .ARM.Collect$$$$0000000D  mc_w.l(entry10a.o)
    0x08000140   0x08000140   0x00000000   Code   RO         1632    .ARM.Collect$$$$0000000F  mc_w.l(entry11a.o)
    0x08000140   0x08000140   0x00000004   Code   RO         1621    .ARM.Collect$$$$00002712  mc_w.l(entry2.o)
    0x08000144   0x08000144   0x00000024   Code   RO            4    .text               startup_stm32f10x_hd.o
    0x08000168   0x08000168   0x00000174   Code   RO           24    .text               system_stm32f10x.o
    0x080002dc   0x080002dc   0x000000b8   Code   RO          121    .text               misc.o
    0x08000394   0x08000394   0x000000ec   Code   RO          233    .text               stm32f10x_exti.o
    0x08000480   0x08000480   0x00000298   Code   RO          269    .text               stm32f10x_gpio.o
    0x08000718   0x08000718   0x000002f4   Code   RO          317    .text               stm32f10x_rcc.o
    0x08000a0c   0x08000a0c   0x000002b4   Code   RO          355    .text               stm32f10x_spi.o
    0x08000cc0   0x08000cc0   0x00000c2a   Code   RO          367    .text               stm32f10x_tim.o
    0x080018ea   0x080018ea   0x00000002   PAD
    0x080018ec   0x080018ec   0x0000039c   Code   RO          379    .text               stm32f10x_usart.o
    0x08001c88   0x08001c88   0x000000f0   Code   RO          403    .text               board.o
    0x08001d78   0x08001d78   0x000002d4   Code   RO          525    .text               main.o
    0x0800204c   0x0800204c   0x00000060   Code   RO          575    .text               bsp_led.o
    0x080020ac   0x080020ac   0x000001f4   Code   RO          587    .text               bsp_usart.o
    0x080022a0   0x080022a0   0x00000028   Code   RO          610    .text               bsp_key.o
    0x080022c8   0x080022c8   0x0000099c   Code   RO          622    .text               as608.o
    0x08002c64   0x08002c64   0x00000038   Code   RO          653    .text               beep.o
    0x08002c9c   0x08002c9c   0x00000094   Code   RO          665    .text               timer.o
    0x08002d30   0x08002d30   0x0000016c   Code   RO          678    .text               usart2.o
    0x08002e9c   0x08002e9c   0x000001d8   Code   RO          713    .text               key.o
    0x08003074   0x08003074   0x00000880   Code   RO          731    .text               handle_as608.o
    0x080038f4   0x080038f4   0x00000634   Code   RO          748    .text               handle_code.o
    0x08003f28   0x08003f28   0x00000504   Code   RO          778    .text               bsp_spi_flash.o
    0x0800442c   0x0800442c   0x0000031c   Code   RO          792    .text               handle_flash.o
    0x08004748   0x08004748   0x00000138   Code   RO          818    .text               open.o
    0x08004880   0x08004880   0x00000068   Code   RO          838    .text               clock.o
    0x080048e8   0x080048e8   0x000000b4   Code   RO          852    .text               components.o
    0x0800499c   0x0800499c   0x000000d4   Code   RO          876    .text               idle.o
    0x08004a70   0x08004a70   0x00000bee   Code   RO          894    .text               ipc.o
    0x0800565e   0x0800565e   0x00000002   PAD
    0x08005660   0x08005660   0x00000038   Code   RO          909    .text               irq.o
    0x08005698   0x08005698   0x00000784   Code   RO          924    .text               kservice.o
    0x08005e1c   0x08005e1c   0x000003d0   Code   RO          941    .text               mem.o
    0x080061ec   0x080061ec   0x00000160   Code   RO          977    .text               object.o
    0x0800634c   0x0800634c   0x00000194   Code   RO          994    .text               scheduler.o
    0x080064e0   0x080064e0   0x00000402   Code   RO         1020    .text               thread.o
    0x080068e2   0x080068e2   0x00000002   PAD
    0x080068e4   0x080068e4   0x000002c8   Code   RO         1036    .text               timer_1.o
    0x08006bac   0x08006bac   0x000000f0   Code   RO         1053    .text               context_rvds.o
    0x08006c9c   0x08006c9c   0x0000024c   Code   RO         1057    .text               cpuport.o
    0x08006ee8   0x08006ee8   0x000000e4   Code   RO         1075    .text               diskio.o
    0x08006fcc   0x08006fcc   0x0000266c   Code   RO         1093    .text               ff.o
    0x08009638   0x08009638   0x000000a4   Code   RO         1115    .text               cc936.o
    0x080096dc   0x080096dc   0x0000072c   Code   RO         1138    .text               g4.o
    0x08009e08   0x08009e08   0x0000173a   Code   RO         1160    .text               cjson.o
    0x0800b542   0x0800b542   0x00000002   PAD
    0x0800b544   0x0800b544   0x00000310   Code   RO         1194    .text               aes.o
    0x0800b854   0x0800b854   0x000000ca   Code   RO         1210    .text               myaes.o
    0x0800b91e   0x0800b91e   0x00000002   PAD
    0x0800b920   0x0800b920   0x000002ec   Code   RO         1225    .text               base64.o
    0x0800bc0c   0x0800bc0c   0x000000a4   Code   RO         1240    .text               crc.o
    0x0800bcb0   0x0800bcb0   0x00000878   Code   RO         1256    .text               newweb.o
    0x0800c528   0x0800c528   0x0000000c   Code   RO         1296    .text               mc_w.l(tolower.o)
    0x0800c534   0x0800c534   0x00000024   Code   RO         1298    .text               mc_w.l(memcpya.o)
    0x0800c558   0x0800c558   0x00000024   Code   RO         1300    .text               mc_w.l(memseta.o)
    0x0800c57c   0x0800c57c   0x00000018   Code   RO         1302    .text               mc_w.l(strcat.o)
    0x0800c594   0x0800c594   0x00000024   Code   RO         1304    .text               mc_w.l(strstr.o)
    0x0800c5b8   0x0800c5b8   0x00000014   Code   RO         1306    .text               mc_w.l(strchr.o)
    0x0800c5cc   0x0800c5cc   0x0000000e   Code   RO         1308    .text               mc_w.l(strlen.o)
    0x0800c5da   0x0800c5da   0x0000001c   Code   RO         1310    .text               mc_w.l(strcmp.o)
    0x0800c5f6   0x0800c5f6   0x00000012   Code   RO         1312    .text               mc_w.l(strcpy.o)
    0x0800c608   0x0800c608   0x0000001e   Code   RO         1314    .text               mc_w.l(strncmp.o)
    0x0800c626   0x0800c626   0x0000014e   Code   RO         1579    .text               mf_w.l(dadd.o)
    0x0800c774   0x0800c774   0x000000e4   Code   RO         1581    .text               mf_w.l(dmul.o)
    0x0800c858   0x0800c858   0x00000022   Code   RO         1583    .text               mf_w.l(dflti.o)
    0x0800c87a   0x0800c87a   0x0000003e   Code   RO         1585    .text               mf_w.l(dfixi.o)
    0x0800c8b8   0x0800c8b8   0x00000026   Code   RO         1587    .text               mf_w.l(f2d.o)
    0x0800c8de   0x0800c8de   0x00000002   PAD
    0x0800c8e0   0x0800c8e0   0x00000030   Code   RO         1589    .text               mf_w.l(cdcmple.o)
    0x0800c910   0x0800c910   0x00000030   Code   RO         1591    .text               mf_w.l(cdrcmple.o)
    0x0800c940   0x0800c940   0x0000002c   Code   RO         1635    .text               mc_w.l(uidiv.o)
    0x0800c96c   0x0800c96c   0x00000062   Code   RO         1637    .text               mc_w.l(uldiv.o)
    0x0800c9ce   0x0800c9ce   0x0000001e   Code   RO         1639    .text               mc_w.l(llshl.o)
    0x0800c9ec   0x0800c9ec   0x00000020   Code   RO         1641    .text               mc_w.l(llushr.o)
    0x0800ca0c   0x0800ca0c   0x00000024   Code   RO         1643    .text               mc_w.l(llsshr.o)
    0x0800ca30   0x0800ca30   0x00000000   Code   RO         1652    .text               mc_w.l(iusefp.o)
    0x0800ca30   0x0800ca30   0x000000ba   Code   RO         1653    .text               mf_w.l(depilogue.o)
    0x0800caea   0x0800caea   0x000000de   Code   RO         1655    .text               mf_w.l(ddiv.o)
    0x0800cbc8   0x0800cbc8   0x0000002e   Code   RO         1657    .text               mf_w.l(dscalb.o)
    0x0800cbf6   0x0800cbf6   0x00000030   Code   RO         1659    .text               mf_w.l(dfixul.o)
    0x0800cc26   0x0800cc26   0x00000002   PAD
    0x0800cc28   0x0800cc28   0x00000024   Code   RO         1661    .text               mc_w.l(init.o)
    0x0800cc4c   0x0800cc4c   0x000000a2   Code   RO         1663    .text               mf_w.l(dsqrt.o)
    0x0800ccee   0x0800ccee   0x00000056   Code   RO         1673    .text               mc_w.l(__dczerorl2.o)
    0x0800cd44   0x0800cd44   0x00000020   Code   RO         1551    i.__0printf         mc_w.l(printfa.o)
    0x0800cd64   0x0800cd64   0x00000028   Code   RO         1553    i.__0sprintf        mc_w.l(printfa.o)
    0x0800cd8c   0x0800cd8c   0x00000024   Code   RO         1557    i.__0vsprintf       mc_w.l(printfa.o)
    0x0800cdb0   0x0800cdb0   0x00000028   Code   RO         1607    i.__ARM_fpclassify  m_ws.l(fpclassify.o)
    0x0800cdd8   0x0800cdd8   0x000000aa   Code   RO         1609    i.__kernel_poly     m_ws.l(poly.o)
    0x0800ce82   0x0800ce82   0x00000002   PAD
    0x0800ce84   0x0800ce84   0x00000010   Code   RO         1593    i.__mathlib_dbl_divzero  m_ws.l(dunder.o)
    0x0800ce94   0x0800ce94   0x00000004   Code   RO         1595    i.__mathlib_dbl_infnan2  m_ws.l(dunder.o)
    0x0800ce98   0x0800ce98   0x0000000c   Code   RO         1596    i.__mathlib_dbl_invalid  m_ws.l(dunder.o)
    0x0800cea4   0x0800cea4   0x0000000e   Code   RO         1597    i.__mathlib_dbl_overflow  m_ws.l(dunder.o)
    0x0800ceb2   0x0800ceb2   0x00000002   PAD
    0x0800ceb4   0x0800ceb4   0x00000010   Code   RO         1599    i.__mathlib_dbl_underflow  m_ws.l(dunder.o)
    0x0800cec4   0x0800cec4   0x0000000e   Code   RO         1667    i.__scatterload_copy  mc_w.l(handlers.o)
    0x0800ced2   0x0800ced2   0x00000002   Code   RO         1668    i.__scatterload_null  mc_w.l(handlers.o)
    0x0800ced4   0x0800ced4   0x0000000e   Code   RO         1669    i.__scatterload_zeroinit  mc_w.l(handlers.o)
    0x0800cee2   0x0800cee2   0x00000002   PAD
    0x0800cee4   0x0800cee4   0x0000000c   Code   RO         1647    i.__set_errno       mc_w.l(errno.o)
    0x0800cef0   0x0800cef0   0x00000184   Code   RO         1558    i._fp_digits        mc_w.l(printfa.o)
    0x0800d074   0x0800d074   0x000006dc   Code   RO         1559    i._printf_core      mc_w.l(printfa.o)
    0x0800d750   0x0800d750   0x00000024   Code   RO         1560    i._printf_post_padding  mc_w.l(printfa.o)
    0x0800d774   0x0800d774   0x0000002e   Code   RO         1561    i._printf_pre_padding  mc_w.l(printfa.o)
    0x0800d7a2   0x0800d7a2   0x0000000a   Code   RO         1563    i._sputc            mc_w.l(printfa.o)
    0x0800d7ac   0x0800d7ac   0x000000dc   Code   RO         1280    i.floor             m_ws.l(floor.o)
    0x0800d888   0x0800d888   0x000009d8   Code   RO         1284    i.pow               m_ws.l(pow.o)
    0x0800e260   0x0800e260   0x0000004c   Code   RO         1613    i.sqrt              m_ws.l(sqrt.o)
    0x0800e2ac   0x0800e2ac   0x00000122   Data   RO          926    .constdata          kservice.o
    0x0800e3ce   0x0800e3ce   0x0000003a   Data   RO         1095    .constdata          ff.o
    0x0800e408   0x0800e408   0x0002b0c0   Data   RO         1116    .constdata          cc936.o
    0x080394c8   0x080394c8   0x00000007   Data   RO         1161    .constdata          cjson.o
    0x080394cf   0x080394cf   0x00000200   Data   RO         1196    .constdata          aes.o
    0x080396cf   0x080396cf   0x00000042   Data   RO         1226    .constdata          base64.o
    0x08039711   0x08039711   0x00000001   PAD
    0x08039712   0x08039712   0x00000220   Data   RO         1242    .constdata          crc.o
    0x08039932   0x08039932   0x00000002   PAD
    0x08039934   0x08039934   0x00000064   Data   RO         1258    .constdata          newweb.o
    0x08039998   0x08039998   0x00000088   Data   RO         1285    .constdata          m_ws.l(pow.o)
    0x08039a20   0x08039a20   0x00000008   Data   RO         1611    .constdata          m_ws.l(qnan.o)
    0x08039a28   0x08039a28   0x00000004   Data   RO          853    .rti_fn.0           components.o
    0x08039a2c   0x08039a2c   0x00000004   Data   RO          854    .rti_fn.0.end       components.o
    0x08039a30   0x08039a30   0x00000004   Data   RO          855    .rti_fn.1.end       components.o
    0x08039a34   0x08039a34   0x00000004   Data   RO          856    .rti_fn.6.end       components.o
    0x08039a38   0x08039a38   0x00000020   Data   RO         1665    Region$$Table       anon$$obj.o


    Execution Region RW_IRAM1 (Exec base: 0x20000000, Load base: 0x08039a58, Size: 0x0000f5f8, Max: 0x00010000, ABSOLUTE, COMPRESSED[0x00000104])

    Exec Addr    Load Addr    Size         Type   Attr      Idx    E Section Name        Object

    0x20000000   COMPRESSED   0x00000014   Data   RW           25    .data               system_stm32f10x.o
    0x20000014   COMPRESSED   0x00000014   Data   RW          318    .data               stm32f10x_rcc.o
    0x20000028   COMPRESSED   0x00000002   Data   RW          589    .data               bsp_usart.o
    0x2000002a   COMPRESSED   0x00000002   PAD
    0x2000002c   COMPRESSED   0x00000004   Data   RW          623    .data               as608.o
    0x20000030   COMPRESSED   0x00000002   Data   RW          680    .data               usart2.o
    0x20000032   COMPRESSED   0x00000002   PAD
    0x20000034   COMPRESSED   0x00000004   Data   RW          733    .data               handle_as608.o
    0x20000038   COMPRESSED   0x00000008   Data   RW          734    .data               handle_as608.o
    0x20000040   COMPRESSED   0x000000d4   Data   RW          750    .data               handle_code.o
    0x20000114   COMPRESSED   0x00000004   Data   RW          779    .data               bsp_spi_flash.o
    0x20000118   COMPRESSED   0x00000148   Data   RW          794    .data               handle_flash.o
    0x20000260   COMPRESSED   0x00001000   Data   RW          795    .data               handle_flash.o
    0x20001260   COMPRESSED   0x00000004   Data   RW          796    .data               handle_flash.o
    0x20001264   COMPRESSED   0x00000004   Data   RW          819    .data               open.o
    0x20001268   COMPRESSED   0x00000004   Data   RW          820    .data               open.o
    0x2000126c   COMPRESSED   0x00000004   Data   RW          839    .data               clock.o
    0x20001270   COMPRESSED   0x00000001   Data   RW          910    .data               irq.o
    0x20001271   COMPRESSED   0x00000003   PAD
    0x20001274   COMPRESSED   0x00000004   Data   RW          927    .data               kservice.o
    0x20001278   COMPRESSED   0x00000018   Data   RW          943    .data               mem.o
    0x20001290   COMPRESSED   0x00000080   Data   RW          978    .data               object.o
    0x20001310   COMPRESSED   0x00000014   Data   RW          996    .data               scheduler.o
    0x20001324   COMPRESSED   0x0000000c   Data   RW         1037    .data               timer_1.o
    0x20001330   COMPRESSED   0x00000004   Data   RW         1058    .data               cpuport.o
    0x20001334   COMPRESSED   0x00000004   Data   RW         1059    .data               cpuport.o
    0x20001338   COMPRESSED   0x00000004   Data   RW         1060    .data               cpuport.o
    0x2000133c   COMPRESSED   0x00000004   Data   RW         1061    .data               cpuport.o
    0x20001340   COMPRESSED   0x0000000c   Data   RW         1096    .data               ff.o
    0x2000134c   COMPRESSED   0x00000004   Data   RW         1141    .data               g4.o
    0x20001350   COMPRESSED   0x0000000c   Data   RW         1162    .data               cjson.o
    0x2000135c   COMPRESSED   0x0000006b   Data   RW         1259    .data               newweb.o
    0x200013c7   COMPRESSED   0x00000001   PAD
    0x200013c8   COMPRESSED   0x00000004   Data   RW         1260    .data               newweb.o
    0x200013cc   COMPRESSED   0x00000004   Data   RW         1261    .data               newweb.o
    0x200013d0   COMPRESSED   0x00000004   Data   RW         1634    .data               mc_w.l(stdout.o)
    0x200013d4   COMPRESSED   0x00000004   Data   RW         1648    .data               mc_w.l(errno.o)
    0x200013d8        -       0x0000a000   Zero   RW          404    .bss                board.o
    0x2000b3d8        -       0x000000c8   Zero   RW          588    .bss                bsp_usart.o
    0x2000b4a0        -       0x00000320   Zero   RW          679    .bss                usart2.o
    0x2000b7c0        -       0x0000000c   Zero   RW          732    .bss                handle_as608.o
    0x2000b7cc        -       0x00000148   Zero   RW          749    .bss                handle_code.o
    0x2000b914        -       0x00002054   Zero   RW          793    .bss                handle_flash.o
    0x2000d968        -       0x00000180   Zero   RW          877    .bss                idle.o
    0x2000dae8        -       0x00000080   Zero   RW          925    .bss                kservice.o
    0x2000db68        -       0x00000020   Zero   RW          942    .bss                mem.o
    0x2000db88        -       0x00000100   Zero   RW          995    .bss                scheduler.o
    0x2000dc88        -       0x00000200   Zero   RW         1094    .bss                ff.o
    0x2000de88        -       0x0000129e   Zero   RW         1139    .bss                g4.o
    0x2000f126        -       0x000000c0   Zero   RW         1195    .bss                aes.o
    0x2000f1e6        -       0x00000010   Zero   RW         1257    .bss                newweb.o
    0x2000f1f6   COMPRESSED   0x00000002   PAD
    0x2000f1f8        -       0x00000400   Zero   RW            1    STACK               startup_stm32f10x_hd.o


==============================================================================

Image component sizes


      Code (inc. data)   RO Data    RW Data    ZI Data      Debug   Object Name

       784         18        512          0        192       4971   aes.o
      2460        656          0          4          0      10310   as608.o
       748          4         66          0          0       3631   base64.o
        56          6          0          0          0        504   beep.o
       240         20          0          0      40960      26646   board.o
        40          0          0          0          0       1047   bsp_key.o
        96          4          0          0          0        526   bsp_led.o
      1284        124          0          4          0       5700   bsp_spi_flash.o
       500         18          0          2        200       4480   bsp_usart.o
       164         18     176320          0          0       2329   cc936.o
      5946        178          7         12          0      27112   cjson.o
       104          4          0          4          0       1544   clock.o
       180         20         16          0          0       2566   components.o
       240         26          0          0          0        776   context_rvds.o
         0          0          0          0          0       4508   core_cm3.o
       588        340          0         16          0       3155   cpuport.o
       164         10        544          0          0       1958   crc.o
       228          4          0          0          0       4042   diskio.o
      9836        134         58         12        512      35794   ff.o
      1836        288          0          4       4766       9134   g4.o
      2176        936          0         12         12       4739   handle_as608.o
      1588        586          0        212        328       6241   handle_code.o
       796        380          0       4428       8276       2036   handle_flash.o
       212         20          0          0        384       4234   idle.o
      3054          0          0          0          0      19691   ipc.o
        56          6          0          1          0       1406   irq.o
       472         22          0          0          0       1495   key.o
      1924        152        290          4        128      11152   kservice.o
       724        476          0          0          0       2067   main.o
       976        152          0         24         32       4300   mem.o
       184         12          0          0          0       1933   misc.o
       202          0          0          0          0       2174   myaes.o
      2168        606        100        115         16       4634   newweb.o
       352          4          0        128          0       6071   object.o
       312        120          0          8          0       1042   open.o
       404         12          0         20        256       5820   scheduler.o
        36          8        304          0       1024        848   startup_stm32f10x_hd.o
       236         10          0          0          0       2419   stm32f10x_exti.o
       664         36          0          0          0       6217   stm32f10x_gpio.o
       756         32          0         20          0       9336   stm32f10x_rcc.o
       692         12          0          0          0       7154   stm32f10x_spi.o
      3114         84          0          0          0      25112   stm32f10x_tim.o
       924         20          0          0          0       9176   stm32f10x_usart.o
       372         34          0         20          0     259283   system_stm32f10x.o
      1026         12          0          0          0       8869   thread.o
       148         10          0          0          0        836   timer.o
       712          4          0         12          0       7665   timer_1.o
       364         28          0          2        800       2042   usart2.o

    ----------------------------------------------------------------------
     50148       5646     178252       5072      57888     568725   Object Totals
         0          0         32          0          0          0   (incl. Generated)
        10          0          3          8          2          0   (incl. Padding)

    ----------------------------------------------------------------------

      Code (inc. data)   RO Data    RW Data    ZI Data      Debug   Library Member Name

        62         10          0          0          0        340   dunder.o
       220         16          0          0          0         84   floor.o
        40          0          0          0          0         68   fpclassify.o
       170          0          0          0          0         96   poly.o
      2520        190        136          0          0        324   pow.o
         0          0          8          0          0          0   qnan.o
        76          0          0          0          0         84   sqrt.o
        86          0          0          0          0          0   __dczerorl2.o
         0          0          0          0          0          0   entry.o
         0          0          0          0          0          0   entry10a.o
         0          0          0          0          0          0   entry11a.o
         8          4          0          0          0          0   entry2.o
         4          0          0          0          0          0   entry5.o
         0          0          0          0          0          0   entry7b.o
         0          0          0          0          0          0   entry8b.o
         8          4          0          0          0          0   entry9a.o
        12          6          0          4          0         68   errno.o
        30          0          0          0          0          0   handlers.o
        36          8          0          0          0         68   init.o
         0          0          0          0          0          0   iusefp.o
        30          0          0          0          0         68   llshl.o
        36          0          0          0          0         68   llsshr.o
        32          0          0          0          0         68   llushr.o
        36          0          0          0          0         68   memcpya.o
        36          0          0          0          0        108   memseta.o
      2344        102          0          0          0        684   printfa.o
         0          0          0          4          0          0   stdout.o
        24          0          0          0          0         68   strcat.o
        20          0          0          0          0         68   strchr.o
        28          0          0          0          0         76   strcmp.o
        18          0          0          0          0         68   strcpy.o
        14          0          0          0          0         68   strlen.o
        30          0          0          0          0         80   strncmp.o
        36          0          0          0          0         80   strstr.o
        12          0          0          0          0         68   tolower.o
        44          0          0          0          0         80   uidiv.o
        98          0          0          0          0         92   uldiv.o
        48          0          0          0          0         68   cdcmple.o
        48          0          0          0          0         68   cdrcmple.o
       334          0          0          0          0        148   dadd.o
       222          0          0          0          0        100   ddiv.o
       186          0          0          0          0        176   depilogue.o
        62          0          0          0          0         80   dfixi.o
        48          0          0          0          0         68   dfixul.o
        34          0          0          0          0         76   dflti.o
       228          0          0          0          0         96   dmul.o
        46          0          0          0          0         80   dscalb.o
       162          0          0          0          0        100   dsqrt.o
        38          0          0          0          0         68   f2d.o

    ----------------------------------------------------------------------
      7576        340        144          8          0       4072   Library Totals
        10          0          0          0          0          0   (incl. Padding)

    ----------------------------------------------------------------------

      Code (inc. data)   RO Data    RW Data    ZI Data      Debug   Library Name

      3088        216        144          0          0        996   m_ws.l
      3022        124          0          8          0       1948   mc_w.l
      1456          0          0          0          0       1128   mf_w.l

    ----------------------------------------------------------------------
      7576        340        144          8          0       4072   Library Totals

    ----------------------------------------------------------------------

==============================================================================


      Code (inc. data)   RO Data    RW Data    ZI Data      Debug   

     57724       5986     178396       5080      57888     566321   Grand Totals
     57724       5986     178396        260      57888     566321   ELF Image Totals (compressed)
     57724       5986     178396        260          0          0   ROM Totals

==============================================================================

    Total RO  Size (Code + RO Data)               236120 ( 230.59kB)
    Total RW  Size (RW Data + ZI Data)             62968 (  61.49kB)
    Total ROM Size (Code + RO Data + RW Data)     236380 ( 230.84kB)

==============================================================================

