Component: ARM Compiler 5.06 update 6 (build 750) Tool: armlink [4d35ed]

==============================================================================

Section Cross References

    startup_stm32f10x_hd.o(RESET) refers to startup_stm32f10x_hd.o(STACK) for __initial_sp
    startup_stm32f10x_hd.o(RESET) refers to startup_stm32f10x_hd.o(.text) for Reset_Handler
    startup_stm32f10x_hd.o(RESET) refers to context_rvds.o(.text) for HardFault_Handler
    startup_stm32f10x_hd.o(RESET) refers to board.o(.text) for SysTick_Handler
    startup_stm32f10x_hd.o(RESET) refers to bsp_usart.o(.text) for USART1_IRQHandler
    startup_stm32f10x_hd.o(RESET) refers to usart2.o(.text) for USART2_IRQHandler
    startup_stm32f10x_hd.o(RESET) refers to g4.o(.text) for USART3_IRQHandler
    startup_stm32f10x_hd.o(RESET) refers to timer.o(.text) for TIM7_IRQHandler
    startup_stm32f10x_hd.o(.text) refers to system_stm32f10x.o(.text) for SystemInit
    startup_stm32f10x_hd.o(.text) refers to entry.o(.ARM.Collect$$$$00000000) for __main
    system_stm32f10x.o(.text) refers to system_stm32f10x.o(.data) for .data
    stm32f10x_adc.o(.text) refers to stm32f10x_rcc.o(.text) for RCC_APB2PeriphResetCmd
    stm32f10x_bkp.o(.text) refers to stm32f10x_rcc.o(.text) for RCC_BackupResetCmd
    stm32f10x_can.o(.text) refers to stm32f10x_rcc.o(.text) for RCC_APB1PeriphResetCmd
    stm32f10x_cec.o(.text) refers to stm32f10x_rcc.o(.text) for RCC_APB1PeriphResetCmd
    stm32f10x_dac.o(.text) refers to stm32f10x_rcc.o(.text) for RCC_APB1PeriphResetCmd
    stm32f10x_gpio.o(.text) refers to stm32f10x_rcc.o(.text) for RCC_APB2PeriphResetCmd
    stm32f10x_i2c.o(.text) refers to stm32f10x_rcc.o(.text) for RCC_APB1PeriphResetCmd
    stm32f10x_pwr.o(.text) refers to stm32f10x_rcc.o(.text) for RCC_APB1PeriphResetCmd
    stm32f10x_rcc.o(.text) refers to stm32f10x_rcc.o(.data) for .data
    stm32f10x_spi.o(.text) refers to stm32f10x_rcc.o(.text) for RCC_APB2PeriphResetCmd
    stm32f10x_tim.o(.text) refers to stm32f10x_rcc.o(.text) for RCC_APB2PeriphResetCmd
    stm32f10x_usart.o(.text) refers to stm32f10x_rcc.o(.text) for RCC_APB2PeriphResetCmd
    stm32f10x_wwdg.o(.text) refers to stm32f10x_rcc.o(.text) for RCC_APB1PeriphResetCmd
    board.o(.text) refers to bsp_led.o(.text) for LED_GPIO_Config
    board.o(.text) refers to bsp_usart.o(.text) for USART_Config
    board.o(.text) refers to bsp_key.o(.text) for Key_GPIO_Config
    board.o(.text) refers to key.o(.text) for Key_Config
    board.o(.text) refers to beep.o(.text) for BEEP_Init
    board.o(.text) refers to g4.o(.text) for G4_USART_Config
    board.o(.text) refers to misc.o(.text) for NVIC_PriorityGroupConfig
    board.o(.text) refers to delay.o(.text) for delay_init
    board.o(.text) refers to usart2.o(.text) for usart2_init
    board.o(.text) refers to as608.o(.text) for PS_StaGPIO_Init
    board.o(.text) refers to components.o(.text) for rt_components_board_init
    board.o(.text) refers to mem.o(.text) for rt_system_heap_init
    board.o(.text) refers to irq.o(.text) for rt_interrupt_enter
    board.o(.text) refers to clock.o(.text) for rt_tick_increase
    board.o(.text) refers to scheduler.o(.text) for rt_enter_critical
    board.o(.text) refers to stm32f10x_usart.o(.text) for USART_SendData
    board.o(.text) refers to board.o(.bss) for .bss
    board.o(.text) refers to system_stm32f10x.o(.data) for SystemCoreClock
    main.o(.text) refers to handle_as608.o(.text) for Handle_AS608
    main.o(.text) refers to handle_flash.o(.text) for Handle_flash
    main.o(.text) refers to web.o(.text) for WebConnect
    main.o(.text) refers to key.o(.text) for GetKeyVal
    main.o(.text) refers to kservice.o(.text) for rt_kprintf
    main.o(.text) refers to handle_code.o(.text) for handle_FR
    main.o(.text) refers to ipc.o(.text) for rt_mb_create
    main.o(.text) refers to thread.o(.text) for rt_thread_create
    main.o(.text) refers to handle_as608.o(.data) for num
    main.o(.text) refers to g4.o(.data) for G4_mail
    main.o(.text) refers to play.o(.data) for play_mq
    main.o(.text) refers to main.o(.data) for .data
    main.o(.text) refers to web.o(.data) for webMsgHand_thread
    bsp_led.o(.text) refers to stm32f10x_rcc.o(.text) for RCC_APB2PeriphClockCmd
    bsp_led.o(.text) refers to stm32f10x_gpio.o(.text) for GPIO_Init
    bsp_usart.o(.text) refers to misc.o(.text) for NVIC_PriorityGroupConfig
    bsp_usart.o(.text) refers to stm32f10x_rcc.o(.text) for RCC_APB2PeriphClockCmd
    bsp_usart.o(.text) refers to stm32f10x_gpio.o(.text) for GPIO_Init
    bsp_usart.o(.text) refers to stm32f10x_usart.o(.text) for USART_Init
    bsp_usart.o(.text) refers to bsp_usart.o(.data) for .data
    bsp_usart.o(.text) refers to bsp_usart.o(.bss) for .bss
    bsp_key.o(.text) refers to stm32f10x_gpio.o(.text) for GPIO_ReadInputDataBit
    as608.o(.text) refers to stm32f10x_rcc.o(.text) for RCC_APB2PeriphClockCmd
    as608.o(.text) refers to stm32f10x_gpio.o(.text) for GPIO_Init
[...]
    RCC_PLLCmd                               0x08000711   Thumb Code     6  stm32f10x_rcc.o(.text)
    RCC_SYSCLKConfig                         0x08000717   Thumb Code    14  stm32f10x_rcc.o(.text)
    RCC_GetSYSCLKSource                      0x08000725   Thumb Code    10  stm32f10x_rcc.o(.text)
    RCC_HCLKConfig                           0x0800072f   Thumb Code    14  stm32f10x_rcc.o(.text)
    RCC_PCLK1Config                          0x0800073d   Thumb Code    14  stm32f10x_rcc.o(.text)
    RCC_PCLK2Config                          0x0800074b   Thumb Code    16  stm32f10x_rcc.o(.text)
    RCC_ITConfig                             0x0800075b   Thumb Code    22  stm32f10x_rcc.o(.text)
    RCC_USBCLKConfig                         0x08000771   Thumb Code     8  stm32f10x_rcc.o(.text)
    RCC_ADCCLKConfig                         0x08000779   Thumb Code    14  stm32f10x_rcc.o(.text)
    RCC_LSEConfig                            0x08000787   Thumb Code    36  stm32f10x_rcc.o(.text)
    RCC_LSICmd                               0x080007ab   Thumb Code     6  stm32f10x_rcc.o(.text)
    RCC_RTCCLKConfig                         0x080007b1   Thumb Code    10  stm32f10x_rcc.o(.text)
    RCC_RTCCLKCmd                            0x080007bb   Thumb Code     8  stm32f10x_rcc.o(.text)
    RCC_GetClocksFreq                        0x080007c3   Thumb Code   154  stm32f10x_rcc.o(.text)
    RCC_AHBPeriphClockCmd                    0x0800085d   Thumb Code    22  stm32f10x_rcc.o(.text)
    RCC_APB2PeriphClockCmd                   0x08000873   Thumb Code    22  stm32f10x_rcc.o(.text)
    RCC_APB1PeriphClockCmd                   0x08000889   Thumb Code    22  stm32f10x_rcc.o(.text)
    RCC_APB2PeriphResetCmd                   0x0800089f   Thumb Code    22  stm32f10x_rcc.o(.text)
    RCC_APB1PeriphResetCmd                   0x080008b5   Thumb Code    22  stm32f10x_rcc.o(.text)
    RCC_BackupResetCmd                       0x080008cb   Thumb Code     8  stm32f10x_rcc.o(.text)
    RCC_ClockSecuritySystemCmd               0x080008d3   Thumb Code     6  stm32f10x_rcc.o(.text)
    RCC_MCOConfig                            0x080008d9   Thumb Code     6  stm32f10x_rcc.o(.text)
    RCC_ClearFlag                            0x080008df   Thumb Code    12  stm32f10x_rcc.o(.text)
    RCC_GetITStatus                          0x080008eb   Thumb Code    16  stm32f10x_rcc.o(.text)
    RCC_ClearITPendingBit                    0x080008fb   Thumb Code     6  stm32f10x_rcc.o(.text)
    SPI_I2S_DeInit                           0x08000921   Thumb Code    88  stm32f10x_spi.o(.text)
    SPI_Init                                 0x08000979   Thumb Code    56  stm32f10x_spi.o(.text)
    I2S_Init                                 0x080009b1   Thumb Code   168  stm32f10x_spi.o(.text)
    SPI_StructInit                           0x08000a59   Thumb Code    24  stm32f10x_spi.o(.text)
    I2S_StructInit                           0x08000a71   Thumb Code    18  stm32f10x_spi.o(.text)
    SPI_Cmd                                  0x08000a83   Thumb Code    24  stm32f10x_spi.o(.text)
    I2S_Cmd                                  0x08000a9b   Thumb Code    24  stm32f10x_spi.o(.text)
    SPI_I2S_ITConfig                         0x08000ab3   Thumb Code    28  stm32f10x_spi.o(.text)
    SPI_I2S_DMACmd                           0x08000acf   Thumb Code    20  stm32f10x_spi.o(.text)
    SPI_I2S_SendData                         0x08000ae3   Thumb Code     4  stm32f10x_spi.o(.text)
    SPI_I2S_ReceiveData                      0x08000ae7   Thumb Code     4  stm32f10x_spi.o(.text)
    SPI_NSSInternalSoftwareConfig            0x08000aeb   Thumb Code    28  stm32f10x_spi.o(.text)
    SPI_SSOutputCmd                          0x08000b07   Thumb Code    24  stm32f10x_spi.o(.text)
    SPI_DataSizeConfig                       0x08000b1f   Thumb Code    16  stm32f10x_spi.o(.text)
    SPI_TransmitCRC                          0x08000b2f   Thumb Code    10  stm32f10x_spi.o(.text)
    SPI_CalculateCRC                         0x08000b39   Thumb Code    24  stm32f10x_spi.o(.text)
    SPI_GetCRC                               0x08000b51   Thumb Code    12  stm32f10x_spi.o(.text)
    SPI_GetCRCPolynomial                     0x08000b5d   Thumb Code     4  stm32f10x_spi.o(.text)
    SPI_BiDirectionalLineConfig              0x08000b61   Thumb Code    26  stm32f10x_spi.o(.text)
    SPI_I2S_GetFlagStatus                    0x08000b7b   Thumb Code    14  stm32f10x_spi.o(.text)
    SPI_I2S_ClearFlag                        0x08000b89   Thumb Code     6  stm32f10x_spi.o(.text)
    SPI_I2S_GetITStatus                      0x08000b8f   Thumb Code    44  stm32f10x_spi.o(.text)
    SPI_I2S_ClearITPendingBit                0x08000bbb   Thumb Code    14  stm32f10x_spi.o(.text)
    TIM_DeInit                               0x08000bd5   Thumb Code   464  stm32f10x_tim.o(.text)
    TIM_TimeBaseInit                         0x08000da5   Thumb Code   114  stm32f10x_tim.o(.text)
    TIM_OC1Init                              0x08000e17   Thumb Code   114  stm32f10x_tim.o(.text)
    TIM_OC2Init                              0x08000e89   Thumb Code   128  stm32f10x_tim.o(.text)
    TIM_OC3Init                              0x08000f09   Thumb Code   124  stm32f10x_tim.o(.text)
    TIM_OC4Init                              0x08000f85   Thumb Code   160  stm32f10x_tim.o(.text)
    TIM_SetIC4Prescaler                      0x08001025   Thumb Code    24  stm32f10x_tim.o(.text)
    TIM_SetIC3Prescaler                      0x080010a3   Thumb Code    16  stm32f10x_tim.o(.text)
    TIM_SetIC2Prescaler                      0x08001115   Thumb Code    24  stm32f10x_tim.o(.text)
    TIM_SetIC1Prescaler                      0x08001193   Thumb Code    16  stm32f10x_tim.o(.text)
    TIM_ICInit                               0x08001201   Thumb Code   114  stm32f10x_tim.o(.text)
    TIM_PWMIConfig                           0x08001273   Thumb Code   106  stm32f10x_tim.o(.text)
    TIM_BDTRConfig                           0x080012dd   Thumb Code    34  stm32f10x_tim.o(.text)
    TIM_TimeBaseStructInit                   0x080012ff   Thumb Code    18  stm32f10x_tim.o(.text)
    TIM_OCStructInit                         0x08001311   Thumb Code    20  stm32f10x_tim.o(.text)
    TIM_ICStructInit                         0x08001325   Thumb Code    16  stm32f10x_tim.o(.text)
    TIM_BDTRStructInit                       0x08001335   Thumb Code    18  stm32f10x_tim.o(.text)
    TIM_Cmd                                  0x08001347   Thumb Code    24  stm32f10x_tim.o(.text)
    TIM_CtrlPWMOutputs                       0x0800135f   Thumb Code    28  stm32f10x_tim.o(.text)
    TIM_ITConfig                             0x0800137b   Thumb Code    20  stm32f10x_tim.o(.text)
    TIM_GenerateEvent                        0x0800138f   Thumb Code     4  stm32f10x_tim.o(.text)
    TIM_DMAConfig                            0x08001393   Thumb Code     8  stm32f10x_tim.o(.text)
    TIM_DMACmd                               0x0800139b   Thumb Code    20  stm32f10x_tim.o(.text)
    TIM_InternalClockConfig                  0x080013af   Thumb Code    10  stm32f10x_tim.o(.text)
    TIM_SelectInputTrigger                   0x080013b9   Thumb Code    12  stm32f10x_tim.o(.text)
    TIM_ITRxExternalClockConfig              0x080013c5   Thumb Code    20  stm32f10x_tim.o(.text)
    TIM_TIxExternalClockConfig               0x080013d9   Thumb Code    48  stm32f10x_tim.o(.text)
    TIM_ETRConfig                            0x08001409   Thumb Code    24  stm32f10x_tim.o(.text)
    TIM_ETRClockMode1Config                  0x08001421   Thumb Code    52  stm32f10x_tim.o(.text)
    TIM_ETRClockMode2Config                  0x08001455   Thumb Code    20  stm32f10x_tim.o(.text)
    TIM_PrescalerConfig                      0x08001469   Thumb Code     6  stm32f10x_tim.o(.text)
    TIM_CounterModeConfig                    0x0800146f   Thumb Code    12  stm32f10x_tim.o(.text)
    TIM_EncoderInterfaceConfig               0x0800147b   Thumb Code    50  stm32f10x_tim.o(.text)
    TIM_ForcedOC1Config                      0x080014ad   Thumb Code    12  stm32f10x_tim.o(.text)
    TIM_ForcedOC2Config                      0x080014b9   Thumb Code    20  stm32f10x_tim.o(.text)
    TIM_ForcedOC3Config                      0x080014cd   Thumb Code    12  stm32f10x_tim.o(.text)
    TIM_ForcedOC4Config                      0x080014d9   Thumb Code    20  stm32f10x_tim.o(.text)
    TIM_ARRPreloadConfig                     0x080014ed   Thumb Code    24  stm32f10x_tim.o(.text)
    TIM_SelectCOM                            0x08001505   Thumb Code    24  stm32f10x_tim.o(.text)
    TIM_SelectCCDMA                          0x0800151d   Thumb Code    24  stm32f10x_tim.o(.text)
    TIM_CCPreloadControl                     0x08001535   Thumb Code    24  stm32f10x_tim.o(.text)
    TIM_OC1PreloadConfig                     0x0800154d   Thumb Code    12  stm32f10x_tim.o(.text)
    TIM_OC2PreloadConfig                     0x08001559   Thumb Code    20  stm32f10x_tim.o(.text)
    TIM_OC3PreloadConfig                     0x0800156d   Thumb Code    12  stm32f10x_tim.o(.text)
    TIM_OC4PreloadConfig                     0x08001579   Thumb Code    20  stm32f10x_tim.o(.text)
    TIM_OC1FastConfig                        0x0800158d   Thumb Code    12  stm32f10x_tim.o(.text)
    TIM_OC2FastConfig                        0x08001599   Thumb Code    20  stm32f10x_tim.o(.text)
    TIM_OC3FastConfig                        0x080015ad   Thumb Code    12  stm32f10x_tim.o(.text)
    TIM_OC4FastConfig                        0x080015b9   Thumb Code    20  stm32f10x_tim.o(.text)
    TIM_ClearOC1Ref                          0x080015cd   Thumb Code    12  stm32f10x_tim.o(.text)
    TIM_ClearOC2Ref                          0x080015d9   Thumb Code    20  stm32f10x_tim.o(.text)
    TIM_ClearOC3Ref                          0x080015ed   Thumb Code    12  stm32f10x_tim.o(.text)
    TIM_ClearOC4Ref                          0x080015f9   Thumb Code    20  stm32f10x_tim.o(.text)
    TIM_OC1PolarityConfig                    0x0800160d   Thumb Code    12  stm32f10x_tim.o(.text)
    TIM_OC1NPolarityConfig                   0x08001619   Thumb Code    12  stm32f10x_tim.o(.text)
    TIM_OC2PolarityConfig                    0x08001625   Thumb Code    20  stm32f10x_tim.o(.text)
    TIM_OC2NPolarityConfig                   0x08001639   Thumb Code    20  stm32f10x_tim.o(.text)
    TIM_OC3PolarityConfig                    0x0800164d   Thumb Code    20  stm32f10x_tim.o(.text)
    TIM_OC3NPolarityConfig                   0x08001661   Thumb Code    20  stm32f10x_tim.o(.text)
    TIM_OC4PolarityConfig                    0x08001675   Thumb Code    20  stm32f10x_tim.o(.text)
    TIM_CCxCmd                               0x08001689   Thumb Code    22  stm32f10x_tim.o(.text)
    TIM_CCxNCmd                              0x0800169f   Thumb Code    22  stm32f10x_tim.o(.text)
    TIM_SelectOCxM                           0x080016b5   Thumb Code    76  stm32f10x_tim.o(.text)
    TIM_UpdateDisableConfig                  0x08001701   Thumb Code    24  stm32f10x_tim.o(.text)
    TIM_UpdateRequestConfig                  0x08001719   Thumb Code    24  stm32f10x_tim.o(.text)
    TIM_SelectHallSensor                     0x08001731   Thumb Code    24  stm32f10x_tim.o(.text)
    TIM_SelectOnePulseMode                   0x08001749   Thumb Code    16  stm32f10x_tim.o(.text)
    TIM_SelectOutputTrigger                  0x08001759   Thumb Code    16  stm32f10x_tim.o(.text)
    TIM_SelectSlaveMode                      0x08001769   Thumb Code    16  stm32f10x_tim.o(.text)
    TIM_SelectMasterSlaveMode                0x08001779   Thumb Code    16  stm32f10x_tim.o(.text)
    TIM_SetCounter                           0x08001789   Thumb Code     4  stm32f10x_tim.o(.text)
    TIM_SetAutoreload                        0x0800178d   Thumb Code     4  stm32f10x_tim.o(.text)
    TIM_SetCompare1                          0x08001791   Thumb Code     4  stm32f10x_tim.o(.text)
    TIM_SetCompare2                          0x08001795   Thumb Code     4  stm32f10x_tim.o(.text)
    TIM_SetCompare3                          0x08001799   Thumb Code     4  stm32f10x_tim.o(.text)
    TIM_SetCompare4                          0x0800179d   Thumb Code     6  stm32f10x_tim.o(.text)
    TIM_SetClockDivision                     0x080017a3   Thumb Code    16  stm32f10x_tim.o(.text)
    TIM_GetCapture1                          0x080017b3   Thumb Code     4  stm32f10x_tim.o(.text)
    TIM_GetCapture2                          0x080017b7   Thumb Code     4  stm32f10x_tim.o(.text)
    TIM_GetCapture3                          0x080017bb   Thumb Code     4  stm32f10x_tim.o(.text)
    TIM_GetCapture4                          0x080017bf   Thumb Code     6  stm32f10x_tim.o(.text)
    TIM_GetCounter                           0x080017c5   Thumb Code     4  stm32f10x_tim.o(.text)
    TIM_GetPrescaler                         0x080017c9   Thumb Code     4  stm32f10x_tim.o(.text)
    TIM_GetFlagStatus                        0x080017cd   Thumb Code    14  stm32f10x_tim.o(.text)
    TIM_ClearFlag                            0x080017db   Thumb Code     6  stm32f10x_tim.o(.text)
    TIM_GetITStatus                          0x080017e1   Thumb Code    24  stm32f10x_tim.o(.text)
    TIM_ClearITPendingBit                    0x080017f9   Thumb Code     6  stm32f10x_tim.o(.text)
    USART_DeInit                             0x08001801   Thumb Code   144  stm32f10x_usart.o(.text)
    USART_Init                               0x08001891   Thumb Code   182  stm32f10x_usart.o(.text)
    USART_StructInit                         0x08001947   Thumb Code    22  stm32f10x_usart.o(.text)
    USART_ClockInit                          0x0800195d   Thumb Code    30  stm32f10x_usart.o(.text)
    USART_ClockStructInit                    0x0800197b   Thumb Code    12  stm32f10x_usart.o(.text)
    USART_Cmd                                0x08001987   Thumb Code    24  stm32f10x_usart.o(.text)
    USART_ITConfig                           0x0800199f   Thumb Code    54  stm32f10x_usart.o(.text)
    USART_DMACmd                             0x080019d5   Thumb Code    20  stm32f10x_usart.o(.text)
    USART_SetAddress                         0x080019e9   Thumb Code    16  stm32f10x_usart.o(.text)
    USART_WakeUpConfig                       0x080019f9   Thumb Code    16  stm32f10x_usart.o(.text)
    USART_ReceiverWakeUpCmd                  0x08001a09   Thumb Code    24  stm32f10x_usart.o(.text)
    USART_LINBreakDetectLengthConfig         0x08001a21   Thumb Code    16  stm32f10x_usart.o(.text)
    USART_LINCmd                             0x08001a31   Thumb Code    24  stm32f10x_usart.o(.text)
    USART_SendData                           0x08001a49   Thumb Code     8  stm32f10x_usart.o(.text)
    USART_ReceiveData                        0x08001a51   Thumb Code     8  stm32f10x_usart.o(.text)
    USART_SendBreak                          0x08001a59   Thumb Code    10  stm32f10x_usart.o(.text)
    USART_SetGuardTime                       0x08001a63   Thumb Code    16  stm32f10x_usart.o(.text)
    USART_SetPrescaler                       0x08001a73   Thumb Code    16  stm32f10x_usart.o(.text)
    USART_SmartCardCmd                       0x08001a83   Thumb Code    24  stm32f10x_usart.o(.text)
    USART_SmartCardNACKCmd                   0x08001a9b   Thumb Code    24  stm32f10x_usart.o(.text)
    USART_HalfDuplexCmd                      0x08001ab3   Thumb Code    24  stm32f10x_usart.o(.text)
    USART_OverSampling8Cmd                   0x08001acb   Thumb Code    24  stm32f10x_usart.o(.text)
    USART_OneBitMethodCmd                    0x08001ae3   Thumb Code    24  stm32f10x_usart.o(.text)
    USART_IrDAConfig                         0x08001afb   Thumb Code    16  stm32f10x_usart.o(.text)
    USART_IrDACmd                            0x08001b0b   Thumb Code    24  stm32f10x_usart.o(.text)
    USART_GetFlagStatus                      0x08001b23   Thumb Code    14  stm32f10x_usart.o(.text)
    USART_ClearFlag                          0x08001b31   Thumb Code     8  stm32f10x_usart.o(.text)
    USART_GetITStatus                        0x08001b39   Thumb Code    64  stm32f10x_usart.o(.text)
    USART_ClearITPendingBit                  0x08001b79   Thumb Code    16  stm32f10x_usart.o(.text)
    rt_heap_begin_get                        0x08001b9d   Thumb Code     4  board.o(.text)
    rt_heap_end_get                          0x08001ba1   Thumb Code     4  board.o(.text)
    rt_hw_board_init                         0x08001ba5   Thumb Code   122  board.o(.text)
    SysTick_Handler                          0x08001c1f   Thumb Code    18  board.o(.text)
    rt_hw_console_output                     0x08001c31   Thumb Code    76  board.o(.text)
    $Super$$main                             0x08001cdf   Thumb Code   154  main.o(.text)
    LED_GPIO_Config                          0x08001ead   Thumb Code    92  bsp_led.o(.text)
    USART_Config                             0x08001f33   Thumb Code   138  bsp_usart.o(.text)
    Usart_SendByte                           0x08001fbd   Thumb Code    24  bsp_usart.o(.text)
    Usart_SendArray                          0x08001fd5   Thumb Code    46  bsp_usart.o(.text)
    Usart_SendString                         0x08002003   Thumb Code    38  bsp_usart.o(.text)
    Usart_SendHalfWord                       0x08002029   Thumb Code    50  bsp_usart.o(.text)
    fputc                                    0x0800205b   Thumb Code    30  bsp_usart.o(.text)
    fgetc                                    0x08002079   Thumb Code    26  bsp_usart.o(.text)
    USART1_IRQHandler                        0x08002093   Thumb Code    92  bsp_usart.o(.text)
    Key_GPIO_Config                          0x08002101   Thumb Code     2  bsp_key.o(.text)
    Key_Scan                                 0x08002103   Thumb Code    38  bsp_key.o(.text)
    PS_StaGPIO_Init                          0x08002129   Thumb Code    38  as608.o(.text)
    PS_GetImage                              0x08002223   Thumb Code    52  as608.o(.text)
    PS_GenChar                               0x08002257   Thumb Code    60  as608.o(.text)
    PS_Match                                 0x08002293   Thumb Code    52  as608.o(.text)
    PS_Search                                0x080022c7   Thumb Code   132  as608.o(.text)
    PS_RegModel                              0x0800234b   Thumb Code    52  as608.o(.text)
    PS_StoreChar                             0x0800237f   Thumb Code    82  as608.o(.text)
    PS_DeletChar                             0x080023d1   Thumb Code    94  as608.o(.text)
    PS_Empty                                 0x0800242f   Thumb Code    52  as608.o(.text)
    EnsureMessage                            0x08002463   Thumb Code   130  as608.o(.text)
    PS_WriteReg                              0x080024e5   Thumb Code   566  as608.o(.text)
    PS_ReadSysPara                           0x0800271b   Thumb Code   156  as608.o(.text)
    PS_SetAddr                               0x080027b7   Thumb Code   128  as608.o(.text)
    PS_WriteNotepad                          0x08002837   Thumb Code    90  as608.o(.text)
    PS_ReadNotepad                           0x08002891   Thumb Code    82  as608.o(.text)
    PS_HighSpeedSearch                       0x080028e3   Thumb Code   130  as608.o(.text)
    PS_ValidTempleteNum                      0x08002965   Thumb Code    98  as608.o(.text)
    PS_HandShake                             0x080029c7   Thumb Code   100  as608.o(.text)
    BEEP_Init                                0x08002ac5   Thumb Code    50  beep.o(.text)
    TIM7_IRQHandler                          0x08002afd   Thumb Code    48  timer.o(.text)
    TIM7_Int_Init                            0x08002b2d   Thumb Code    90  timer.o(.text)
    USART2_IRQHandler                        0x08002b91   Thumb Code    86  usart2.o(.text)
    usart2_init                              0x08002be7   Thumb Code   182  usart2.o(.text)
    u2_printf                                0x08002c9d   Thumb Code    68  usart2.o(.text)
    delay_init                               0x08002cfd   Thumb Code    46  delay.o(.text)
    delay_us                                 0x08002d2b   Thumb Code    46  delay.o(.text)
    delay_ms                                 0x08002d59   Thumb Code    46  delay.o(.text)
    Key_Config                               0x08002d95   Thumb Code    66  key.o(.text)
    KeyScan                                  0x08002dd7   Thumb Code   302  key.o(.text)
    GetKeyVal                                0x08002f05   Thumb Code    98  key.o(.text)
    GET_NUM                                  0x08002f6d   Thumb Code   104  handle_as608.o(.text)
    GET_str                                  0x08002fd5   Thumb Code    88  handle_as608.o(.text)
    del_str                                  0x0800302d   Thumb Code    30  handle_as608.o(.text)
    Add_FR                                   0x0800304b   Thumb Code   366  handle_as608.o(.text)
    press_FR                                 0x080031b9   Thumb Code   114  handle_as608.o(.text)
    verify_FR                                0x0800322b   Thumb Code   194  handle_as608.o(.text)
    Del_FR                                   0x080032ed   Thumb Code   122  handle_as608.o(.text)
    Handle_AS608                             0x08003367   Thumb Code  1062  handle_as608.o(.text)
    handle_FR                                0x080037c1   Thumb Code   360  handle_code.o(.text)
    handle_sys                               0x08003929   Thumb Code   402  handle_code.o(.text)
    SPI_FLASH_Init                           0x08003c51   Thumb Code   178  bsp_spi_flash.o(.text)
    SPI_FLASH_SendByte                       0x08003d11   Thumb Code   102  bsp_spi_flash.o(.text)
    SPI_FLASH_WaitForWriteEnd                0x08003d77   Thumb Code    40  bsp_spi_flash.o(.text)
    SPI_FLASH_WriteEnable                    0x08003d9f   Thumb Code    30  bsp_spi_flash.o(.text)
    SPI_FLASH_SectorErase                    0x08003dbd   Thumb Code    64  bsp_spi_flash.o(.text)
    SPI_FLASH_BulkErase                      0x08003dfd   Thumb Code    36  bsp_spi_flash.o(.text)
    SPI_FLASH_PageWrite                      0x08003e21   Thumb Code    96  bsp_spi_flash.o(.text)
    SPI_FLASH_BufferWrite                    0x08003e81   Thumb Code   202  bsp_spi_flash.o(.text)
    SPI_FLASH_BufferRead                     0x08003f4b   Thumb Code    78  bsp_spi_flash.o(.text)
    SPI_FLASH_ReadID                         0x08003f99   Thumb Code    62  bsp_spi_flash.o(.text)
    SPI_FLASH_ReadDeviceID                   0x08003fd7   Thumb Code    56  bsp_spi_flash.o(.text)
    SPI_FLASH_StartReadSequence              0x0800400f   Thumb Code    42  bsp_spi_flash.o(.text)
    SPI_FLASH_ReadByte                       0x08004039   Thumb Code     4  bsp_spi_flash.o(.text)
    SPI_FLASH_SendHalfWord                   0x0800403d   Thumb Code   214  bsp_spi_flash.o(.text)
    SPI_Flash_PowerDown                      0x08004113   Thumb Code    30  bsp_spi_flash.o(.text)
    SPI_Flash_WAKEUP                         0x08004131   Thumb Code    30  bsp_spi_flash.o(.text)
    Handle_flash                             0x08004155   Thumb Code   324  handle_flash.o(.text)
    rt_system_tick_init                      0x080043cd   Thumb Code     2  clock.o(.text)
    rt_tick_get                              0x080043cf   Thumb Code     6  clock.o(.text)
    rt_tick_set                              0x080043d5   Thumb Code    20  clock.o(.text)
    rt_tick_increase                         0x080043e9   Thumb Code    38  clock.o(.text)
    rt_tick_from_millisecond                 0x0800440f   Thumb Code    34  clock.o(.text)
    rt_components_board_init                 0x08004445   Thumb Code    20  components.o(.text)
    rt_components_init                       0x08004459   Thumb Code    20  components.o(.text)
    main_thread_entry                        0x0800446d   Thumb Code    14  components.o(.text)
    rt_application_init                      0x0800447b   Thumb Code    32  components.o(.text)
    rtthread_startup                         0x0800449b   Thumb Code    42  components.o(.text)
    main                                     0x080044c5   Thumb Code    14  components.o(.text)
    rt_thread_idle_excute                    0x080044e9   Thumb Code   118  idle.o(.text)
    rt_thread_idle_init                      0x08004565   Thumb Code    46  idle.o(.text)
    rt_thread_idle_gethandler                0x08004593   Thumb Code     6  idle.o(.text)
    rt_sem_init                              0x08004647   Thumb Code    36  ipc.o(.text)
    rt_sem_detach                            0x0800466b   Thumb Code    22  ipc.o(.text)
    rt_sem_create                            0x08004681   Thumb Code    32  ipc.o(.text)
    rt_sem_delete                            0x080046a1   Thumb Code    22  ipc.o(.text)
    rt_sem_take                              0x080046b7   Thumb Code   110  ipc.o(.text)
    rt_sem_trytake                           0x08004725   Thumb Code     4  ipc.o(.text)
    rt_sem_release                           0x08004729   Thumb Code    62  ipc.o(.text)
    rt_sem_control                           0x08004767   Thumb Code    46  ipc.o(.text)
    rt_mutex_init                            0x08004795   Thumb Code    42  ipc.o(.text)
    rt_mutex_detach                          0x080047bf   Thumb Code    22  ipc.o(.text)
    rt_mutex_create                          0x080047d5   Thumb Code    42  ipc.o(.text)
    rt_mutex_delete                          0x080047ff   Thumb Code    22  ipc.o(.text)
    rt_mutex_take                            0x08004815   Thumb Code   184  ipc.o(.text)
    rt_mutex_release                         0x080048cd   Thumb Code   144  ipc.o(.text)
    rt_mutex_control                         0x0800495d   Thumb Code     6  ipc.o(.text)
    rt_event_init                            0x08004963   Thumb Code    32  ipc.o(.text)
    rt_event_detach                          0x08004983   Thumb Code    22  ipc.o(.text)
    rt_event_create                          0x08004999   Thumb Code    32  ipc.o(.text)
    rt_event_delete                          0x080049b9   Thumb Code    22  ipc.o(.text)
    rt_event_send                            0x080049cf   Thumb Code   144  ipc.o(.text)
    rt_event_recv                            0x08004a5f   Thumb Code   208  ipc.o(.text)
    rt_event_control                         0x08004b2f   Thumb Code    46  ipc.o(.text)
    rt_mb_init                               0x08004b5d   Thumb Code    52  ipc.o(.text)
    rt_mb_detach                             0x08004b91   Thumb Code    30  ipc.o(.text)
    rt_mb_create                             0x08004baf   Thumb Code    76  ipc.o(.text)
    rt_mb_delete                             0x08004bfb   Thumb Code    36  ipc.o(.text)
    rt_mb_send_wait                          0x08004c1f   Thumb Code   242  ipc.o(.text)
    rt_mb_send                               0x08004d11   Thumb Code     4  ipc.o(.text)
    rt_mb_recv                               0x08004d15   Thumb Code   242  ipc.o(.text)
    rt_mb_control                            0x08004e07   Thumb Code    58  ipc.o(.text)
    rt_mq_init                               0x08004e41   Thumb Code    98  ipc.o(.text)
    rt_mq_detach                             0x08004ea3   Thumb Code    22  ipc.o(.text)
    rt_mq_delete                             0x08004eb9   Thumb Code    28  ipc.o(.text)
    rt_mq_create                             0x08004ed5   Thumb Code   114  ipc.o(.text)
    rt_mq_send                               0x08004f47   Thumb Code   132  ipc.o(.text)
    rt_mq_urgent                             0x08004fcb   Thumb Code   126  ipc.o(.text)
    rt_mq_recv                               0x08005049   Thumb Code   240  ipc.o(.text)
    rt_mq_control                            0x08005139   Thumb Code    72  ipc.o(.text)
    rt_interrupt_enter                       0x080051ad   Thumb Code    22  irq.o(.text)
    rt_interrupt_leave                       0x080051c3   Thumb Code    22  irq.o(.text)
    rt_interrupt_get_nest                    0x080051d9   Thumb Code     6  irq.o(.text)
    rt_get_errno                             0x080051e5   Thumb Code    28  kservice.o(.text)
    rt_set_errno                             0x08005201   Thumb Code    30  kservice.o(.text)
    _rt_errno                                0x0800521f   Thumb Code    26  kservice.o(.text)
    rt_memset                                0x08005239   Thumb Code    20  kservice.o(.text)
    rt_memcpy                                0x0800524d   Thumb Code    58  kservice.o(.text)
    rt_memmove                               0x08005287   Thumb Code    52  kservice.o(.text)
    rt_memcmp                                0x080052bb   Thumb Code    28  kservice.o(.text)
    rt_strlen                                0x080052d7   Thumb Code    16  kservice.o(.text)
    rt_strstr                                0x080052e7   Thumb Code    60  kservice.o(.text)
    rt_strcasecmp                            0x08005323   Thumb Code    42  kservice.o(.text)
    rt_strncpy                               0x0800534d   Thumb Code    38  kservice.o(.text)
    rt_strncmp                               0x08005373   Thumb Code    34  kservice.o(.text)
    rt_strcmp                                0x08005395   Thumb Code    32  kservice.o(.text)
    rt_strnlen                               0x080053b5   Thumb Code    20  kservice.o(.text)
    rt_strdup                                0x080053c9   Thumb Code    40  kservice.o(.text)
    rt_vsnprintf                             0x08005517   Thumb Code   668  kservice.o(.text)
    rt_kprintf                               0x080057b3   Thumb Code    30  kservice.o(.text)
    rt_show_version                          0x080057d1   Thumb Code    38  kservice.o(.text)
    rt_snprintf                              0x080057f7   Thumb Code    18  kservice.o(.text)
    rt_vsprintf                              0x08005809   Thumb Code    16  kservice.o(.text)
    rt_sprintf                               0x08005819   Thumb Code    14  kservice.o(.text)
    rt_kputs                                 0x08005827   Thumb Code    12  kservice.o(.text)
    rt_malloc_align                          0x08005833   Thumb Code    50  kservice.o(.text)
    rt_free_align                            0x08005865   Thumb Code     8  kservice.o(.text)
    __rt_ffs                                 0x0800586d   Thumb Code    66  kservice.o(.text)
    rt_system_heap_init                      0x080059c5   Thumb Code   100  mem.o(.text)
    rt_malloc                                0x08005a29   Thumb Code   252  mem.o(.text)
    rt_free                                  0x08005b25   Thumb Code   112  mem.o(.text)
    rt_realloc                               0x08005b95   Thumb Code   224  mem.o(.text)
    rt_calloc                                0x08005c75   Thumb Code    28  mem.o(.text)
    rt_memory_info                           0x08005c91   Thumb Code    28  mem.o(.text)
    rt_system_object_init                    0x08005d45   Thumb Code     2  object.o(.text)
    rt_object_get_information                0x08005d47   Thumb Code    30  object.o(.text)
    rt_object_init                           0x08005d65   Thumb Code    60  object.o(.text)
    rt_object_detach                         0x08005da1   Thumb Code    28  object.o(.text)
    rt_object_allocate                       0x08005dbd   Thumb Code    74  object.o(.text)
    rt_object_delete                         0x08005e07   Thumb Code    34  object.o(.text)
    rt_object_is_systemobject                0x08005e29   Thumb Code    14  object.o(.text)
    rt_object_find                           0x08005e37   Thumb Code    74  object.o(.text)
    rt_system_scheduler_init                 0x08005ea5   Thumb Code    44  scheduler.o(.text)
    rt_system_scheduler_start                0x08005ed1   Thumb Code    32  scheduler.o(.text)
    rt_schedule                              0x08005ef1   Thumb Code   102  scheduler.o(.text)
    rt_schedule_insert_thread                0x08005f57   Thumb Code    68  scheduler.o(.text)
    rt_schedule_remove_thread                0x08005f9b   Thumb Code    74  scheduler.o(.text)
    rt_enter_critical                        0x08005fe5   Thumb Code    22  scheduler.o(.text)
    rt_exit_critical                         0x08005ffb   Thumb Code    42  scheduler.o(.text)
    rt_critical_level                        0x08006025   Thumb Code     8  scheduler.o(.text)
    rt_thread_exit                           0x08006039   Thumb Code    78  thread.o(.text)
    rt_thread_timeout                        0x08006087   Thumb Code    32  thread.o(.text)
    rt_thread_init                           0x08006119   Thumb Code    56  thread.o(.text)
    rt_thread_self                           0x08006151   Thumb Code     6  thread.o(.text)
    rt_thread_resume                         0x08006157   Thumb Code    60  thread.o(.text)
    rt_thread_startup                        0x08006193   Thumb Code    38  thread.o(.text)
    rt_thread_detach                         0x080061b9   Thumb Code    68  thread.o(.text)
    rt_thread_create                         0x080061fd   Thumb Code    76  thread.o(.text)
    rt_thread_delete                         0x08006249   Thumb Code    58  thread.o(.text)
    rt_thread_yield                          0x08006283   Thumb Code    88  thread.o(.text)
    rt_thread_suspend                        0x080062db   Thumb Code    66  thread.o(.text)
    rt_thread_sleep                          0x0800631d   Thumb Code    60  thread.o(.text)
    rt_thread_delay                          0x08006359   Thumb Code     2  thread.o(.text)
    rt_thread_control                        0x0800635b   Thumb Code   102  thread.o(.text)
    rt_thread_find                           0x080063c1   Thumb Code    78  thread.o(.text)
    rt_timer_init                            0x0800647b   Thumb Code    42  timer_1.o(.text)
    rt_timer_detach                          0x080064a5   Thumb Code    32  timer_1.o(.text)
    rt_timer_create                          0x080064c5   Thumb Code    46  timer_1.o(.text)
    rt_timer_delete                          0x080064f3   Thumb Code    32  timer_1.o(.text)
    rt_timer_start                           0x08006513   Thumb Code   206  timer_1.o(.text)
    rt_timer_stop                            0x080065e1   Thumb Code    46  timer_1.o(.text)
    rt_timer_control                         0x0800660f   Thumb Code    52  timer_1.o(.text)
    rt_timer_check                           0x08006643   Thumb Code   102  timer_1.o(.text)
    rt_timer_next_timeout_tick               0x080066a9   Thumb Code     4  timer_1.o(.text)
    rt_system_timer_init                     0x080066ad   Thumb Code    20  timer_1.o(.text)
    rt_system_timer_thread_init              0x080066c1   Thumb Code     2  timer_1.o(.text)
    rt_hw_interrupt_disable                  0x08006705   Thumb Code     8  context_rvds.o(.text)
    rt_hw_interrupt_enable                   0x0800670d   Thumb Code     6  context_rvds.o(.text)
    rt_hw_context_switch                     0x08006713   Thumb Code    32  context_rvds.o(.text)
    rt_hw_context_switch_interrupt           0x08006713   Thumb Code     0  context_rvds.o(.text)
    PendSV_Handler                           0x08006733   Thumb Code    60  context_rvds.o(.text)
    rt_hw_context_switch_to                  0x0800676f   Thumb Code    58  context_rvds.o(.text)
    rt_hw_interrupt_thread_switch            0x080067a9   Thumb Code     2  context_rvds.o(.text)
    HardFault_Handler                        0x080067ab   Thumb Code    48  context_rvds.o(.text)
    rt_hw_stack_init                         0x080067f5   Thumb Code    56  cpuport.o(.text)
    rt_hw_exception_install                  0x0800682d   Thumb Code     6  cpuport.o(.text)
    rt_hw_hard_fault_exception               0x08006833   Thumb Code   180  cpuport.o(.text)
    rt_hw_cpu_shutdown                       0x080068e7   Thumb Code     6  cpuport.o(.text)
    disk_status                              0x08006a41   Thumb Code    36  diskio.o(.text)
    disk_initialize                          0x08006a65   Thumb Code    30  diskio.o(.text)
    disk_read                                0x08006a83   Thumb Code    46  diskio.o(.text)
    disk_write                               0x08006ab1   Thumb Code    54  diskio.o(.text)
    disk_ioctl                               0x08006ae7   Thumb Code    54  diskio.o(.text)
    get_fattime                              0x08006b1d   Thumb Code     4  diskio.o(.text)
    clust2sect                               0x08006cb1   Thumb Code    24  ff.o(.text)
    get_fat                                  0x08006cc9   Thumb Code   254  ff.o(.text)
    put_fat                                  0x08006dc7   Thumb Code   300  ff.o(.text)
    f_mount                                  0x08007ec1   Thumb Code    74  ff.o(.text)
    f_open                                   0x08007f0b   Thumb Code   348  ff.o(.text)
    f_read                                   0x08008067   Thumb Code   380  ff.o(.text)
    f_write                                  0x080081e3   Thumb Code   458  ff.o(.text)
    f_sync                                   0x080083ad   Thumb Code   154  ff.o(.text)
    f_close                                  0x08008447   Thumb Code    30  ff.o(.text)
    f_lseek                                  0x08008465   Thumb Code   370  ff.o(.text)
    f_opendir                                0x080085d7   Thumb Code   112  ff.o(.text)
    f_closedir                               0x08008647   Thumb Code    20  ff.o(.text)
    f_readdir                                0x0800865b   Thumb Code    86  ff.o(.text)
    f_stat                                   0x080086b1   Thumb Code    64  ff.o(.text)
    f_getfree                                0x080086f1   Thumb Code   220  ff.o(.text)
    f_truncate                               0x080087cd   Thumb Code   178  ff.o(.text)
    f_unlink                                 0x0800887f   Thumb Code   166  ff.o(.text)
    f_mkdir                                  0x08008925   Thumb Code   358  ff.o(.text)
    f_chmod                                  0x08008a8b   Thumb Code    78  ff.o(.text)
    f_rename                                 0x08008ad9   Thumb Code   246  ff.o(.text)
    f_utime                                  0x08008bcf   Thumb Code    84  ff.o(.text)
    f_mkfs                                   0x08008c23   Thumb Code  1332  ff.o(.text)
    ff_convert                               0x08009191   Thumb Code    78  cc936.o(.text)
    ff_wtoupper                              0x080091df   Thumb Code    68  cc936.o(.text)
    StringToInt                              0x08009235   Thumb Code    36  g4.o(.text)
    IntToString                              0x08009259   Thumb Code    76  g4.o(.text)
    G4_StatePinConfig                        0x080092a5   Thumb Code    78  g4.o(.text)
    G4_CheckSTAT                             0x080092f3   Thumb Code    22  g4.o(.text)
    G4_CheckLIKA                             0x08009309   Thumb Code    22  g4.o(.text)
    G4_RST                                   0x0800931f   Thumb Code    38  g4.o(.text)
    G4_USART_Config                          0x0800936b   Thumb Code   154  g4.o(.text)
    G4_SendByte                              0x08009405   Thumb Code    26  g4.o(.text)
    G4_SendArray                             0x0800941f   Thumb Code    26  g4.o(.text)
    G4_SendString                            0x08009439   Thumb Code    24  g4.o(.text)
    G4_Cmd                                   0x08009451   Thumb Code   158  g4.o(.text)
    G4_EnterATMode                           0x080094ef   Thumb Code    68  g4.o(.text)
    G4_ExitATMode                            0x08009533   Thumb Code    12  g4.o(.text)
    G4_AT_RESTORE                            0x0800953f   Thumb Code    12  g4.o(.text)
    G4_AT_REBT                               0x0800954b   Thumb Code    12  g4.o(.text)
    G4_AT_UART_Query                         0x08009557   Thumb Code   108  g4.o(.text)
    G4_AT_UART_Set                           0x080095c3   Thumb Code    90  g4.o(.text)
    G4_AT_LINKSTA                            0x0800961d   Thumb Code    52  g4.o(.text)
    G4_AT_SOCK                               0x08009651   Thumb Code   284  g4.o(.text)
    G4_AT_HEARTMOD                           0x0800976d   Thumb Code    52  g4.o(.text)
    G4_AT_HEARTINFO                          0x080097a1   Thumb Code    50  g4.o(.text)
    G4_AT_HEARTM                             0x080097d3   Thumb Code    64  g4.o(.text)
    G4_AT_UARTCLR                            0x08009813   Thumb Code    52  g4.o(.text)
    USART3_IRQHandler                        0x08009847   Thumb Code   322  g4.o(.text)
    aes                                      0x080099e9   Thumb Code   238  web.o(.text)
    WebConnect                               0x08009ad7   Thumb Code   304  web.o(.text)
    WebMsgHandle_entry                       0x08009c07   Thumb Code  2282  web.o(.text)
    WebMsgSend_entry                         0x0800a4f1   Thumb Code   330  web.o(.text)
    NetDetect_entry                          0x0800a63b   Thumb Code    64  web.o(.text)
    lls                                      0x0800a749   Thumb Code    10  sm4.o(.text)
    SM4_t                                    0x0800a753   Thumb Code     2  sm4.o(.text)
    SM4_L                                    0x0800a755   Thumb Code    48  sm4.o(.text)
    SM4_L1                                   0x0800a785   Thumb Code    28  sm4.o(.text)
    SM4_T                                    0x0800a7a1   Thumb Code    12  sm4.o(.text)
    SM4_T1                                   0x0800a7ad   Thumb Code    12  sm4.o(.text)
    SM4_SetKey                               0x0800a7b9   Thumb Code    70  sm4.o(.text)
    SM4_GenRK                                0x0800a7ff   Thumb Code   178  sm4.o(.text)
    SM4_Encode                               0x0800a8b1   Thumb Code   276  sm4.o(.text)
    SM4_Decode                               0x0800a9c5   Thumb Code   270  sm4.o(.text)
    SM4_EncodeOrDecodeCh                     0x0800aad3   Thumb Code   294  sm4.o(.text)
    SM4_EncodeOrDecodeUCh                    0x0800abf9   Thumb Code   264  sm4.o(.text)
    cJSON_GetErrorPtr                        0x0800ad01   Thumb Code     6  cjson.o(.text)
    cJSON_InitHooks                          0x0800ad81   Thumb Code    36  cjson.o(.text)
    cJSON_Delete                             0x0800adbf   Thumb Code    66  cjson.o(.text)
    cJSON_ParseWithOpts                      0x0800b7c7   Thumb Code    94  cjson.o(.text)
    cJSON_Parse                              0x0800b825   Thumb Code     6  cjson.o(.text)
    cJSON_Print                              0x0800bedd   Thumb Code     8  cjson.o(.text)
    cJSON_PrintUnformatted                   0x0800bee5   Thumb Code     8  cjson.o(.text)
    cJSON_PrintBuffered                      0x0800beed   Thumb Code    38  cjson.o(.text)
    cJSON_GetArraySize                       0x0800bf13   Thumb Code    16  cjson.o(.text)
    cJSON_GetArrayItem                       0x0800bf23   Thumb Code    18  cjson.o(.text)
    cJSON_GetObjectItem                      0x0800bf35   Thumb Code    28  cjson.o(.text)
    cJSON_AddItemToArray                     0x0800bf85   Thumb Code    26  cjson.o(.text)
    cJSON_AddItemToObject                    0x0800bf9f   Thumb Code    42  cjson.o(.text)
    cJSON_AddItemToObjectCS                  0x0800bfc9   Thumb Code    50  cjson.o(.text)
    cJSON_AddItemReferenceToArray            0x0800bffb   Thumb Code    20  cjson.o(.text)
    cJSON_AddItemReferenceToObject           0x0800c00f   Thumb Code    24  cjson.o(.text)
    cJSON_DetachItemFromArray                0x0800c027   Thumb Code    56  cjson.o(.text)
    cJSON_DeleteItemFromArray                0x0800c05f   Thumb Code    14  cjson.o(.text)
    cJSON_DetachItemFromObject               0x0800c06d   Thumb Code    50  cjson.o(.text)
    cJSON_DeleteItemFromObject               0x0800c09f   Thumb Code    14  cjson.o(.text)
    cJSON_InsertItemInArray                  0x0800c0ad   Thumb Code    52  cjson.o(.text)
    cJSON_ReplaceItemInArray                 0x0800c0e1   Thumb Code    62  cjson.o(.text)
    cJSON_ReplaceItemInObject                0x0800c11f   Thumb Code    60  cjson.o(.text)
    cJSON_CreateNull                         0x0800c15b   Thumb Code    16  cjson.o(.text)
    cJSON_CreateTrue                         0x0800c16b   Thumb Code    16  cjson.o(.text)
    cJSON_CreateFalse                        0x0800c17b   Thumb Code    16  cjson.o(.text)
    cJSON_CreateBool                         0x0800c18b   Thumb Code    24  cjson.o(.text)
    cJSON_CreateNumber                       0x0800c1a3   Thumb Code    36  cjson.o(.text)
    cJSON_CreateString                       0x0800c1c7   Thumb Code    28  cjson.o(.text)
    cJSON_CreateArray                        0x0800c1e3   Thumb Code    16  cjson.o(.text)
    cJSON_CreateObject                       0x0800c1f3   Thumb Code    16  cjson.o(.text)
    cJSON_CreateIntArray                     0x0800c203   Thumb Code    64  cjson.o(.text)
    cJSON_CreateFloatArray                   0x0800c243   Thumb Code    62  cjson.o(.text)
    cJSON_CreateDoubleArray                  0x0800c281   Thumb Code    60  cjson.o(.text)
    cJSON_CreateStringArray                  0x0800c2bd   Thumb Code    66  cjson.o(.text)
    cJSON_Duplicate                          0x0800c2ff   Thumb Code   150  cjson.o(.text)
    cJSON_Minify                             0x0800c395   Thumb Code   166  cjson.o(.text)
    registerFingerprint                      0x0800c43d   Thumb Code    76  as60test.o(.text)
    getFeatureFile                           0x0800c489   Thumb Code    34  as60test.o(.text)
    downloadSaveFeatureFile                  0x0800c4ab   Thumb Code    94  as60test.o(.text)
    AS608_SendData                           0x0800c555   Thumb Code    26  as60.o(.text)
    AS608_SendPackHead                       0x0800c56f   Thumb Code    16  as60.o(.text)
    AS608_SendAddr                           0x0800c57f   Thumb Code    40  as60.o(.text)
    AS608_SendFlag                           0x0800c5a7   Thumb Code     2  as60.o(.text)
    AS608_SendLength                         0x0800c5a9   Thumb Code    18  as60.o(.text)
    AS608_SendCom                            0x0800c5bb   Thumb Code     2  as60.o(.text)
    SendCheck                                0x0800c5bd   Thumb Code    18  as60.o(.text)
    PS_Enroll                                0x0800c5cf   Thumb Code    98  as60.o(.text)
    PS_Identify                              0x0800c631   Thumb Code    90  as60.o(.text)
    PS_VfyPwd                                0x0800c68b   Thumb Code   110  as60.o(.text)
    PS_LoadChar                              0x0800c6f9   Thumb Code   132  as60.o(.text)
    PS_UpChar                                0x0800c77d   Thumb Code   178  as60.o(.text)
    PS_DownChar                              0x0800c82f   Thumb Code    94  as60.o(.text)
    downloadFeatureFile                      0x0800c88d   Thumb Code   118  as60.o(.text)
    RotationWord                             0x0800c97d   Thumb Code    18  aes.o(.text)
    XorBytes                                 0x0800c98f   Thumb Code    24  aes.o(.text)
    AddRoundKey                              0x0800c9a7   Thumb Code     4  aes.o(.text)
    SubBytes                                 0x0800c9ab   Thumb Code    32  aes.o(.text)
    ShiftRows                                0x0800c9cb   Thumb Code    70  aes.o(.text)
    GfMultBy02                               0x0800ca11   Thumb Code    20  aes.o(.text)
    MixColumns                               0x0800ca25   Thumb Code   208  aes.o(.text)
    BlockEncrypt                             0x0800caf5   Thumb Code    66  aes.o(.text)
    BlockDecrypt                             0x0800cb37   Thumb Code    74  aes.o(.text)
    AES_Init                                 0x0800cb81   Thumb Code   116  aes.o(.text)
    AES_Encrypt                              0x0800cbf5   Thumb Code    66  aes.o(.text)
    AES_Encrypt_Oneself                      0x0800cc37   Thumb Code     4  aes.o(.text)
    AES_Decrypt                              0x0800cc3b   Thumb Code    60  aes.o(.text)
    AES_Decrypt_Oneself                      0x0800cc77   Thumb Code     4  aes.o(.text)
    dataFiling_pkcs5padding                  0x0800cc8d   Thumb Code    34  myaes.o(.text)
    dataRemove_pkcs5padding                  0x0800ccaf   Thumb Code    12  myaes.o(.text)
    myaes_encrypt                            0x0800ccbb   Thumb Code   112  myaes.o(.text)
    myaes_decrypt                            0x0800cd2b   Thumb Code    44  myaes.o(.text)
    Base64_EncodeStr                         0x0800cd59   Thumb Code   142  base64.o(.text)
    Base64_EncodeUChArr                      0x0800cde7   Thumb Code   140  base64.o(.text)
    Base64_DecodeToStr                       0x0800ce73   Thumb Code   234  base64.o(.text)
    Base64_DecodeToUChArr                    0x0800cf5d   Thumb Code   228  base64.o(.text)
    crc16bitbybit                            0x0800d045   Thumb Code    56  crc.o(.text)
    crc16table                               0x0800d07d   Thumb Code    38  crc.o(.text)
    crc16tablefast                           0x0800d0a3   Thumb Code    60  crc.o(.text)
    tolower                                  0x0800d0e9   Thumb Code    12  tolower.o(.text)
    __aeabi_memcpy                           0x0800d0f5   Thumb Code    36  memcpya.o(.text)
    __aeabi_memcpy4                          0x0800d0f5   Thumb Code     0  memcpya.o(.text)
    __aeabi_memcpy8                          0x0800d0f5   Thumb Code     0  memcpya.o(.text)
    __aeabi_memset                           0x0800d119   Thumb Code    14  memseta.o(.text)
    __aeabi_memset4                          0x0800d119   Thumb Code     0  memseta.o(.text)
    __aeabi_memset8                          0x0800d119   Thumb Code     0  memseta.o(.text)
    __aeabi_memclr                           0x0800d127   Thumb Code     4  memseta.o(.text)
    __aeabi_memclr4                          0x0800d127   Thumb Code     0  memseta.o(.text)
    __aeabi_memclr8                          0x0800d127   Thumb Code     0  memseta.o(.text)
    _memset$wrapper                          0x0800d12b   Thumb Code    18  memseta.o(.text)
    strcat                                   0x0800d13d   Thumb Code    24  strcat.o(.text)
    strstr                                   0x0800d155   Thumb Code    36  strstr.o(.text)
    strchr                                   0x0800d179   Thumb Code    20  strchr.o(.text)
    strlen                                   0x0800d18d   Thumb Code    14  strlen.o(.text)
    strcmp                                   0x0800d19b   Thumb Code    28  strcmp.o(.text)
    strcpy                                   0x0800d1b7   Thumb Code    18  strcpy.o(.text)
    strncmp                                  0x0800d1c9   Thumb Code    30  strncmp.o(.text)
    __aeabi_dadd                             0x0800d1e7   Thumb Code   322  dadd.o(.text)
    __aeabi_dsub                             0x0800d329   Thumb Code     6  dadd.o(.text)
    __aeabi_drsub                            0x0800d32f   Thumb Code     6  dadd.o(.text)
    __aeabi_dmul                             0x0800d335   Thumb Code   228  dmul.o(.text)
    __aeabi_i2d                              0x0800d419   Thumb Code    34  dflti.o(.text)
    __aeabi_ui2d                             0x0800d43b   Thumb Code    26  dfltui.o(.text)
    __aeabi_d2iz                             0x0800d455   Thumb Code    62  dfixi.o(.text)
    __aeabi_f2d                              0x0800d493   Thumb Code    38  f2d.o(.text)
    __aeabi_cdcmpeq                          0x0800d4b9   Thumb Code     0  cdcmple.o(.text)
    __aeabi_cdcmple                          0x0800d4b9   Thumb Code    48  cdcmple.o(.text)
    __aeabi_cdrcmple                         0x0800d4e9   Thumb Code    48  cdrcmple.o(.text)
    __aeabi_uidiv                            0x0800d519   Thumb Code     0  uidiv.o(.text)
    __aeabi_uidivmod                         0x0800d519   Thumb Code    44  uidiv.o(.text)
    __aeabi_uldivmod                         0x0800d545   Thumb Code    98  uldiv.o(.text)
    __aeabi_llsl                             0x0800d5a7   Thumb Code    30  llshl.o(.text)
    _ll_shift_l                              0x0800d5a7   Thumb Code     0  llshl.o(.text)
    __aeabi_llsr                             0x0800d5c5   Thumb Code    32  llushr.o(.text)
    _ll_ushift_r                             0x0800d5c5   Thumb Code     0  llushr.o(.text)
    __aeabi_lasr                             0x0800d5e5   Thumb Code    36  llsshr.o(.text)
    _ll_sshift_r                             0x0800d5e5   Thumb Code     0  llsshr.o(.text)
    __I$use$fp                               0x0800d609   Thumb Code     0  iusefp.o(.text)
    _double_round                            0x0800d609   Thumb Code    30  depilogue.o(.text)
    _double_epilogue                         0x0800d627   Thumb Code   156  depilogue.o(.text)
    __aeabi_ddiv                             0x0800d6c3   Thumb Code   222  ddiv.o(.text)
    __ARM_scalbn                             0x0800d7a1   Thumb Code    46  dscalb.o(.text)
    scalbn                                   0x0800d7a1   Thumb Code     0  dscalb.o(.text)
    __aeabi_d2ulz                            0x0800d7cf   Thumb Code    48  dfixul.o(.text)
    __scatterload                            0x0800d801   Thumb Code    28  init.o(.text)
    __scatterload_rt2                        0x0800d801   Thumb Code     0  init.o(.text)
    _dsqrt                                   0x0800d825   Thumb Code   162  dsqrt.o(.text)
    __decompress                             0x0800d8c7   Thumb Code     0  __dczerorl2.o(.text)
    __decompress1                            0x0800d8c7   Thumb Code    86  __dczerorl2.o(.text)
    __0printf                                0x0800d91d   Thumb Code    22  printfa.o(i.__0printf)
    __1printf                                0x0800d91d   Thumb Code     0  printfa.o(i.__0printf)
    __2printf                                0x0800d91d   Thumb Code     0  printfa.o(i.__0printf)
    __c89printf                              0x0800d91d   Thumb Code     0  printfa.o(i.__0printf)
    printf                                   0x0800d91d   Thumb Code     0  printfa.o(i.__0printf)
    __0sprintf                               0x0800d93d   Thumb Code    34  printfa.o(i.__0sprintf)
    __1sprintf                               0x0800d93d   Thumb Code     0  printfa.o(i.__0sprintf)
    __2sprintf                               0x0800d93d   Thumb Code     0  printfa.o(i.__0sprintf)
    __c89sprintf                             0x0800d93d   Thumb Code     0  printfa.o(i.__0sprintf)
    sprintf                                  0x0800d93d   Thumb Code     0  printfa.o(i.__0sprintf)
    __0vsprintf                              0x0800d965   Thumb Code    30  printfa.o(i.__0vsprintf)
    __1vsprintf                              0x0800d965   Thumb Code     0  printfa.o(i.__0vsprintf)
    __2vsprintf                              0x0800d965   Thumb Code     0  printfa.o(i.__0vsprintf)
    __c89vsprintf                            0x0800d965   Thumb Code     0  printfa.o(i.__0vsprintf)
    vsprintf                                 0x0800d965   Thumb Code     0  printfa.o(i.__0vsprintf)
    __ARM_fpclassify                         0x0800d989   Thumb Code    40  fpclassify.o(i.__ARM_fpclassify)
    __kernel_poly                            0x0800d9b1   Thumb Code   170  poly.o(i.__kernel_poly)
    __mathlib_dbl_divzero                    0x0800da5d   Thumb Code    12  dunder.o(i.__mathlib_dbl_divzero)
    __mathlib_dbl_infnan2                    0x0800da6d   Thumb Code     4  dunder.o(i.__mathlib_dbl_infnan2)
    __mathlib_dbl_invalid                    0x0800da71   Thumb Code    12  dunder.o(i.__mathlib_dbl_invalid)
    __mathlib_dbl_overflow                   0x0800da7d   Thumb Code    14  dunder.o(i.__mathlib_dbl_overflow)
    __mathlib_dbl_underflow                  0x0800da8d   Thumb Code    10  dunder.o(i.__mathlib_dbl_underflow)
    __scatterload_copy                       0x0800da9d   Thumb Code    14  handlers.o(i.__scatterload_copy)
    __scatterload_null                       0x0800daab   Thumb Code     2  handlers.o(i.__scatterload_null)
    __scatterload_zeroinit                   0x0800daad   Thumb Code    14  handlers.o(i.__scatterload_zeroinit)
    __set_errno                              0x0800dabd   Thumb Code     6  errno.o(i.__set_errno)
    floor                                    0x0800e385   Thumb Code   204  floor.o(i.floor)
    pow                                      0x0800e461   Thumb Code  2512  pow.o(i.pow)
    sqrt                                     0x0800ee39   Thumb Code    76  sqrt.o(i.sqrt)
    __lowest_bit_bitmap                      0x0800ee84   Data         256  kservice.o(.constdata)
    ck                                       0x0803a4a0   Data         128  sm4.o(.constdata)
    SBox                                     0x0803a527   Data         256  aes.o(.constdata)
    InvSBox                                  0x0803a627   Data         256  aes.o(.constdata)
    Base64_Table                             0x0803a727   Data          66  base64.o(.constdata)
    crctablehi                               0x0803a76a   Data         256  crc.o(.constdata)
    crctablelo                               0x0803a86a   Data         256  crc.o(.constdata)
    crctalbeabs                              0x0803a96a   Data          32  crc.o(.constdata)
    __mathlib_zero                           0x0803aa18   Data           8  qnan.o(.constdata)
    __rt_init_rti_start                      0x0803aa20   Data           4  components.o(.rti_fn.0)
    __rt_init_rti_board_start                0x0803aa24   Data           4  components.o(.rti_fn.0.end)
    __rt_init_rti_board_end                  0x0803aa28   Data           4  components.o(.rti_fn.1.end)
    __rt_init_rti_end                        0x0803aa2c   Data           4  components.o(.rti_fn.6.end)
    Region$$Table$$Base                      0x0803aa30   Number         0  anon$$obj.o(Region$$Table)
    Region$$Table$$Limit                     0x0803aa50   Number         0  anon$$obj.o(Region$$Table)
    SystemCoreClock                          0x20000000   Data           4  system_stm32f10x.o(.data)
    AHBPrescTable                            0x20000004   Data          16  system_stm32f10x.o(.data)
    USART_RX_STA                             0x2000002c   Data           2  bsp_usart.o(.data)
    AS608Addr                                0x20000030   Data           4  as608.o(.data)
    USART2_RX_STA                            0x20000034   Data           2  usart2.o(.data)
    num                                      0x2000003c   Data           4  handle_as608.o(.data)
    ValidN                                   0x20000040   Data           2  handle_as608.o(.data)
    verify_sign                              0x20000044   Data           4  handle_as608.o(.data)
    sign                                     0x20000048   Data           4  handle_code.o(.data)
    i                                        0x2000004c   Data           4  handle_code.o(.data)
    j                                        0x20000050   Data           4  handle_code.o(.data)
    sys_password                             0x20000054   Data           7  handle_code.o(.data)
    flash_password                           0x2000005b   Data           9  handle_code.o(.data)
    res                                      0x20000068   Data           1  handle_flash.o(.data)
    br                                       0x2000006c   Data           4  handle_flash.o(.data)
    wData1                                   0x20000070   Data         150  handle_flash.o(.data)
    wData2                                   0x20000106   Data         150  handle_flash.o(.data)
    rData                                    0x2000019c   Data        4096  handle_flash.o(.data)
    bw                                       0x2000119c   Data           4  handle_flash.o(.data)
    rt_interrupt_nest                        0x200011a4   Data           1  irq.o(.data)
    rt_current_priority                      0x20001244   Data           1  scheduler.o(.data)
    rt_current_thread                        0x20001248   Data           4  scheduler.o(.data)
    rt_thread_ready_priority_group           0x2000124c   Data           4  scheduler.o(.data)
    rt_thread_defunct                        0x20001250   Data           8  scheduler.o(.data)
    rt_interrupt_from_thread                 0x20001268   Data           4  cpuport.o(.data)
    rt_interrupt_to_thread                   0x2000126c   Data           4  cpuport.o(.data)
    rt_thread_switch_interrupt_flag          0x20001270   Data           4  cpuport.o(.data)
    G4_GET_POINT                             0x20001280   Data           1  g4.o(.data)
    G4_mail                                  0x20001284   Data           4  g4.o(.data)
    unVanish                                 0x20001288   Data           1  web.o(.data)
    webConnect                               0x20001289   Data           1  web.o(.data)
    response                                 0x2000128a   Data           1  web.o(.data)
    cipler_text_len                          0x2000128c   Data           2  web.o(.data)
    data_len                                 0x2000128e   Data           2  web.o(.data)
    crc                                      0x20001290   Data           2  web.o(.data)
    webConnect_thread                        0x20001294   Data           4  web.o(.data)
    webMsgSend_mq                            0x20001298   Data           4  web.o(.data)
    aes_key                                  0x2000129c   Data          16  web.o(.data)
    webMsgHand_thread                        0x200012ac   Data           4  web.o(.data)
    codeOpen_mq                              0x200012b0   Data           4  handle.o(.data)
    unlock_sem                               0x200012b4   Data           4  handle.o(.data)
    AS_Exit                                  0x200012c4   Data           4  as60.o(.data)
    AS_responseFlag                          0x200012c8   Data           1  as60.o(.data)
    PackSize                                 0x200012ca   Data           2  as60.o(.data)
    AS608_addr                               0x200012cc   Data           4  as60.o(.data)
    play_mq                                  0x200012d0   Data           4  play.o(.data)
    __stdout                                 0x200012d4   Data           4  stdout.o(.data)
    sm4_key                                  0x200022dc   Data         144  main.o(.bss)
    USART_RX_BUF                             0x2000236c   Data         200  bsp_usart.o(.bss)
    USART2_RX_BUF                            0x20002434   Data         400  usart2.o(.bss)
    USART2_TX_BUF                            0x200025c4   Data         400  usart2.o(.bss)
    AS608Para                                0x20002754   Data          12  handle_as608.o(.bss)
    password                                 0x20002760   Data         100  handle_code.o(.bss)
    openinig_password                        0x200027c4   Data         100  handle_code.o(.bss)
    fsObject                                 0x20002828   Data        4144  handle_flash.o(.bss)
    fp                                       0x20003858   Data        4132  handle_flash.o(.bss)
    rt_thread_priority_table                 0x20004a9c   Data          64  scheduler.o(.bss)
    G4_Fram_Record                           0x20004cdc   Data         260  g4.o(.bss)
    G4_GET                                   0x20004de0   Data        4506  g4.o(.bss)
    palin_text                               0x20005f7a   Data         512  web.o(.bss)
    cipler_text                              0x2000617a   Data         512  web.o(.bss)
    send_data                                0x2000637a   Data        1024  web.o(.bss)
    AS_responseBuff                          0x2000677a   Data        1024  as60.o(.bss)
    g_KeyTable                               0x20006b7a   Data         176  aes.o(.bss)
    g_AES_IV                                 0x20006c2a   Data          16  aes.o(.bss)
    __initial_sp                             0x20007040   Data           0  startup_stm32f10x_hd.o(STACK)



==============================================================================

Memory Map of the image

  Image Entry point : 0x08000131

  Load Region LR_IROM1 (Base: 0x08000000, Size: 0x0003bd2c, Max: 0x00080000, ABSOLUTE, COMPRESSED[0x0003ab0c])

    Execution Region ER_IROM1 (Exec base: 0x08000000, Load base: 0x08000000, Size: 0x0003aa50, Max: 0x00080000, ABSOLUTE)

    Exec Addr    Load Addr    Size         Type   Attr      Idx    E Section Name        Object

    0x08000000   0x08000000   0x00000130   Data   RO            3    RESET               startup_stm32f10x_hd.o
    0x08000130   0x08000130   0x00000000   Code   RO         1435  * .ARM.Collect$$$$00000000  mc_w.l(entry.o)
    0x08000130   0x08000130   0x00000004   Code   RO         1764    .ARM.Collect$$$$00000001  mc_w.l(entry2.o)
    0x08000134   0x08000134   0x00000004   Code   RO         1767    .ARM.Collect$$$$00000004  mc_w.l(entry5.o)
    0x08000138   0x08000138   0x00000000   Code   RO         1769    .ARM.Collect$$$$00000008  mc_w.l(entry7b.o)
    0x08000138   0x08000138   0x00000000   Code   RO         1771    .ARM.Collect$$$$0000000A  mc_w.l(entry8b.o)
    0x08000138   0x08000138   0x00000008   Code   RO         1772    .ARM.Collect$$$$0000000B  mc_w.l(entry9a.o)
    0x08000140   0x08000140   0x00000000   Code   RO         1774    .ARM.Collect$$$$0000000D  mc_w.l(entry10a.o)
    0x08000140   0x08000140   0x00000000   Code   RO         1776    .ARM.Collect$$$$0000000F  mc_w.l(entry11a.o)
    0x08000140   0x08000140   0x00000004   Code   RO         1765    .ARM.Collect$$$$00002712  mc_w.l(entry2.o)
    0x08000144   0x08000144   0x00000024   Code   RO            4    .text               startup_stm32f10x_hd.o
    0x08000168   0x08000168   0x00000174   Code   RO           24    .text               system_stm32f10x.o
    0x080002dc   0x080002dc   0x000000b8   Code   RO          121    .text               misc.o
    0x08000394   0x08000394   0x00000298   Code   RO          269    .text               stm32f10x_gpio.o
    0x0800062c   0x0800062c   0x000002f4   Code   RO          317    .text               stm32f10x_rcc.o
    0x08000920   0x08000920   0x000002b4   Code   RO          355    .text               stm32f10x_spi.o
    0x08000bd4   0x08000bd4   0x00000c2a   Code   RO          367    .text               stm32f10x_tim.o
    0x080017fe   0x080017fe   0x00000002   PAD
    0x08001800   0x08001800   0x0000039c   Code   RO          379    .text               stm32f10x_usart.o
    0x08001b9c   0x08001b9c   0x000000f4   Code   RO          403    .text               board.o
    0x08001c90   0x08001c90   0x0000021c   Code   RO          525    .text               main.o
    0x08001eac   0x08001eac   0x00000060   Code   RO          580    .text               bsp_led.o
    0x08001f0c   0x08001f0c   0x000001f4   Code   RO          592    .text               bsp_usart.o
    0x08002100   0x08002100   0x00000028   Code   RO          615    .text               bsp_key.o
    0x08002128   0x08002128   0x0000099c   Code   RO          627    .text               as608.o
    0x08002ac4   0x08002ac4   0x00000038   Code   RO          658    .text               beep.o
    0x08002afc   0x08002afc   0x00000094   Code   RO          670    .text               timer.o
    0x08002b90   0x08002b90   0x0000016c   Code   RO          683    .text               usart2.o
    0x08002cfc   0x08002cfc   0x00000098   Code   RO          718    .text               delay.o
    0x08002d94   0x08002d94   0x000001d8   Code   RO          732    .text               key.o
    0x08002f6c   0x08002f6c   0x00000854   Code   RO          750    .text               handle_as608.o
    0x080037c0   0x080037c0   0x00000490   Code   RO          767    .text               handle_code.o
    0x08003c50   0x08003c50   0x00000504   Code   RO          797    .text               bsp_spi_flash.o
    0x08004154   0x08004154   0x00000278   Code   RO          811    .text               handle_flash.o
    0x080043cc   0x080043cc   0x00000068   Code   RO          837    .text               clock.o
    0x08004434   0x08004434   0x000000b4   Code   RO          851    .text               components.o
    0x080044e8   0x080044e8   0x000000d4   Code   RO          875    .text               idle.o
    0x080045bc   0x080045bc   0x00000bee   Code   RO          893    .text               ipc.o
    0x080051aa   0x080051aa   0x00000002   PAD
    0x080051ac   0x080051ac   0x00000038   Code   RO          908    .text               irq.o
    0x080051e4   0x080051e4   0x00000790   Code   RO          923    .text               kservice.o
    0x08005974   0x08005974   0x000003d0   Code   RO          940    .text               mem.o
    0x08005d44   0x08005d44   0x00000160   Code   RO          976    .text               object.o
    0x08005ea4   0x08005ea4   0x00000194   Code   RO          993    .text               scheduler.o
    0x08006038   0x08006038   0x00000402   Code   RO         1019    .text               thread.o
    0x0800643a   0x0800643a   0x00000002   PAD
    0x0800643c   0x0800643c   0x000002c8   Code   RO         1035    .text               timer_1.o
    0x08006704   0x08006704   0x000000f0   Code   RO         1052    .text               context_rvds.o
    0x080067f4   0x080067f4   0x0000024c   Code   RO         1056    .text               cpuport.o
    0x08006a40   0x08006a40   0x000000e4   Code   RO         1074    .text               diskio.o
    0x08006b24   0x08006b24   0x0000266c   Code   RO         1092    .text               ff.o
    0x08009190   0x08009190   0x000000a4   Code   RO         1114    .text               cc936.o
    0x08009234   0x08009234   0x000007b4   Code   RO         1137    .text               g4.o
    0x080099e8   0x080099e8   0x00000d60   Code   RO         1157    .text               web.o
    0x0800a748   0x0800a748   0x000005b8   Code   RO         1231    .text               sm4.o
    0x0800ad00   0x0800ad00   0x0000173a   Code   RO         1247    .text               cjson.o
    0x0800c43a   0x0800c43a   0x00000002   PAD
    0x0800c43c   0x0800c43c   0x00000118   Code   RO         1296    .text               as60test.o
    0x0800c554   0x0800c554   0x00000428   Code   RO         1324    .text               as60.o
    0x0800c97c   0x0800c97c   0x00000310   Code   RO         1359    .text               aes.o
    0x0800cc8c   0x0800cc8c   0x000000ca   Code   RO         1375    .text               myaes.o
    0x0800cd56   0x0800cd56   0x00000002   PAD
    0x0800cd58   0x0800cd58   0x000002ec   Code   RO         1390    .text               base64.o
    0x0800d044   0x0800d044   0x000000a4   Code   RO         1405    .text               crc.o
    0x0800d0e8   0x0800d0e8   0x0000000c   Code   RO         1438    .text               mc_w.l(tolower.o)
    0x0800d0f4   0x0800d0f4   0x00000024   Code   RO         1440    .text               mc_w.l(memcpya.o)
    0x0800d118   0x0800d118   0x00000024   Code   RO         1442    .text               mc_w.l(memseta.o)
    0x0800d13c   0x0800d13c   0x00000018   Code   RO         1444    .text               mc_w.l(strcat.o)
    0x0800d154   0x0800d154   0x00000024   Code   RO         1446    .text               mc_w.l(strstr.o)
    0x0800d178   0x0800d178   0x00000014   Code   RO         1448    .text               mc_w.l(strchr.o)
    0x0800d18c   0x0800d18c   0x0000000e   Code   RO         1450    .text               mc_w.l(strlen.o)
    0x0800d19a   0x0800d19a   0x0000001c   Code   RO         1452    .text               mc_w.l(strcmp.o)
    0x0800d1b6   0x0800d1b6   0x00000012   Code   RO         1454    .text               mc_w.l(strcpy.o)
    0x0800d1c8   0x0800d1c8   0x0000001e   Code   RO         1456    .text               mc_w.l(strncmp.o)
    0x0800d1e6   0x0800d1e6   0x0000014e   Code   RO         1721    .text               mf_w.l(dadd.o)
    0x0800d334   0x0800d334   0x000000e4   Code   RO         1723    .text               mf_w.l(dmul.o)
    0x0800d418   0x0800d418   0x00000022   Code   RO         1725    .text               mf_w.l(dflti.o)
    0x0800d43a   0x0800d43a   0x0000001a   Code   RO         1727    .text               mf_w.l(dfltui.o)
    0x0800d454   0x0800d454   0x0000003e   Code   RO         1729    .text               mf_w.l(dfixi.o)
    0x0800d492   0x0800d492   0x00000026   Code   RO         1731    .text               mf_w.l(f2d.o)
    0x0800d4b8   0x0800d4b8   0x00000030   Code   RO         1733    .text               mf_w.l(cdcmple.o)
    0x0800d4e8   0x0800d4e8   0x00000030   Code   RO         1735    .text               mf_w.l(cdrcmple.o)
    0x0800d518   0x0800d518   0x0000002c   Code   RO         1779    .text               mc_w.l(uidiv.o)
    0x0800d544   0x0800d544   0x00000062   Code   RO         1781    .text               mc_w.l(uldiv.o)
    0x0800d5a6   0x0800d5a6   0x0000001e   Code   RO         1783    .text               mc_w.l(llshl.o)
    0x0800d5c4   0x0800d5c4   0x00000020   Code   RO         1785    .text               mc_w.l(llushr.o)
    0x0800d5e4   0x0800d5e4   0x00000024   Code   RO         1787    .text               mc_w.l(llsshr.o)
    0x0800d608   0x0800d608   0x00000000   Code   RO         1796    .text               mc_w.l(iusefp.o)
    0x0800d608   0x0800d608   0x000000ba   Code   RO         1797    .text               mf_w.l(depilogue.o)
    0x0800d6c2   0x0800d6c2   0x000000de   Code   RO         1799    .text               mf_w.l(ddiv.o)
    0x0800d7a0   0x0800d7a0   0x0000002e   Code   RO         1801    .text               mf_w.l(dscalb.o)
    0x0800d7ce   0x0800d7ce   0x00000030   Code   RO         1803    .text               mf_w.l(dfixul.o)
    0x0800d7fe   0x0800d7fe   0x00000002   PAD
    0x0800d800   0x0800d800   0x00000024   Code   RO         1805    .text               mc_w.l(init.o)
    0x0800d824   0x0800d824   0x000000a2   Code   RO         1807    .text               mf_w.l(dsqrt.o)
    0x0800d8c6   0x0800d8c6   0x00000056   Code   RO         1817    .text               mc_w.l(__dczerorl2.o)
    0x0800d91c   0x0800d91c   0x00000020   Code   RO         1693    i.__0printf         mc_w.l(printfa.o)
    0x0800d93c   0x0800d93c   0x00000028   Code   RO         1695    i.__0sprintf        mc_w.l(printfa.o)
    0x0800d964   0x0800d964   0x00000024   Code   RO         1699    i.__0vsprintf       mc_w.l(printfa.o)
    0x0800d988   0x0800d988   0x00000028   Code   RO         1751    i.__ARM_fpclassify  m_ws.l(fpclassify.o)
    0x0800d9b0   0x0800d9b0   0x000000aa   Code   RO         1753    i.__kernel_poly     m_ws.l(poly.o)
    0x0800da5a   0x0800da5a   0x00000002   PAD
    0x0800da5c   0x0800da5c   0x00000010   Code   RO         1737    i.__mathlib_dbl_divzero  m_ws.l(dunder.o)
    0x0800da6c   0x0800da6c   0x00000004   Code   RO         1739    i.__mathlib_dbl_infnan2  m_ws.l(dunder.o)
    0x0800da70   0x0800da70   0x0000000c   Code   RO         1740    i.__mathlib_dbl_invalid  m_ws.l(dunder.o)
    0x0800da7c   0x0800da7c   0x0000000e   Code   RO         1741    i.__mathlib_dbl_overflow  m_ws.l(dunder.o)
    0x0800da8a   0x0800da8a   0x00000002   PAD
    0x0800da8c   0x0800da8c   0x00000010   Code   RO         1743    i.__mathlib_dbl_underflow  m_ws.l(dunder.o)
    0x0800da9c   0x0800da9c   0x0000000e   Code   RO         1811    i.__scatterload_copy  mc_w.l(handlers.o)
    0x0800daaa   0x0800daaa   0x00000002   Code   RO         1812    i.__scatterload_null  mc_w.l(handlers.o)
    0x0800daac   0x0800daac   0x0000000e   Code   RO         1813    i.__scatterload_zeroinit  mc_w.l(handlers.o)
    0x0800daba   0x0800daba   0x00000002   PAD
    0x0800dabc   0x0800dabc   0x0000000c   Code   RO         1791    i.__set_errno       mc_w.l(errno.o)
    0x0800dac8   0x0800dac8   0x00000184   Code   RO         1700    i._fp_digits        mc_w.l(printfa.o)
    0x0800dc4c   0x0800dc4c   0x000006dc   Code   RO         1701    i._printf_core      mc_w.l(printfa.o)
    0x0800e328   0x0800e328   0x00000024   Code   RO         1702    i._printf_post_padding  mc_w.l(printfa.o)
    0x0800e34c   0x0800e34c   0x0000002e   Code   RO         1703    i._printf_pre_padding  mc_w.l(printfa.o)
    0x0800e37a   0x0800e37a   0x0000000a   Code   RO         1705    i._sputc            mc_w.l(printfa.o)
    0x0800e384   0x0800e384   0x000000dc   Code   RO         1422    i.floor             m_ws.l(floor.o)
    0x0800e460   0x0800e460   0x000009d8   Code   RO         1426    i.pow               m_ws.l(pow.o)
    0x0800ee38   0x0800ee38   0x0000004c   Code   RO         1757    i.sqrt              m_ws.l(sqrt.o)
    0x0800ee84   0x0800ee84   0x00000122   Data   RO          925    .constdata          kservice.o
    0x0800efa6   0x0800efa6   0x0000003a   Data   RO         1094    .constdata          ff.o
    0x0800efe0   0x0800efe0   0x0002b0c0   Data   RO         1115    .constdata          cc936.o
    0x0803a0a0   0x0803a0a0   0x00000400   Data   RO         1160    .constdata          web.o
    0x0803a4a0   0x0803a4a0   0x00000080   Data   RO         1232    .constdata          sm4.o
    0x0803a520   0x0803a520   0x00000007   Data   RO         1248    .constdata          cjson.o
    0x0803a527   0x0803a527   0x00000200   Data   RO         1361    .constdata          aes.o
    0x0803a727   0x0803a727   0x00000042   Data   RO         1391    .constdata          base64.o
    0x0803a769   0x0803a769   0x00000001   PAD
    0x0803a76a   0x0803a76a   0x00000220   Data   RO         1407    .constdata          crc.o
    0x0803a98a   0x0803a98a   0x00000006   PAD
    0x0803a990   0x0803a990   0x00000088   Data   RO         1427    .constdata          m_ws.l(pow.o)
    0x0803aa18   0x0803aa18   0x00000008   Data   RO         1755    .constdata          m_ws.l(qnan.o)
    0x0803aa20   0x0803aa20   0x00000004   Data   RO          852    .rti_fn.0           components.o
    0x0803aa24   0x0803aa24   0x00000004   Data   RO          853    .rti_fn.0.end       components.o
    0x0803aa28   0x0803aa28   0x00000004   Data   RO          854    .rti_fn.1.end       components.o
    0x0803aa2c   0x0803aa2c   0x00000004   Data   RO          855    .rti_fn.6.end       components.o
    0x0803aa30   0x0803aa30   0x00000020   Data   RO         1809    Region$$Table       anon$$obj.o


    Execution Region RW_IRAM1 (Exec base: 0x20000000, Load base: 0x0803aa50, Size: 0x00007040, Max: 0x00010000, ABSOLUTE, COMPRESSED[0x000000bc])

    Exec Addr    Load Addr    Size         Type   Attr      Idx    E Section Name        Object

    0x20000000   COMPRESSED   0x00000014   Data   RW           25    .data               system_stm32f10x.o
    0x20000014   COMPRESSED   0x00000014   Data   RW          318    .data               stm32f10x_rcc.o
    0x20000028   COMPRESSED   0x00000004   Data   RW          528    .data               main.o
    0x2000002c   COMPRESSED   0x00000002   Data   RW          594    .data               bsp_usart.o
    0x2000002e   COMPRESSED   0x00000002   PAD
    0x20000030   COMPRESSED   0x00000004   Data   RW          628    .data               as608.o
    0x20000034   COMPRESSED   0x00000002   Data   RW          685    .data               usart2.o
    0x20000036   COMPRESSED   0x00000004   Data   RW          719    .data               delay.o
    0x2000003a   COMPRESSED   0x00000002   PAD
    0x2000003c   COMPRESSED   0x00000004   Data   RW          752    .data               handle_as608.o
    0x20000040   COMPRESSED   0x00000008   Data   RW          753    .data               handle_as608.o
    0x20000048   COMPRESSED   0x0000001c   Data   RW          769    .data               handle_code.o
    0x20000064   COMPRESSED   0x00000004   Data   RW          798    .data               bsp_spi_flash.o
    0x20000068   COMPRESSED   0x00000134   Data   RW          813    .data               handle_flash.o
    0x2000019c   COMPRESSED   0x00001000   Data   RW          814    .data               handle_flash.o
    0x2000119c   COMPRESSED   0x00000004   Data   RW          815    .data               handle_flash.o
    0x200011a0   COMPRESSED   0x00000004   Data   RW          838    .data               clock.o
    0x200011a4   COMPRESSED   0x00000001   Data   RW          909    .data               irq.o
    0x200011a5   COMPRESSED   0x00000003   PAD
    0x200011a8   COMPRESSED   0x00000004   Data   RW          926    .data               kservice.o
    0x200011ac   COMPRESSED   0x00000018   Data   RW          942    .data               mem.o
    0x200011c4   COMPRESSED   0x00000080   Data   RW          977    .data               object.o
    0x20001244   COMPRESSED   0x00000014   Data   RW          995    .data               scheduler.o
    0x20001258   COMPRESSED   0x0000000c   Data   RW         1036    .data               timer_1.o
    0x20001264   COMPRESSED   0x00000004   Data   RW         1057    .data               cpuport.o
    0x20001268   COMPRESSED   0x00000004   Data   RW         1058    .data               cpuport.o
    0x2000126c   COMPRESSED   0x00000004   Data   RW         1059    .data               cpuport.o
    0x20001270   COMPRESSED   0x00000004   Data   RW         1060    .data               cpuport.o
    0x20001274   COMPRESSED   0x0000000c   Data   RW         1095    .data               ff.o
    0x20001280   COMPRESSED   0x00000008   Data   RW         1139    .data               g4.o
    0x20001288   COMPRESSED   0x00000024   Data   RW         1161    .data               web.o
    0x200012ac   COMPRESSED   0x00000004   Data   RW         1165    .data               web.o
    0x200012b0   COMPRESSED   0x00000008   Data   RW         1203    .data               handle.o
    0x200012b8   COMPRESSED   0x0000000c   Data   RW         1249    .data               cjson.o
    0x200012c4   COMPRESSED   0x00000004   Data   RW         1326    .data               as60.o
    0x200012c8   COMPRESSED   0x00000008   Data   RW         1327    .data               as60.o
    0x200012d0   COMPRESSED   0x00000004   Data   RW         1344    .data               play.o
    0x200012d4   COMPRESSED   0x00000004   Data   RW         1778    .data               mc_w.l(stdout.o)
    0x200012d8   COMPRESSED   0x00000004   Data   RW         1792    .data               mc_w.l(errno.o)
    0x200012dc        -       0x00001000   Zero   RW          404    .bss                board.o
    0x200022dc        -       0x00000090   Zero   RW          526    .bss                main.o
    0x2000236c        -       0x000000c8   Zero   RW          593    .bss                bsp_usart.o
    0x20002434        -       0x00000320   Zero   RW          684    .bss                usart2.o
    0x20002754        -       0x0000000c   Zero   RW          751    .bss                handle_as608.o
    0x20002760        -       0x000000c8   Zero   RW          768    .bss                handle_code.o
    0x20002828        -       0x00002054   Zero   RW          812    .bss                handle_flash.o
    0x2000487c        -       0x00000180   Zero   RW          876    .bss                idle.o
    0x200049fc        -       0x00000080   Zero   RW          924    .bss                kservice.o
    0x20004a7c        -       0x00000020   Zero   RW          941    .bss                mem.o
    0x20004a9c        -       0x00000040   Zero   RW          994    .bss                scheduler.o
    0x20004adc        -       0x00000200   Zero   RW         1093    .bss                ff.o
    0x20004cdc        -       0x0000129e   Zero   RW         1138    .bss                g4.o
    0x20005f7a        -       0x00000800   Zero   RW         1158    .bss                web.o
    0x2000677a        -       0x00000400   Zero   RW         1325    .bss                as60.o
    0x20006b7a        -       0x000000c0   Zero   RW         1360    .bss                aes.o
    0x20006c3a   COMPRESSED   0x00000006   PAD
    0x20006c40        -       0x00000400   Zero   RW            1    STACK               startup_stm32f10x_hd.o


==============================================================================

Image component sizes


      Code (inc. data)   RO Data    RW Data    ZI Data      Debug   Object Name

       784         18        512          0        192       5079   aes.o
      1064        122          0         12       1024       5861   as60.o
      2460        656          0          4          0      10506   as608.o
       280         76          0          0          0       2235   as60test.o
       748          4         66          0          0       3699   base64.o
        56          6          0          0          0        540   beep.o
       244         20          0          0       4096      26898   board.o
        40          0          0          0          0       1123   bsp_key.o
        96          4          0          0          0        562   bsp_led.o
      1284        124          0          4          0       5808   bsp_spi_flash.o
       500         18          0          2        200       4592   bsp_usart.o
       164         18     176320          0          0       2481   cc936.o
      5946        178          7         12          0      27256   cjson.o
       104          4          0          4          0       1616   clock.o
       180         22         16          0          0       2674   components.o
       240         26          0          0          0        804   context_rvds.o
         0          0          0          0          0       4508   core_cm3.o
       588        340          0         16          0       3267   cpuport.o
       164         10        544          0          0       2070   crc.o
       152         14          0          4          0       1127   delay.o
       228          4          0          0          0       4190   diskio.o
      9836        134         58         12        512      35986   ff.o
      1972        296          0          8       4766       9302   g4.o
         0          0          0          8          0        441   handle.o
      2132        944          0         12         12       3959   handle_as608.o
      1168        406          0         28        200       6027   handle_code.o
       632        308          0       4408       8276       1953   handle_flash.o
       212         20          0          0        384       4378   idle.o
      3054          0          0          0          0      19799   ipc.o
        56          6          0          1          0       1514   irq.o
       472         22          0          0          0       1531   key.o
      1936        164        290          4        128      11264   kservice.o
       540        308          0          4        144       3129   main.o
       976        152          0         24         32       4408   mem.o
       184         12          0          0          0       2009   misc.o
       202          0          0          0          0       2246   myaes.o
       352          4          0        128          0       6219   object.o
         0          0          0          4          0        290   play.o
       404         12          0         20         64       5964   scheduler.o
      1464         32        128          0          0       5832   sm4.o
        36          8        304          0       1024        880   startup_stm32f10x_hd.o
       664         36          0          0          0       6293   stm32f10x_gpio.o
       756         32          0         20          0       9444   stm32f10x_rcc.o
       692         12          0          0          0       7226   stm32f10x_spi.o
      3114         84          0          0          0      25184   stm32f10x_tim.o
       924         20          0          0          0       9252   stm32f10x_usart.o
       372         34          0         20          0     257479   system_stm32f10x.o
      1026         12          0          0          0       8985   thread.o
       148         10          0          0          0        876   timer.o
       712          4          0         12          0       7817   timer_1.o
       364         28          0          2        800       2198   usart2.o
      3424        784       1024         40       2048       7821   web.o

    ----------------------------------------------------------------------
     53156       5548     179308       4820      23908     586602   Object Totals
         0          0         32          0          0          0   (incl. Generated)
        10          0          7          7          6          0   (incl. Padding)

    ----------------------------------------------------------------------

      Code (inc. data)   RO Data    RW Data    ZI Data      Debug   Library Member Name

        62         10          0          0          0        340   dunder.o
       220         16          0          0          0         84   floor.o
        40          0          0          0          0         68   fpclassify.o
       170          0          0          0          0         96   poly.o
      2520        190        136          0          0        324   pow.o
         0          0          8          0          0          0   qnan.o
        76          0          0          0          0         84   sqrt.o
        86          0          0          0          0          0   __dczerorl2.o
         0          0          0          0          0          0   entry.o
         0          0          0          0          0          0   entry10a.o
         0          0          0          0          0          0   entry11a.o
         8          4          0          0          0          0   entry2.o
         4          0          0          0          0          0   entry5.o
         0          0          0          0          0          0   entry7b.o
         0          0          0          0          0          0   entry8b.o
         8          4          0          0          0          0   entry9a.o
        12          6          0          4          0         68   errno.o
        30          0          0          0          0          0   handlers.o
        36          8          0          0          0         68   init.o
         0          0          0          0          0          0   iusefp.o
        30          0          0          0          0         68   llshl.o
        36          0          0          0          0         68   llsshr.o
        32          0          0          0          0         68   llushr.o
        36          0          0          0          0         68   memcpya.o
        36          0          0          0          0        108   memseta.o
      2344        102          0          0          0        684   printfa.o
         0          0          0          4          0          0   stdout.o
        24          0          0          0          0         68   strcat.o
        20          0          0          0          0         68   strchr.o
        28          0          0          0          0         76   strcmp.o
        18          0          0          0          0         68   strcpy.o
        14          0          0          0          0         68   strlen.o
        30          0          0          0          0         80   strncmp.o
        36          0          0          0          0         80   strstr.o
        12          0          0          0          0         68   tolower.o
        44          0          0          0          0         80   uidiv.o
        98          0          0          0          0         92   uldiv.o
        48          0          0          0          0         68   cdcmple.o
        48          0          0          0          0         68   cdrcmple.o
       334          0          0          0          0        148   dadd.o
       222          0          0          0          0        100   ddiv.o
       186          0          0          0          0        176   depilogue.o
        62          0          0          0          0         80   dfixi.o
        48          0          0          0          0         68   dfixul.o
        34          0          0          0          0         76   dflti.o
        26          0          0          0          0         76   dfltui.o
       228          0          0          0          0         96   dmul.o
        46          0          0          0          0         80   dscalb.o
       162          0          0          0          0        100   dsqrt.o
        38          0          0          0          0         68   f2d.o

    ----------------------------------------------------------------------
      7600        340        144          8          0       4148   Library Totals
         8          0          0          0          0          0   (incl. Padding)

    ----------------------------------------------------------------------

      Code (inc. data)   RO Data    RW Data    ZI Data      Debug   Library Name

      3088        216        144          0          0        996   m_ws.l
      3022        124          0          8          0       1948   mc_w.l
      1482          0          0          0          0       1204   mf_w.l

    ----------------------------------------------------------------------
      7600        340        144          8          0       4148   Library Totals

    ----------------------------------------------------------------------

==============================================================================


      Code (inc. data)   RO Data    RW Data    ZI Data      Debug   

     60756       5888     179452       4828      23908     584118   Grand Totals
     60756       5888     179452        188      23908     584118   ELF Image Totals (compressed)
     60756       5888     179452        188          0          0   ROM Totals

==============================================================================

    Total RO  Size (Code + RO Data)               240208 ( 234.58kB)
    Total RW  Size (RW Data + ZI Data)             28736 (  28.06kB)
    Total ROM Size (Code + RO Data + RW Data)     240396 ( 234.76kB)

==============================================================================

